Archive member included to satisfy reference by file (symbol)

app/libapp.a(flash.c.obj)     (--whole-archive)
app/libapp.a(main.c.obj)      (--whole-archive)
zephyr/libzephyr.a(validate_libc.c.obj)
                              (--whole-archive)
zephyr/libzephyr.a(heap.c.obj)
                              (--whole-archive)
zephyr/libzephyr.a(cbprintf_packaged.c.obj)
                              (--whole-archive)
zephyr/libzephyr.a(clock.c.obj)
                              (--whole-archive)
zephyr/libzephyr.a(printk.c.obj)
                              (--whole-archive)
zephyr/libzephyr.a(sem.c.obj)
                              (--whole-archive)
zephyr/libzephyr.a(thread_entry.c.obj)
                              (--whole-archive)
zephyr/libzephyr.a(cbprintf_complete.c.obj)
                              (--whole-archive)
zephyr/libzephyr.a(assert.c.obj)
                              (--whole-archive)
zephyr/libzephyr.a(dec.c.obj)
                              (--whole-archive)
zephyr/libzephyr.a(hex.c.obj)
                              (--whole-archive)
zephyr/libzephyr.a(rb.c.obj)  (--whole-archive)
zephyr/libzephyr.a(timeutil.c.obj)
                              (--whole-archive)
zephyr/libzephyr.a(bitarray.c.obj)
                              (--whole-archive)
zephyr/libzephyr.a(bitmask.c.obj)
                              (--whole-archive)
zephyr/libzephyr.a(getopt.c.obj)
                              (--whole-archive)
zephyr/libzephyr.a(getopt_common.c.obj)
                              (--whole-archive)
zephyr/libzephyr.a(ring_buffer.c.obj)
                              (--whole-archive)
zephyr/libzephyr.a(last_section_id.c.obj)
                              (--whole-archive)
zephyr/libzephyr.a(configs.c.obj)
                              (--whole-archive)
zephyr/libzephyr.a(stm32cube_hal.c.obj)
                              (--whole-archive)
zephyr/libzephyr.a(soc_config.c.obj)
                              (--whole-archive)
zephyr/libzephyr.a(stm32_backup_domain.c.obj)
                              (--whole-archive)
zephyr/libzephyr.a(soc.c.obj)
                              (--whole-archive)
zephyr/libzephyr.a(power.c.obj)
                              (--whole-archive)
zephyr/libzephyr.a(log_core.c.obj)
                              (--whole-archive)
zephyr/libzephyr.a(log_mgmt.c.obj)
                              (--whole-archive)
zephyr/libzephyr.a(log_cache.c.obj)
                              (--whole-archive)
zephyr/libzephyr.a(log_msg.c.obj)
                              (--whole-archive)
zephyr/libzephyr.a(log_output.c.obj)
                              (--whole-archive)
zephyr/libzephyr.a(log_backend_uart.c.obj)
                              (--whole-archive)
zephyr/libzephyr.a(mem_attr.c.obj)
                              (--whole-archive)
zephyr/libzephyr.a(pm.c.obj)  (--whole-archive)
zephyr/libzephyr.a(state.c.obj)
                              (--whole-archive)
zephyr/libzephyr.a(policy_events.c.obj)
                              (--whole-archive)
zephyr/libzephyr.a(policy_latency.c.obj)
                              (--whole-archive)
zephyr/libzephyr.a(policy_state_lock.c.obj)
                              (--whole-archive)
zephyr/libzephyr.a(policy_default.c.obj)
                              (--whole-archive)
zephyr/libzephyr.a(device.c.obj)
                              (--whole-archive)
zephyr/libzephyr.a(device_runtime.c.obj)
                              (--whole-archive)
zephyr/libzephyr.a(tracing_none.c.obj)
                              (--whole-archive)
zephyr/libzephyr.a(flash_util.c.obj)
                              (--whole-archive)
zephyr/arch/common/libarch__common.a(sw_isr_common.c.obj)
                              (--whole-archive)
zephyr/arch/common/libarch__common.a(init.c.obj)
                              (--whole-archive)
zephyr/arch/common/libarch__common.a(xip.c.obj)
                              (--whole-archive)
zephyr/arch/arch/arm/core/libarch__arm__core.a(fatal.c.obj)
                              (--whole-archive)
zephyr/arch/arch/arm/core/libarch__arm__core.a(nmi.c.obj)
                              (--whole-archive)
zephyr/arch/arch/arm/core/libarch__arm__core.a(nmi_on_reset.S.obj)
                              (--whole-archive)
zephyr/arch/arch/arm/core/libarch__arm__core.a(tls.c.obj)
                              (--whole-archive)
zephyr/arch/arch/arm/core/cortex_m/libarch__arm__core__cortex_m.a(exc_exit.c.obj)
                              (--whole-archive)
zephyr/arch/arch/arm/core/cortex_m/libarch__arm__core__cortex_m.a(fault.c.obj)
                              (--whole-archive)
zephyr/arch/arch/arm/core/cortex_m/libarch__arm__core__cortex_m.a(fault_s.S.obj)
                              (--whole-archive)
zephyr/arch/arch/arm/core/cortex_m/libarch__arm__core__cortex_m.a(fpu.c.obj)
                              (--whole-archive)
zephyr/arch/arch/arm/core/cortex_m/libarch__arm__core__cortex_m.a(reset.S.obj)
[...]
Memory Configuration

Name             Origin             Length             Attributes
FLASH            0x0000000008000000 0x0000000000100000 xr
RAM              0x0000000020000000 0x0000000000018000 xw
SRAM0            0x0000000020000000 0x0000000000018000 rw
SRAM1            0x0000000010000000 0x0000000000008000 rw
IDT_LIST         0x00000000ffff7fff 0x0000000000008000 xw
*default*        0x0000000000000000 0xffffffffffffffff

Linker script and memory map

                0x000000000800871c                vfprintf = __l_vfprintf
                0x0000000000000000                vfscanf = __l_vfscanf
LOAD zephyr/CMakeFiles/zephyr_pre0.dir/misc/empty_file.c.obj
LOAD zephyr/CMakeFiles/offsets.dir/./arch/arm/core/offsets/offsets.c.obj
LOAD app/libapp.a
LOAD zephyr/libzephyr.a
LOAD zephyr/arch/common/libarch__common.a
LOAD zephyr/arch/arch/arm/core/libarch__arm__core.a
LOAD zephyr/arch/arch/arm/core/cortex_m/libarch__arm__core__cortex_m.a
LOAD zephyr/arch/arch/arm/core/mpu/libarch__arm__core__mpu.a
LOAD zephyr/lib/libc/picolibc/liblib__libc__picolibc.a
LOAD zephyr/lib/libc/common/liblib__libc__common.a
LOAD zephyr/lib/posix/c_lib_ext/liblib__posix__c_lib_ext.a
LOAD zephyr/drivers/interrupt_controller/libdrivers__interrupt_controller.a
LOAD zephyr/drivers/clock_control/libdrivers__clock_control.a
LOAD zephyr/drivers/console/libdrivers__console.a
LOAD zephyr/drivers/flash/libdrivers__flash.a
LOAD zephyr/drivers/gpio/libdrivers__gpio.a
LOAD zephyr/drivers/pinctrl/libdrivers__pinctrl.a
LOAD zephyr/drivers/reset/libdrivers__reset.a
LOAD zephyr/drivers/serial/libdrivers__serial.a
LOAD zephyr/drivers/spi/libdrivers__spi.a
LOAD zephyr/drivers/timer/libdrivers__timer.a
LOAD modules/hal_stm32/stm32cube/lib..__modules__hal__stm32__stm32cube.a
LOAD zephyr/kernel/libkernel.a
LOAD zephyr/arch/common/libisr_tables.a
LOAD c:\users\michaeldesrosiers\zephyr-sdk-0.17.4\arm-zephyr-eabi\bin\../lib/gcc/../../picolibc/arm-zephyr-eabi/lib/thumb/v7e-m/nofp\libc.a
LOAD c:/users/michaeldesrosiers/zephyr-sdk-0.17.4/arm-zephyr-eabi/bin/../lib/gcc/arm-zephyr-eabi/12.2.0/thumb/v7e-m/nofp\libgcc.a
                0x0000000000000020                _region_min_align = 0x20

.rel.plt        0x0000000008000000        0x0
 *(SORT_BY_ALIGNMENT(.rel.plt))
                [!provide]                        PROVIDE (__rel_iplt_start = .)
 *(SORT_BY_ALIGNMENT(.rel.iplt))
 .rel.iplt      0x0000000008000000        0x0 app/libapp.a(main.c.obj)
                [!provide]                        PROVIDE (__rel_iplt_end = .)

.rela.plt       0x0000000000000000        0x0
 *(SORT_BY_ALIGNMENT(.rela.plt))
                [!provide]                        PROVIDE (__rela_iplt_start = .)
 *(SORT_BY_ALIGNMENT(.rela.iplt))
                [!provide]                        PROVIDE (__rela_iplt_end = .)

.rel.dyn
 *(SORT_BY_ALIGNMENT(.rel.*))

.rela.dyn
 *(SORT_BY_ALIGNMENT(.rela.*))

/DISCARD/
 *(SORT_BY_ALIGNMENT(.plt))

/DISCARD/
 *(SORT_BY_ALIGNMENT(.iplt))
                0x0000000008000000                __rom_region_start = 0x8000000

rom_start       0x0000000008000000      0x188
                0x0000000008000000                __rom_start_address = .
 FILL mask 0x00
                0x0000000008000000                . = (. + (0x0 - (. - __rom_start_address)))
                0x0000000008000000                . = ALIGN (0x4)
                0x0000000008000000                . = ALIGN (0x80)
                0x0000000008000000                . = ALIGN (0x200)
                0x0000000008000000                _vector_start = .
 *(SORT_BY_ALIGNMENT(.exc_vector_table))
 *(SORT_BY_ALIGNMENT(.exc_vector_table.*))
 .exc_vector_table._vector_table_section
                0x0000000008000000       0x40 zephyr/arch/arch/arm/core/cortex_m/libarch__arm__core__cortex_m.a(vector_table.S.obj)
                0x0000000008000000                _vector_table
 *(SORT_BY_ALIGNMENT(.vectors))
                0x0000000008000188                _vector_end = .
                0x0000000008000040                . = ALIGN (0x4)
 *(SORT_BY_ALIGNMENT(.gnu.linkonce.irq_vector_table*))
 .gnu.linkonce.irq_vector_table
                0x0000000008000040      0x148 zephyr/arch/common/libisr_tables.a(isr_tables.c.obj)
                0x0000000008000040                _irq_vector_table
                0x0000000008000188                _vector_end = .

text            0x0000000008000188     0xa44c
                0x0000000008000188                __text_region_start = .
 *(SORT_BY_ALIGNMENT(.text))
 .text          0x0000000008000188       0x30 c:/users/michaeldesrosiers/zephyr-sdk-0.17.4/arm-zephyr-eabi/bin/../lib/gcc/arm-zephyr-eabi/12.2.0/thumb/v7e-m/nofp\libgcc.a(_aeabi_uldivmod.o)
                0x0000000008000188                __aeabi_uldivmod
 .text          0x00000000080001b8        0x4 c:/users/michaeldesrosiers/zephyr-sdk-0.17.4/arm-zephyr-eabi/bin/../lib/gcc/arm-zephyr-eabi/12.2.0/thumb/v7e-m/nofp\libgcc.a(_dvmd_tls.o)
                0x00000000080001b8                __aeabi_idiv0
                0x00000000080001b8                __aeabi_ldiv0
 .text          0x00000000080001bc       0x10 c:\users\michaeldesrosiers\zephyr-sdk-0.17.4\arm-zephyr-eabi\bin\../lib/gcc/../../picolibc/arm-zephyr-eabi/lib/thumb/v7e-m/nofp\libc.a(strlen.S.o)
                0x00000000080001bc                strlen
 .text          0x00000000080001cc      0x2a0 c:/users/michaeldesrosiers/zephyr-sdk-0.17.4/arm-zephyr-eabi/bin/../lib/gcc/arm-zephyr-eabi/12.2.0/thumb/v7e-m/nofp\libgcc.a(_udivmoddi4.o)
                0x00000000080001cc                __udivmoddi4
 *(SORT_BY_ALIGNMENT(.text.*))
 .text.gpio_pin_configure_dt.constprop.0
                0x000000000800046c       0xbc app/libapp.a(main.c.obj)
 .text.gpio_pin_set_dt.isra.0
                0x0000000008000528       0x64 app/libapp.a(main.c.obj)
 .text.SerialSleep
                0x000000000800058c       0x58 app/libapp.a(main.c.obj)
                0x000000000800058c                SerialSleep
 .text.SerialWake
                0x00000000080005e4       0x58 app/libapp.a(main.c.obj)
                0x00000000080005e4                SerialWake
 .text.main     0x000000000800063c      0x1d8 app/libapp.a(main.c.obj)
                0x000000000800063c                main
 .text.sys_heap_init
                0x0000000008000814      0x11c zephyr/libzephyr.a(heap.c.obj)
                0x0000000008000814                sys_heap_init
 .text.cbvprintf_package
                0x0000000008000930      0x438 zephyr/libzephyr.a(cbprintf_packaged.c.obj)
                0x0000000008000930                cbvprintf_package
 .text.__printk_hook_install
                0x0000000008000d68        0xc zephyr/libzephyr.a(printk.c.obj)
                0x0000000008000d68                __printk_hook_install
 .text.z_thread_entry
                0x0000000008000d74       0x6c zephyr/libzephyr.a(thread_entry.c.obj)
                0x0000000008000d74                z_thread_entry
 .text.st_stm32_common_config
                0x0000000008000de0       0x14 zephyr/libzephyr.a(soc_config.c.obj)
 .text.z_log_msg_runtime_create.constprop.0
                0x0000000008000df4       0x24 zephyr/libzephyr.a(stm32_backup_domain.c.obj)
 .text.stm32_backup_domain_enable_access
                0x0000000008000e18       0xa8 zephyr/libzephyr.a(stm32_backup_domain.c.obj)
                0x0000000008000e18                stm32_backup_domain_enable_access
 .text.stm32_backup_domain_disable_access
                0x0000000008000ec0       0xe8 zephyr/libzephyr.a(stm32_backup_domain.c.obj)
                0x0000000008000ec0                stm32_backup_domain_disable_access
 .text.soc_early_init_hook
                0x0000000008000fa8       0x30 zephyr/libzephyr.a(soc.c.obj)
                0x0000000008000fa8                soc_early_init_hook
 .text.LL_PWR_SetPowerMode
                0x0000000008000fd8       0x14 zephyr/libzephyr.a(power.c.obj)
 .text.set_mode_stop
                0x0000000008000fec       0x2c zephyr/libzephyr.a(power.c.obj)
                0x0000000008000fec                set_mode_stop
 .text.pm_state_set
                0x0000000008001018       0x48 zephyr/libzephyr.a(power.c.obj)
                0x0000000008001018                pm_state_set
 .text.pm_state_exit_post_ops
                0x0000000008001060       0x34 zephyr/libzephyr.a(power.c.obj)
                0x0000000008001060                pm_state_exit_post_ops
 .text.stm32_power_init
                0x0000000008001094       0x20 zephyr/libzephyr.a(power.c.obj)
                0x0000000008001094                stm32_power_init
 .text.z_log_init.isra.0
                0x00000000080010b4      0x128 zephyr/libzephyr.a(log_core.c.obj)
 .text.log_format_func_t_get
                0x00000000080011dc        0xc zephyr/libzephyr.a(log_core.c.obj)
                0x00000000080011dc                log_format_func_t_get
 .text.log_set_timestamp_func
                0x00000000080011e8       0x20 zephyr/libzephyr.a(log_core.c.obj)
                0x00000000080011e8                log_set_timestamp_func
 .text.log_core_init
                0x0000000008001208       0x7c zephyr/libzephyr.a(log_core.c.obj)
                0x0000000008001208                log_core_init
 .text.z_impl_log_panic
                0x0000000008001284       0x6c zephyr/libzephyr.a(log_core.c.obj)
                0x0000000008001284                z_impl_log_panic
 .text.z_log_dropped
                0x00000000080012f0       0x30 zephyr/libzephyr.a(log_core.c.obj)
                0x00000000080012f0                z_log_dropped
 .text.z_log_msg_commit
                0x0000000008001320       0x68 zephyr/libzephyr.a(log_core.c.obj)
                0x0000000008001320                z_log_msg_commit
 .text.log_source_name_get
                0x0000000008001388       0x1c zephyr/libzephyr.a(log_mgmt.c.obj)
                0x0000000008001388                log_source_name_get
 .text.z_log_msg_runtime_vcreate
                0x00000000080013a4       0xec zephyr/libzephyr.a(log_msg.c.obj)
                0x00000000080013a4                z_log_msg_runtime_vcreate
 .text.log_msg_get_source_id
                0x0000000008001490       0x18 zephyr/libzephyr.a(log_msg.c.obj)
                0x0000000008001490                log_msg_get_source_id
 .text.print_formatted
                0x00000000080014a8       0x24 zephyr/libzephyr.a(log_output.c.obj)
 .text.newline_print
                0x00000000080014cc       0x1c zephyr/libzephyr.a(log_output.c.obj)
 .text.log_output_process
                0x00000000080014e8      0x324 zephyr/libzephyr.a(log_output.c.obj)
                0x00000000080014e8                log_output_process
 .text.log_output_timestamp_freq_set
                0x000000000800180c       0x2c zephyr/libzephyr.a(log_output.c.obj)
                0x000000000800180c                log_output_timestamp_freq_set
 .text.panic    0x0000000008001838       0x3c zephyr/libzephyr.a(log_backend_uart.c.obj)
 .text.char_out
                0x0000000008001874       0x38 zephyr/libzephyr.a(log_backend_uart.c.obj)
 .text.log_backend_uart_init
                0x00000000080018ac       0x3c zephyr/libzephyr.a(log_backend_uart.c.obj)
 .text.mem_attr_get_regions
                0x00000000080018e8        0xc zephyr/libzephyr.a(mem_attr.c.obj)
                0x00000000080018e8                mem_attr_get_regions
 .text.pm_state_notify
                0x00000000080018f4       0xb8 zephyr/libzephyr.a(pm.c.obj)
 .text.pm_system_resume
                0x00000000080019ac       0x44 zephyr/libzephyr.a(pm.c.obj)
                0x00000000080019ac                pm_system_resume
 .text.pm_system_suspend
                0x00000000080019f0      0x188 zephyr/libzephyr.a(pm.c.obj)
                0x00000000080019f0                pm_system_suspend
 .text.pm_state_cpu_get_all
                0x0000000008001b78       0x20 zephyr/libzephyr.a(state.c.obj)
                0x0000000008001b78                pm_state_cpu_get_all
 .text.pm_policy_next_event_ticks
                0x0000000008001b98       0xb0 zephyr/libzephyr.a(policy_events.c.obj)
                0x0000000008001b98                pm_policy_next_event_ticks
 .text.pm_policy_latency_changed_subscribe
                0x0000000008001c48       0xa4 zephyr/libzephyr.a(policy_latency.c.obj)
                0x0000000008001c48                pm_policy_latency_changed_subscribe
 .text.pm_policy_latency_update_locked
                0x0000000008001cec       0x18 zephyr/libzephyr.a(policy_state_lock.c.obj)
 .text.pm_policy_latency_init
                0x0000000008001d04       0x18 zephyr/libzephyr.a(policy_state_lock.c.obj)
 .text.pm_policy_state_lock_get
                0x0000000008001d1c       0xd4 zephyr/libzephyr.a(policy_state_lock.c.obj)
                0x0000000008001d1c                pm_policy_state_lock_get
 .text.pm_policy_state_lock_put
                0x0000000008001df0       0xf8 zephyr/libzephyr.a(policy_state_lock.c.obj)
                0x0000000008001df0                pm_policy_state_lock_put
 .text.pm_policy_state_is_available
                0x0000000008001ee8       0x5c zephyr/libzephyr.a(policy_state_lock.c.obj)
                0x0000000008001ee8                pm_policy_state_is_available
 .text.pm_policy_state_any_active
                0x0000000008001f44       0x34 zephyr/libzephyr.a(policy_state_lock.c.obj)
                0x0000000008001f44                pm_policy_state_any_active
 .text.k_is_pre_kernel
                0x0000000008001f78       0x10 zephyr/libzephyr.a(device_runtime.c.obj)
 .text.z_log_msg_runtime_create.constprop.0
                0x0000000008001f88       0x24 zephyr/libzephyr.a(device_runtime.c.obj)
 .text.pm_device_runtime_put
                0x0000000008001fac       0xb4 zephyr/libzephyr.a(device_runtime.c.obj)
                0x0000000008001fac                pm_device_runtime_put
 .text.pm_device_runtime_get
                0x0000000008002060      0x210 zephyr/libzephyr.a(device_runtime.c.obj)
                0x0000000008002060                pm_device_runtime_get
 .text.runtime_suspend
                0x0000000008002270       0xe4 zephyr/libzephyr.a(device_runtime.c.obj)
 .text.runtime_suspend_work
                0x0000000008002354       0xac zephyr/libzephyr.a(device_runtime.c.obj)
 .text.pm_device_runtime_put_async
                0x0000000008002400       0xb0 zephyr/libzephyr.a(device_runtime.c.obj)
                0x0000000008002400                pm_device_runtime_put_async
 .text.pm_device_runtime_enable
                0x00000000080024b0      0x168 zephyr/libzephyr.a(device_runtime.c.obj)
                0x00000000080024b0                pm_device_runtime_enable
 .text.arch_bss_zero
                0x0000000008002618       0x18 zephyr/arch/common/libarch__common.a(init.c.obj)
                0x0000000008002618                arch_bss_zero
 .text.arch_data_copy
                0x0000000008002630       0x38 zephyr/arch/common/libarch__common.a(xip.c.obj)
                0x0000000008002630                arch_data_copy
 .text.z_arm_fatal_error
                0x0000000008002668       0xc4 zephyr/arch/arch/arm/core/libarch__arm__core.a(fatal.c.obj)
                0x0000000008002668                z_arm_fatal_error
 .text.z_SysNmiOnReset
                0x000000000800272c        0x8 zephyr/arch/arch/arm/core/libarch__arm__core.a(nmi_on_reset.S.obj)
                0x000000000800272c                z_SysNmiOnReset
 .text.arch_tls_stack_setup
                0x0000000008002734       0x40 zephyr/arch/arch/arm/core/libarch__arm__core.a(tls.c.obj)
                0x0000000008002734                arch_tls_stack_setup
 .text._HandlerModeExit
                0x0000000008002774       0x20 zephyr/arch/arch/arm/core/cortex_m/libarch__arm__core__cortex_m.a(exc_exit.c.obj)
                0x0000000008002774                z_arm_int_exit
                0x0000000008002774                z_arm_exc_exit
 .text.bus_fault.constprop.0
                0x0000000008002794      0x13c zephyr/arch/arch/arm/core/cortex_m/libarch__arm__core__cortex_m.a(fault.c.obj)
 .text.usage_fault.constprop.0
                0x00000000080028d0      0x108 zephyr/arch/arch/arm/core/cortex_m/libarch__arm__core__cortex_m.a(fault.c.obj)
 .text.mem_manage_fault
                0x00000000080029d8      0x198 zephyr/arch/arch/arm/core/cortex_m/libarch__arm__core__cortex_m.a(fault.c.obj)
 .text.z_arm_fault
                0x0000000008002b70      0x278 zephyr/arch/arch/arm/core/cortex_m/libarch__arm__core__cortex_m.a(fault.c.obj)
                0x0000000008002b70                z_arm_fault
 .text.z_arm_fault_init
                0x0000000008002de8       0x18 zephyr/arch/arch/arm/core/cortex_m/libarch__arm__core__cortex_m.a(fault.c.obj)
                0x0000000008002de8                z_arm_fault_init
 .text.__fault  0x0000000008002e00       0x14 zephyr/arch/arch/arm/core/cortex_m/libarch__arm__core__cortex_m.a(fault_s.S.obj)
                0x0000000008002e00                z_arm_usage_fault
                0x0000000008002e00                z_arm_mpu_fault
                0x0000000008002e00                z_arm_exc_spurious
                0x0000000008002e00                z_arm_debug_monitor
                0x0000000008002e00                z_arm_hard_fault
                0x0000000008002e00                z_arm_bus_fault
 .text._reset_section
                0x0000000008002e14       0x34 zephyr/arch/arch/arm/core/cortex_m/libarch__arm__core__cortex_m.a(reset.S.obj)
                0x0000000008002e14                __start
                0x0000000008002e14                z_arm_reset
 .text.z_impl_k_thread_abort
                0x0000000008002e48       0x2c zephyr/arch/arch/arm/core/cortex_m/libarch__arm__core__cortex_m.a(thread_abort.c.obj)
                0x0000000008002e48                z_impl_k_thread_abort
 .text.z_arm_pendsv
                0x0000000008002e74       0x64 zephyr/arch/arch/arm/core/cortex_m/libarch__arm__core__cortex_m.a(swap_helper.S.obj)
                0x0000000008002e74                z_arm_pendsv
 .text.z_arm_svc
                0x0000000008002ed8       0x24 zephyr/arch/arch/arm/core/cortex_m/libarch__arm__core__cortex_m.a(swap_helper.S.obj)
                0x0000000008002ed8                z_arm_svc
 .text.arm_irq_enable
                0x0000000008002efc       0x1c zephyr/arch/arch/arm/core/cortex_m/libarch__arm__core__cortex_m.a(irq_manage.c.obj)
                0x0000000008002efc                arm_irq_enable
 .text.arm_irq_priority_set
                0x0000000008002f18       0x68 zephyr/arch/arch/arm/core/cortex_m/libarch__arm__core__cortex_m.a(irq_manage.c.obj)
                0x0000000008002f18                arm_irq_priority_set
 .text.relocate_vector_table
                0x0000000008002f80       0x1c zephyr/arch/arch/arm/core/cortex_m/libarch__arm__core__cortex_m.a(prep_c.c.obj)
                0x0000000008002f80                relocate_vector_table
 .text.z_prep_c
                0x0000000008002f9c       0x38 zephyr/arch/arch/arm/core/cortex_m/libarch__arm__core__cortex_m.a(prep_c.c.obj)
                0x0000000008002f9c                z_prep_c
 .text.arch_new_thread
                0x0000000008002fd4       0x38 zephyr/arch/arch/arm/core/cortex_m/libarch__arm__core__cortex_m.a(thread.c.obj)
                0x0000000008002fd4                arch_new_thread
 .text.z_check_thread_stack_fail
                0x000000000800300c       0x2c zephyr/arch/arch/arm/core/cortex_m/libarch__arm__core__cortex_m.a(thread.c.obj)
                0x000000000800300c                z_check_thread_stack_fail
 .text.arch_switch_to_main_thread
                0x0000000008003038       0x40 zephyr/arch/arch/arm/core/cortex_m/libarch__arm__core__cortex_m.a(thread.c.obj)
                0x0000000008003038                arch_switch_to_main_thread
 .text.z_arm_cpu_idle_init
                0x0000000008003078        0xc zephyr/arch/arch/arm/core/cortex_m/libarch__arm__core__cortex_m.a(cpu_idle.c.obj)
                0x0000000008003078                z_arm_cpu_idle_init
 .text.z_arm_interrupt_init
                0x0000000008003084       0x18 zephyr/arch/arch/arm/core/cortex_m/libarch__arm__core__cortex_m.a(irq_init.c.obj)
                0x0000000008003084                z_arm_interrupt_init
 .text._isr_wrapper
                0x000000000800309c       0x4c zephyr/arch/arch/arm/core/cortex_m/libarch__arm__core__cortex_m.a(isr_wrapper.c.obj)
                0x000000000800309c                _isr_wrapper
 .text.z_arm_configure_static_mpu_regions
                0x00000000080030e8       0x18 zephyr/arch/arch/arm/core/mpu/libarch__arm__core__mpu.a(arm_core_mpu.c.obj)
                0x00000000080030e8                z_arm_configure_static_mpu_regions
 .text.z_arm_configure_dynamic_mpu_regions
                0x0000000008003100       0x20 zephyr/arch/arch/arm/core/mpu/libarch__arm__core__mpu.a(arm_core_mpu.c.obj)
                0x0000000008003100                z_arm_configure_dynamic_mpu_regions
 .text.region_allocate_and_init
                0x0000000008003120       0x60 zephyr/arch/arch/arm/core/mpu/libarch__arm__core__mpu.a(arm_mpu.c.obj)
 .text.mpu_configure_regions
                0x0000000008003180       0x74 zephyr/arch/arch/arm/core/mpu/libarch__arm__core__mpu.a(arm_mpu.c.obj)
 .text.arm_core_mpu_enable
                0x00000000080031f4       0x18 zephyr/arch/arch/arm/core/mpu/libarch__arm__core__mpu.a(arm_mpu.c.obj)
                0x00000000080031f4                arm_core_mpu_enable
 .text.arm_core_mpu_disable
                0x000000000800320c       0x14 zephyr/arch/arch/arm/core/mpu/libarch__arm__core__mpu.a(arm_mpu.c.obj)
                0x000000000800320c                arm_core_mpu_disable
 .text.arm_core_mpu_configure_static_mpu_regions
                0x0000000008003220       0x4c zephyr/arch/arch/arm/core/mpu/libarch__arm__core__mpu.a(arm_mpu.c.obj)
                0x0000000008003220                arm_core_mpu_configure_static_mpu_regions
 .text.arm_core_mpu_configure_dynamic_mpu_regions
                0x000000000800326c       0x6c zephyr/arch/arch/arm/core/mpu/libarch__arm__core__mpu.a(arm_mpu.c.obj)
                0x000000000800326c                arm_core_mpu_configure_dynamic_mpu_regions
 .text.z_arm_mpu_init
                0x00000000080032d8      0x250 zephyr/arch/arch/arm/core/mpu/libarch__arm__core__mpu.a(arm_mpu.c.obj)
                0x00000000080032d8                z_arm_mpu_init
 .text.cbvprintf
                0x0000000008003528       0x38 zephyr/lib/libc/picolibc/liblib__libc__picolibc.a(cbprintf.c.obj)
                0x0000000008003528                cbvprintf
 .text.z_impl_zephyr_fputc
                0x0000000008003560       0x10 zephyr/lib/libc/picolibc/liblib__libc__picolibc.a(stdio.c.obj)
                0x0000000008003560                z_impl_zephyr_fputc
 .text.__stdout_hook_install
                0x0000000008003570       0x18 zephyr/lib/libc/picolibc/liblib__libc__picolibc.a(stdio.c.obj)
                0x0000000008003570                __stdout_hook_install
 .text.malloc_prepare
                0x0000000008003588       0x24 zephyr/lib/libc/common/liblib__libc__common.a(malloc.c.obj)
 .text.stm32_exti_enable_event
                0x00000000080035ac       0x68 zephyr/drivers/interrupt_controller/libdrivers__interrupt_controller.a(intc_exti_stm32.c.obj)
 .text.stm32_exti_enable_it
                0x0000000008003614       0x64 zephyr/drivers/interrupt_controller/libdrivers__interrupt_controller.a(intc_exti_stm32.c.obj)
 .text.stm32_exti_disable_it
                0x0000000008003678       0x68 zephyr/drivers/interrupt_controller/libdrivers__interrupt_controller.a(intc_exti_stm32.c.obj)
 .text.stm32_exti_disable_event
                0x00000000080036e0       0x6c zephyr/drivers/interrupt_controller/libdrivers__interrupt_controller.a(intc_exti_stm32.c.obj)
 .text.stm32_exti_enable_falling_trig
                0x000000000800374c       0x64 zephyr/drivers/interrupt_controller/libdrivers__interrupt_controller.a(intc_exti_stm32.c.obj)
 .text.stm32_exti_enable_rising_trig
                0x00000000080037b0       0x64 zephyr/drivers/interrupt_controller/libdrivers__interrupt_controller.a(intc_exti_stm32.c.obj)
 .text.stm32_exti_disable_rising_trig
                0x0000000008003814       0x68 zephyr/drivers/interrupt_controller/libdrivers__interrupt_controller.a(intc_exti_stm32.c.obj)
 .text.stm32_exti_disable_falling_trig
                0x000000000800387c       0x68 zephyr/drivers/interrupt_controller/libdrivers__interrupt_controller.a(intc_exti_stm32.c.obj)
 .text.stm32_exti_init
                0x00000000080038e4       0x58 zephyr/drivers/interrupt_controller/libdrivers__interrupt_controller.a(intc_exti_stm32.c.obj)
 .text.stm32_exti_is_pending
                0x000000000800393c       0x50 zephyr/drivers/interrupt_controller/libdrivers__interrupt_controller.a(intc_exti_stm32.c.obj)
                0x000000000800393c                stm32_exti_is_pending
 .text.stm32_exti_clear_pending
                0x000000000800398c       0x4c zephyr/drivers/interrupt_controller/libdrivers__interrupt_controller.a(intc_exti_stm32.c.obj)
                0x000000000800398c                stm32_exti_clear_pending
 .text.stm32_exti_enable
                0x00000000080039d8      0x104 zephyr/drivers/interrupt_controller/libdrivers__interrupt_controller.a(intc_exti_stm32.c.obj)
                0x00000000080039d8                stm32_exti_enable
 .text.stm32_fill_irq_table
                0x0000000008003adc       0x18 zephyr/drivers/interrupt_controller/libdrivers__interrupt_controller.a(intc_gpio_stm32.c.obj)
 .text.stm32_intc_gpio_isr
                0x0000000008003af4       0x4c zephyr/drivers/interrupt_controller/libdrivers__interrupt_controller.a(intc_gpio_stm32.c.obj)
 .text.stm32_gpio_intc_enable_line
                0x0000000008003b40       0x50 zephyr/drivers/interrupt_controller/libdrivers__interrupt_controller.a(intc_gpio_stm32.c.obj)
                0x0000000008003b40                stm32_gpio_intc_enable_line
 .text.stm32_gpio_intc_disable_line
                0x0000000008003b90       0x10 zephyr/drivers/interrupt_controller/libdrivers__interrupt_controller.a(intc_gpio_stm32.c.obj)
                0x0000000008003b90                stm32_gpio_intc_disable_line
 .text.stm32_gpio_intc_select_line_trigger
                0x0000000008003ba0       0x6c zephyr/drivers/interrupt_controller/libdrivers__interrupt_controller.a(intc_gpio_stm32.c.obj)
                0x0000000008003ba0                stm32_gpio_intc_select_line_trigger
 .text.stm32_gpio_intc_set_irq_callback
                0x0000000008003c0c       0x40 zephyr/drivers/interrupt_controller/libdrivers__interrupt_controller.a(intc_gpio_stm32.c.obj)
                0x0000000008003c0c                stm32_gpio_intc_set_irq_callback
 .text.stm32_gpio_intc_remove_irq_callback
                0x0000000008003c4c       0x24 zephyr/drivers/interrupt_controller/libdrivers__interrupt_controller.a(intc_gpio_stm32.c.obj)
                0x0000000008003c4c                stm32_gpio_intc_remove_irq_callback
 .text.stm32_exti_get_line_src_port
                0x0000000008003c70       0x34 zephyr/drivers/interrupt_controller/libdrivers__interrupt_controller.a(intc_gpio_stm32.c.obj)
                0x0000000008003c70                stm32_exti_get_line_src_port
 .text.LL_RCC_HSI_IsReady
                0x0000000008003ca4       0x10 zephyr/drivers/clock_control/libdrivers__clock_control.a(clock_stm32_ll_common.c.obj)
 .text.stm32_clock_control_get_subsys_rate
                0x0000000008003cb4       0xc4 zephyr/drivers/clock_control/libdrivers__clock_control.a(clock_stm32_ll_common.c.obj)
 .text.stm32_clock_control_init
                0x0000000008003d78      0x138 zephyr/drivers/clock_control/libdrivers__clock_control.a(clock_stm32_ll_common.c.obj)
                0x0000000008003d78                stm32_clock_control_init
 .text.get_pllsrc_frequency
                0x0000000008003eb0        0x8 zephyr/drivers/clock_control/libdrivers__clock_control.a(clock_stm32l4_l5_wb_wl.c.obj)
                0x0000000008003eb0                get_pllsrc_frequency
 .text.config_pll_sysclock
                0x0000000008003eb8       0x24 zephyr/drivers/clock_control/libdrivers__clock_control.a(clock_stm32l4_l5_wb_wl.c.obj)
                0x0000000008003eb8                config_pll_sysclock
 .text.config_enable_default_clocks
                0x0000000008003edc       0x20 zephyr/drivers/clock_control/libdrivers__clock_control.a(clock_stm32l4_l5_wb_wl.c.obj)
                0x0000000008003edc                config_enable_default_clocks
 .text.uart_console_init
                0x0000000008003efc       0x28 zephyr/drivers/console/libdrivers__console.a(uart_console.c.obj)
 .text.console_out
                0x0000000008003f24       0x3c zephyr/drivers/console/libdrivers__console.a(uart_console.c.obj)
 .text.flash_nor_get_parameters
                0x0000000008003f60        0x8 zephyr/drivers/flash/libdrivers__flash.a(spi_nor.c.obj)
 .text.spi_nor_init
                0x0000000008003f68       0x20 zephyr/drivers/flash/libdrivers__flash.a(spi_nor.c.obj)
 .text.spi_nor_erase
                0x0000000008003f88      0x13c zephyr/drivers/flash/libdrivers__flash.a(spi_nor.c.obj)
 .text.spi_nor_pm_control
                0x00000000080040c4      0x2bc zephyr/drivers/flash/libdrivers__flash.a(spi_nor.c.obj)
 .text.flash_stm32_get_parameters
                0x0000000008004380        0x8 zephyr/drivers/flash/libdrivers__flash.a(flash_stm32.c.obj)
 .text.flash_stm32_get_size
                0x0000000008004388       0x18 zephyr/drivers/flash/libdrivers__flash.a(flash_stm32.c.obj)
 .text.flash_stm32_read
                0x00000000080043a0       0x74 zephyr/drivers/flash/libdrivers__flash.a(flash_stm32.c.obj)
 .text.stm32_flash_init
                0x0000000008004414       0xf4 zephyr/drivers/flash/libdrivers__flash.a(flash_stm32.c.obj)
 .text.flash_stm32_wait_flash_idle
                0x0000000008004508       0xa4 zephyr/drivers/flash/libdrivers__flash.a(flash_stm32.c.obj)
                0x0000000008004508                flash_stm32_wait_flash_idle
 .text.flash_stm32_cr_lock
                0x00000000080045ac       0x80 zephyr/drivers/flash/libdrivers__flash.a(flash_stm32.c.obj)
                0x00000000080045ac                flash_stm32_cr_lock
 .text.flash_stm32_erase
                0x000000000800462c       0xcc zephyr/drivers/flash/libdrivers__flash.a(flash_stm32.c.obj)
 .text.flash_stm32_write
                0x00000000080046f8       0xb4 zephyr/drivers/flash/libdrivers__flash.a(flash_stm32.c.obj)
 .text.z_log_msg_runtime_create.constprop.0
                0x00000000080047ac       0x24 zephyr/drivers/flash/libdrivers__flash.a(flash_stm32l4x.c.obj)
 .text.flash_stm32_write_range
                0x00000000080047d0       0xd4 zephyr/drivers/flash/libdrivers__flash.a(flash_stm32l4x.c.obj)
                0x00000000080047d0                flash_stm32_write_range
 .text.flash_stm32_page_layout
                0x00000000080048a4       0x38 zephyr/drivers/flash/libdrivers__flash.a(flash_stm32l4x.c.obj)
                0x00000000080048a4                flash_stm32_page_layout
 .text.gpio_stm32_manage_callback
                0x00000000080048dc       0xa0 zephyr/drivers/gpio/libdrivers__gpio.a(gpio_stm32.c.obj)
 .text.gpio_stm32_pin_interrupt_configure
                0x000000000800497c       0xb0 zephyr/drivers/gpio/libdrivers__gpio.a(gpio_stm32.c.obj)
 .text.gpio_stm32_init
                0x0000000008004a2c       0x38 zephyr/drivers/gpio/libdrivers__gpio.a(gpio_stm32.c.obj)
 .text.gpio_stm32_isr
                0x0000000008004a64       0x58 zephyr/drivers/gpio/libdrivers__gpio.a(gpio_stm32.c.obj)
 .text.gpio_stm32_pm_action
                0x0000000008004abc       0x38 zephyr/drivers/gpio/libdrivers__gpio.a(gpio_stm32.c.obj)
 .text.pinctrl_configure_pins
                0x0000000008004af4       0xb0 zephyr/drivers/pinctrl/libdrivers__pinctrl.a(pinctrl_stm32.c.obj)
                0x0000000008004af4                pinctrl_configure_pins
 .text.uart_stm32_set_baudrate
                0x0000000008004ba4       0xc4 zephyr/drivers/serial/libdrivers__serial.a(uart_stm32.c.obj)
 .text.uart_stm32_parameters_set
                0x0000000008004c68      0x140 zephyr/drivers/serial/libdrivers__serial.a(uart_stm32.c.obj)
 .text.uart_stm32_registers_configure
                0x0000000008004da8      0x188 zephyr/drivers/serial/libdrivers__serial.a(uart_stm32.c.obj)
 .text.uart_stm32_init
                0x0000000008004f30       0x8c zephyr/drivers/serial/libdrivers__serial.a(uart_stm32.c.obj)
 .text.uart_stm32_configure
                0x0000000008004fbc      0x154 zephyr/drivers/serial/libdrivers__serial.a(uart_stm32.c.obj)
 .text.uart_stm32_pm_action
                0x0000000008005110       0xbc zephyr/drivers/serial/libdrivers__serial.a(uart_stm32.c.obj)
 .text.spi_stm32_get_err
                0x00000000080051cc       0x50 zephyr/drivers/spi/libdrivers__spi.a(spi_stm32.c.obj)
 .text.gpio_pin_set_dt.isra.0
                0x000000000800521c       0x64 zephyr/drivers/spi/libdrivers__spi.a(spi_stm32.c.obj)
 .text.spi_stm32_pm_action
                0x0000000008005280      0x1a8 zephyr/drivers/spi/libdrivers__spi.a(spi_stm32.c.obj)
 .text.spi_stm32_init
                0x0000000008005428       0x54 zephyr/drivers/spi/libdrivers__spi.a(spi_stm32.c.obj)
 .text.spi_stm32_transceive
                0x000000000800547c      0x448 zephyr/drivers/spi/libdrivers__spi.a(spi_stm32.c.obj)
 .text.z_clock_lptim_getcounter
                0x00000000080058c4       0x18 zephyr/drivers/timer/libdrivers__timer.a(stm32_lptim_timer.c.obj)
 .text.lptim_set_autoreload
                0x00000000080058dc       0x3c zephyr/drivers/timer/libdrivers__timer.a(stm32_lptim_timer.c.obj)
 .text.sys_clock_driver_init
                0x0000000008005918      0x148 zephyr/drivers/timer/libdrivers__timer.a(stm32_lptim_timer.c.obj)
 .text.arrm_state_get
                0x0000000008005a60       0x18 zephyr/drivers/timer/libdrivers__timer.a(stm32_lptim_timer.c.obj)
 .text.sys_clock_lp_time_get
                0x0000000008005a78       0x30 zephyr/drivers/timer/libdrivers__timer.a(stm32_lptim_timer.c.obj)
 .text.lptim_irq_handler
                0x0000000008005aa8      0x104 zephyr/drivers/timer/libdrivers__timer.a(stm32_lptim_timer.c.obj)
 .text.sys_clock_set_timeout
                0x0000000008005bac      0x120 zephyr/drivers/timer/libdrivers__timer.a(stm32_lptim_timer.c.obj)
                0x0000000008005bac                sys_clock_set_timeout
 .text.sys_clock_elapsed
                0x0000000008005ccc       0xa0 zephyr/drivers/timer/libdrivers__timer.a(stm32_lptim_timer.c.obj)
                0x0000000008005ccc                sys_clock_elapsed
 .text.sys_clock_cycle_get_32
                0x0000000008005d6c       0xb0 zephyr/drivers/timer/libdrivers__timer.a(stm32_lptim_timer.c.obj)
                0x0000000008005d6c                sys_clock_cycle_get_32
 .text.HAL_RCC_GetSysClockFreq
                0x0000000008005e1c       0x9c modules/hal_stm32/stm32cube/lib..__modules__hal__stm32__stm32cube.a(stm32l4xx_hal_rcc.c.obj)
                0x0000000008005e1c                HAL_RCC_GetSysClockFreq
 .text.LL_SetFlashLatency
                0x0000000008005eb8       0xa8 modules/hal_stm32/stm32cube/lib..__modules__hal__stm32__stm32cube.a(stm32l4xx_ll_utils.c.obj)
                0x0000000008005eb8                LL_SetFlashLatency
 .text.do_device_init
                0x0000000008005f60       0x70 zephyr/kernel/libkernel.a(device.c.obj)
                0x0000000008005f60                do_device_init
 .text.k_sys_fatal_error_handler
                0x0000000008005fd0       0x2c zephyr/kernel/libkernel.a(fatal.c.obj)
                0x0000000008005fd0                k_sys_fatal_error_handler
 .text.z_fatal_error
                0x0000000008005ffc       0xfc zephyr/kernel/libkernel.a(fatal.c.obj)
                0x0000000008005ffc                z_fatal_error
 .text.z_sys_init_run_level
                0x00000000080060f8       0x30 zephyr/kernel/libkernel.a(init.c.obj)
 .text.bg_thread_main
                0x0000000008006128      0x108 zephyr/kernel/libkernel.a(init.c.obj)
 .text.z_init_cpu
                0x0000000008006230       0x84 zephyr/kernel/libkernel.a(init.c.obj)
                0x0000000008006230                z_init_cpu
 .text.z_cstart
                0x00000000080062b4      0x114 zephyr/kernel/libkernel.a(init.c.obj)
                0x00000000080062b4                z_cstart
 .text.idle     0x00000000080063c8       0x64 zephyr/kernel/libkernel.a(idle.c.obj)
                0x00000000080063c8                idle
 .text.unpend_thread_no_timeout
                0x000000000800642c       0x40 zephyr/kernel/libkernel.a(sem.c.obj)
 .text.z_impl_k_sem_give
                0x000000000800646c       0xfc zephyr/kernel/libkernel.a(sem.c.obj)
                0x000000000800646c                z_impl_k_sem_give
 .text.z_impl_k_sem_take
                0x0000000008006568       0xf4 zephyr/kernel/libkernel.a(sem.c.obj)
                0x0000000008006568                z_impl_k_sem_take
 .text.work_queue_main
                0x000000000800665c      0x208 zephyr/kernel/libkernel.a(work.c.obj)
 .text.submit_to_queue_locked
                0x0000000008006864       0xdc zephyr/kernel/libkernel.a(work.c.obj)
 .text.work_timeout
                0x0000000008006940       0xa8 zephyr/kernel/libkernel.a(work.c.obj)
 .text.k_work_queue_start
                0x00000000080069e8       0xe0 zephyr/kernel/libkernel.a(work.c.obj)
                0x00000000080069e8                k_work_queue_start
 .text.k_work_init_delayable
                0x0000000008006ac8       0x58 zephyr/kernel/libkernel.a(work.c.obj)
                0x0000000008006ac8                k_work_init_delayable
 .text.k_work_schedule_for_queue
                0x0000000008006b20      0x108 zephyr/kernel/libkernel.a(work.c.obj)
                0x0000000008006b20                k_work_schedule_for_queue
 .text.k_work_schedule
                0x0000000008006c28        0xc zephyr/kernel/libkernel.a(work.c.obj)
                0x0000000008006c28                k_work_schedule
 .text.k_work_cancel_delayable
                0x0000000008006c34       0xb8 zephyr/kernel/libkernel.a(work.c.obj)
                0x0000000008006c34                k_work_cancel_delayable
 .text.z_setup_new_thread
                0x0000000008006cec       0xe8 zephyr/kernel/libkernel.a(thread.c.obj)
                0x0000000008006cec                z_setup_new_thread
 .text.z_impl_k_thread_create
                0x0000000008006dd4       0x8c zephyr/kernel/libkernel.a(thread.c.obj)
                0x0000000008006dd4                z_impl_k_thread_create
 .text.z_dummy_thread_init
                0x0000000008006e60       0x18 zephyr/kernel/libkernel.a(thread.c.obj)
                0x0000000008006e60                z_dummy_thread_init
 .text.ready_thread
                0x0000000008006e78       0xec zephyr/kernel/libkernel.a(sched.c.obj)
 .text.unready_thread
                0x0000000008006f64       0xbc zephyr/kernel/libkernel.a(sched.c.obj)
 .text.unpend_thread_no_timeout
                0x0000000008007020       0x38 zephyr/kernel/libkernel.a(sched.c.obj)
 .text.z_swap_irqlock
                0x0000000008007058       0x6c zephyr/kernel/libkernel.a(sched.c.obj)
 .text.move_current_to_end_of_prio_q
                0x00000000080070c4       0x70 zephyr/kernel/libkernel.a(sched.c.obj)
                0x00000000080070c4                move_current_to_end_of_prio_q
 .text.z_ready_thread
                0x0000000008007134       0x8c zephyr/kernel/libkernel.a(sched.c.obj)
                0x0000000008007134                z_ready_thread
 .text.z_sched_wake_thread
                0x00000000080071c0       0xb8 zephyr/kernel/libkernel.a(sched.c.obj)
                0x00000000080071c0                z_sched_wake_thread
 .text.z_pend_curr
                0x0000000008007278      0x10c zephyr/kernel/libkernel.a(sched.c.obj)
                0x0000000008007278                z_pend_curr
 .text.z_reschedule
                0x0000000008007384       0x8c zephyr/kernel/libkernel.a(sched.c.obj)
                0x0000000008007384                z_reschedule
 .text.z_reschedule_irqlock
                0x0000000008007410       0x28 zephyr/kernel/libkernel.a(sched.c.obj)
                0x0000000008007410                z_reschedule_irqlock
 .text.k_sched_lock
                0x0000000008007438       0xe4 zephyr/kernel/libkernel.a(sched.c.obj)
                0x0000000008007438                k_sched_lock
 .text.k_sched_unlock
                0x000000000800751c      0x120 zephyr/kernel/libkernel.a(sched.c.obj)
                0x000000000800751c                k_sched_unlock
 .text.z_sched_init
                0x000000000800763c       0x10 zephyr/kernel/libkernel.a(sched.c.obj)
                0x000000000800763c                z_sched_init
 .text.z_impl_k_yield
                0x000000000800764c      0x120 zephyr/kernel/libkernel.a(sched.c.obj)
                0x000000000800764c                z_impl_k_yield
 .text.z_tick_sleep
                0x000000000800776c      0x114 zephyr/kernel/libkernel.a(sched.c.obj)
 .text.z_impl_k_sleep
                0x0000000008007880       0x70 zephyr/kernel/libkernel.a(sched.c.obj)
                0x0000000008007880                z_impl_k_sleep
 .text.z_impl_k_wakeup
                0x00000000080078f0       0xb0 zephyr/kernel/libkernel.a(sched.c.obj)
                0x00000000080078f0                z_impl_k_wakeup
 .text.z_impl_k_sched_current_thread_query
                0x00000000080079a0        0xc zephyr/kernel/libkernel.a(sched.c.obj)
                0x00000000080079a0                z_impl_k_sched_current_thread_query
 .text.z_thread_abort
                0x00000000080079ac      0x268 zephyr/kernel/libkernel.a(sched.c.obj)
                0x00000000080079ac                z_thread_abort
 .text.z_sched_wake
                0x0000000008007c14       0xbc zephyr/kernel/libkernel.a(sched.c.obj)
                0x0000000008007c14                z_sched_wake
 .text.z_sched_wait
                0x0000000008007cd0       0x24 zephyr/kernel/libkernel.a(sched.c.obj)
                0x0000000008007cd0                z_sched_wait
 .text.z_sched_waitq_walk
                0x0000000008007cf4       0xb4 zephyr/kernel/libkernel.a(sched.c.obj)
                0x0000000008007cf4                z_sched_waitq_walk
 .text.slice_timeout
                0x0000000008007da8       0x5c zephyr/kernel/libkernel.a(timeslicing.c.obj)
 .text.thread_is_sliceable
                0x0000000008007e04       0x3c zephyr/kernel/libkernel.a(timeslicing.c.obj)
                0x0000000008007e04                thread_is_sliceable
 .text.z_reset_time_slice
                0x0000000008007e40       0x50 zephyr/kernel/libkernel.a(timeslicing.c.obj)
                0x0000000008007e40                z_reset_time_slice
 .text.z_time_slice
                0x0000000008007e90       0xc8 zephyr/kernel/libkernel.a(timeslicing.c.obj)
                0x0000000008007e90                z_time_slice
 .text.z_spin_lock_valid
                0x0000000008007f58       0x1c zephyr/kernel/libkernel.a(spinlock_validate.c.obj)
                0x0000000008007f58                z_spin_lock_valid
 .text.z_spin_unlock_valid
                0x0000000008007f74       0x2c zephyr/kernel/libkernel.a(spinlock_validate.c.obj)
                0x0000000008007f74                z_spin_unlock_valid
 .text.z_spin_lock_set_owner
                0x0000000008007fa0       0x10 zephyr/kernel/libkernel.a(spinlock_validate.c.obj)
                0x0000000008007fa0                z_spin_lock_set_owner
 .text.first    0x0000000008007fb0       0x10 zephyr/kernel/libkernel.a(timeout.c.obj)
 .text.elapsed  0x0000000008007fc0       0x14 zephyr/kernel/libkernel.a(timeout.c.obj)
 .text.remove_timeout
                0x0000000008007fd4       0x38 zephyr/kernel/libkernel.a(timeout.c.obj)
 .text.z_add_timeout
                0x000000000800800c      0x1b8 zephyr/kernel/libkernel.a(timeout.c.obj)
                0x000000000800800c                z_add_timeout
 .text.z_abort_timeout
                0x00000000080081c4       0xbc zephyr/kernel/libkernel.a(timeout.c.obj)
                0x00000000080081c4                z_abort_timeout
 .text.z_get_next_timeout_expiry
                0x0000000008008280       0x90 zephyr/kernel/libkernel.a(timeout.c.obj)
                0x0000000008008280                z_get_next_timeout_expiry
 .text.sys_clock_announce
                0x0000000008008310      0x14c zephyr/kernel/libkernel.a(timeout.c.obj)
                0x0000000008008310                sys_clock_announce
 .text.sys_clock_tick_get
                0x000000000800845c       0x9c zephyr/kernel/libkernel.a(timeout.c.obj)
                0x000000000800845c                sys_clock_tick_get
 .text.k_event_post_internal
                0x00000000080084f8       0xa8 zephyr/kernel/libkernel.a(events.c.obj)
 .text.k_event_wait_internal
                0x00000000080085a0      0x144 zephyr/kernel/libkernel.a(events.c.obj)
 .text.boot_banner
                0x00000000080086e4        0xc zephyr/kernel/libkernel.a(banner.c.obj)
                0x00000000080086e4                boot_banner
 .text.k_sys_work_q_init
                0x00000000080086f0       0x2c zephyr/kernel/libkernel.a(system_work_q.c.obj)
 .text.__l_vfprintf
                0x000000000800871c      0x4b8 c:\users\michaeldesrosiers\zephyr-sdk-0.17.4\arm-zephyr-eabi\bin\../lib/gcc/../../picolibc/arm-zephyr-eabi/lib/thumb/v7e-m/nofp\libc.a(libc_tinystdio_vflprintf.c.o)
                0x000000000800871c                __l_vfprintf
 .text._OffsetAbsSyms
                0x0000000008008bd4        0x2 zephyr/CMakeFiles/offsets.dir/./arch/arm/core/offsets/offsets.c.obj
                0x0000000008008bd4                _OffsetAbsSyms
 .text.z_log_msg_runtime_create.constprop.0
                0x0000000008008bd6       0x1e app/libapp.a(main.c.obj)
 .text.gpio_is_ready_dt.isra.0
                0x0000000008008bf4        0x4 app/libapp.a(main.c.obj)
 .text.chunk_size
                0x0000000008008bf8        0xa zephyr/libzephyr.a(heap.c.obj)
 .text.free_list_add
                0x0000000008008c02       0x4e zephyr/libzephyr.a(heap.c.obj)
 .text.cbpprintf_external
                0x0000000008008c50       0x62 zephyr/libzephyr.a(cbprintf_packaged.c.obj)
                0x0000000008008c50                cbpprintf_external
 .text.arch_printk_char_out
                0x0000000008008cb2        0x4 zephyr/libzephyr.a(printk.c.obj)
                0x0000000008008cb2                arch_printk_char_out
 .text.vprintk  0x0000000008008cb6        0x4 zephyr/libzephyr.a(printk.c.obj)
                0x0000000008008cb6                vprintk
 .text.printk   0x0000000008008cba       0x1a zephyr/libzephyr.a(printk.c.obj)
                0x0000000008008cba                printk
 .text.assert_post_action
                0x0000000008008cd4       0x12 zephyr/libzephyr.a(assert.c.obj)
                0x0000000008008cd4                assert_post_action
 .text.assert_print
                0x0000000008008ce6       0x1a zephyr/libzephyr.a(assert.c.obj)
                0x0000000008008ce6                assert_print
 .text._ConfigAbsSyms
                0x0000000008008d00        0x2 zephyr/libzephyr.a(configs.c.obj)
                0x0000000008008d00                _ConfigAbsSyms
 .text.dummy_timestamp
                0x0000000008008d02        0x4 zephyr/libzephyr.a(log_core.c.obj)
 .text.default_lf_get_timestamp
                0x0000000008008d06        0xe zephyr/libzephyr.a(log_core.c.obj)
 .text.atomic_inc
                0x0000000008008d14       0x1a zephyr/libzephyr.a(log_core.c.obj)
 .text.enable_logger
                0x0000000008008d2e        0xe zephyr/libzephyr.a(log_core.c.obj)
 .text.z_log_vprintk
                0x0000000008008d3c       0x1c zephyr/libzephyr.a(log_core.c.obj)
                0x0000000008008d3c                z_log_vprintk
 .text.z_log_notify_backend_enabled
                0x0000000008008d58        0x2 zephyr/libzephyr.a(log_core.c.obj)
                0x0000000008008d58                z_log_notify_backend_enabled
 .text.z_log_get_tag
                0x0000000008008d5a        0x4 zephyr/libzephyr.a(log_core.c.obj)
                0x0000000008008d5a                z_log_get_tag
 .text.log_backend_enable
                0x0000000008008d5e       0x12 zephyr/libzephyr.a(log_mgmt.c.obj)
                0x0000000008008d5e                log_backend_enable
 .text.z_log_msg_finalize
                0x0000000008008d70       0x32 zephyr/libzephyr.a(log_msg.c.obj)
                0x0000000008008d70                z_log_msg_finalize
 .text.z_log_msg_runtime_create.constprop.0
                0x0000000008008da2       0x20 zephyr/libzephyr.a(log_msg.c.obj)
 .text.log_output_write
                0x0000000008008dc2       0x1c zephyr/libzephyr.a(log_output.c.obj)
 .text.out_func
                0x0000000008008dde       0x1c zephyr/libzephyr.a(log_output.c.obj)
 .text.cr_out_func
                0x0000000008008dfa       0x1c zephyr/libzephyr.a(log_output.c.obj)
 .text.log_output_msg_process
                0x0000000008008e16       0x6a zephyr/libzephyr.a(log_output.c.obj)
                0x0000000008008e16                log_output_msg_process
 .text.format_set
                0x0000000008008e80        0xc zephyr/libzephyr.a(log_backend_uart.c.obj)
 .text.process  0x0000000008008e8c       0x1e zephyr/libzephyr.a(log_backend_uart.c.obj)
 .text.atomic_get
                0x0000000008008eaa        0xc zephyr/libzephyr.a(policy_state_lock.c.obj)
 .text.pm_policy_next_state
                0x0000000008008eb6       0x72 zephyr/libzephyr.a(policy_default.c.obj)
                0x0000000008008eb6                pm_policy_next_state
 .text.pm_device_is_busy
                0x0000000008008f28       0x14 zephyr/libzephyr.a(device.c.obj)
                0x0000000008008f28                pm_device_is_busy
 .text.pm_device_is_powered
                0x0000000008008f3c       0x18 zephyr/libzephyr.a(device.c.obj)
                0x0000000008008f3c                pm_device_is_powered
 .text.pm_device_driver_init
                0x0000000008008f54       0x58 zephyr/libzephyr.a(device.c.obj)
                0x0000000008008f54                pm_device_driver_init
 .text.put_sync_locked
                0x0000000008008fac       0x56 zephyr/libzephyr.a(device_runtime.c.obj)
 .text.atomic_test_bit
                0x0000000008009002       0x12 zephyr/libzephyr.a(device_runtime.c.obj)
 .text.k_sem_take
                0x0000000008009014        0x4 zephyr/libzephyr.a(device_runtime.c.obj)
 .text.k_sem_give
                0x0000000008009018        0x4 zephyr/libzephyr.a(device_runtime.c.obj)
 .text.pm_device_runtime_auto_enable
                0x000000000800901c       0x1e zephyr/libzephyr.a(device_runtime.c.obj)
                0x000000000800901c                pm_device_runtime_auto_enable
 .text.arch_early_memset
                0x000000000800903a        0x4 zephyr/arch/common/libarch__common.a(init.c.obj)
                0x000000000800903a                arch_early_memset
 .text.arch_early_memcpy
                0x000000000800903e        0x4 zephyr/arch/common/libarch__common.a(init.c.obj)
                0x000000000800903e                arch_early_memcpy
 .text.z_log_msg_runtime_create.constprop.0
                0x0000000008009042       0x20 zephyr/arch/arch/arm/core/libarch__arm__core.a(fatal.c.obj)
 .text.z_do_kernel_oops
                0x0000000008009062        0x8 zephyr/arch/arch/arm/core/libarch__arm__core.a(fatal.c.obj)
                0x0000000008009062                z_do_kernel_oops
 .text.z_arm_nmi
                0x000000000800906a        0xe zephyr/arch/arch/arm/core/libarch__arm__core.a(nmi.c.obj)
                0x000000000800906a                z_arm_nmi
 .text.z_log_msg_runtime_create.constprop.0
                0x0000000008009078       0x20 zephyr/arch/arch/arm/core/cortex_m/libarch__arm__core__cortex_m.a(fault.c.obj)
 .text.z_irq_spurious
                0x0000000008009098        0x8 zephyr/arch/arch/arm/core/cortex_m/libarch__arm__core__cortex_m.a(irq_manage.c.obj)
                0x0000000008009098                z_irq_spurious
 .text.arch_coprocessors_disable
                0x00000000080090a0        0x6 zephyr/arch/arch/arm/core/cortex_m/libarch__arm__core__cortex_m.a(thread.c.obj)
                0x00000000080090a0                arch_coprocessors_disable
 .text.arch_irq_unlock_outlined
                0x00000000080090a6        0xe zephyr/arch/arch/arm/core/cortex_m/libarch__arm__core__cortex_m.a(thread.c.obj)
                0x00000000080090a6                arch_irq_unlock_outlined
 .text.arch_cpu_idle
                0x00000000080090b4       0x1a zephyr/arch/arch/arm/core/cortex_m/libarch__arm__core__cortex_m.a(cpu_idle.c.obj)
                0x00000000080090b4                arch_cpu_idle
 .text.size_to_mpu_rasr_size
                0x00000000080090ce       0x20 zephyr/arch/arch/arm/core/mpu/libarch__arm__core__mpu.a(arm_mpu.c.obj)
 .text.z_log_msg_runtime_create.constprop.0
                0x00000000080090ee       0x20 zephyr/arch/arch/arm/core/mpu/libarch__arm__core__mpu.a(arm_mpu.c.obj)
 .text.cbputc   0x000000000800910e        0xc zephyr/lib/libc/picolibc/liblib__libc__picolibc.a(cbprintf.c.obj)
 .text.picolibc_put
                0x000000000800911a        0xa zephyr/lib/libc/picolibc/liblib__libc__picolibc.a(stdio.c.obj)
 .text.z_log_msg_runtime_create.constprop.0
                0x0000000008009124       0x20 zephyr/drivers/interrupt_controller/libdrivers__interrupt_controller.a(intc_exti_stm32.c.obj)
 .text.stm32_exti_gpio_intc_init
                0x0000000008009144       0x92 zephyr/drivers/interrupt_controller/libdrivers__interrupt_controller.a(intc_gpio_stm32.c.obj)
 .text.stm32_gpio_intc_get_pin_irq_line
                0x00000000080091d6        0xa zephyr/drivers/interrupt_controller/libdrivers__interrupt_controller.a(intc_gpio_stm32.c.obj)
                0x00000000080091d6                stm32_gpio_intc_get_pin_irq_line
 .text.stm32_exti_set_line_src_port
                0x00000000080091e0       0x38 zephyr/drivers/interrupt_controller/libdrivers__interrupt_controller.a(intc_gpio_stm32.c.obj)
                0x00000000080091e0                stm32_exti_set_line_src_port
 .text.stm32_clock_control_on
                0x0000000008009218       0x44 zephyr/drivers/clock_control/libdrivers__clock_control.a(clock_stm32_ll_common.c.obj)
 .text.stm32_clock_control_off
                0x000000000800925c       0x2c zephyr/drivers/clock_control/libdrivers__clock_control.a(clock_stm32_ll_common.c.obj)
 .text.enabled_clock
                0x0000000008009288       0x20 zephyr/drivers/clock_control/libdrivers__clock_control.a(clock_stm32_ll_common.c.obj)
                0x0000000008009288                enabled_clock
 .text.stm32_clock_control_configure
                0x00000000080092a8       0x58 zephyr/drivers/clock_control/libdrivers__clock_control.a(clock_stm32_ll_common.c.obj)
 .text.stm32_clock_control_get_status
                0x0000000008009300       0x38 zephyr/drivers/clock_control/libdrivers__clock_control.a(clock_stm32_ll_common.c.obj)
 .text.config_regulator_voltage
                0x0000000008009338        0x2 zephyr/drivers/clock_control/libdrivers__clock_control.a(clock_stm32_ll_common.c.obj)
                0x0000000008009338                config_regulator_voltage
 .text.flash_get_page_info
                0x000000000800933a       0x62 zephyr/drivers/flash/libdrivers__flash.a(flash_page_layout.c.obj)
 .text.z_impl_flash_get_page_info_by_offs
                0x000000000800939c        0x8 zephyr/drivers/flash/libdrivers__flash.a(flash_page_layout.c.obj)
                0x000000000800939c                z_impl_flash_get_page_info_by_offs
 .text.spi_nor_pages_layout
                0x00000000080093a4        0xc zephyr/drivers/flash/libdrivers__flash.a(spi_nor.c.obj)
 .text.flash_nor_get_size
                0x00000000080093b0        0xc zephyr/drivers/flash/libdrivers__flash.a(spi_nor.c.obj)
 .text.release_device
                0x00000000080093bc       0x16 zephyr/drivers/flash/libdrivers__flash.a(spi_nor.c.obj)
 .text.z_log_msg_runtime_create.constprop.0
                0x00000000080093d2       0x20 zephyr/drivers/flash/libdrivers__flash.a(spi_nor.c.obj)
 .text.acquire_device
                0x00000000080093f2       0x1c zephyr/drivers/flash/libdrivers__flash.a(spi_nor.c.obj)
 .text.spi_nor_access
                0x000000000800940e       0xa0 zephyr/drivers/flash/libdrivers__flash.a(spi_nor.c.obj)
 .text.spi_nor_rdsr
                0x00000000080094ae       0x22 zephyr/drivers/flash/libdrivers__flash.a(spi_nor.c.obj)
 .text.spi_nor_wait_until_ready
                0x00000000080094d0       0x3a zephyr/drivers/flash/libdrivers__flash.a(spi_nor.c.obj)
 .text.spi_nor_write
                0x000000000800950a       0xce zephyr/drivers/flash/libdrivers__flash.a(spi_nor.c.obj)
 .text.spi_nor_read
                0x00000000080095d8       0x58 zephyr/drivers/flash/libdrivers__flash.a(spi_nor.c.obj)
 .text.exit_dpd
                0x0000000008009630       0x66 zephyr/drivers/flash/libdrivers__flash.a(spi_nor.c.obj)
 .text.enter_dpd
                0x0000000008009696       0x3c zephyr/drivers/flash/libdrivers__flash.a(spi_nor.c.obj)
 .text.z_log_msg_runtime_create.constprop.0
                0x00000000080096d2       0x20 zephyr/drivers/flash/libdrivers__flash.a(flash_stm32.c.obj)
 .text._flash_stm32_sem_take.isra.0
                0x00000000080096f2        0xe zephyr/drivers/flash/libdrivers__flash.a(flash_stm32.c.obj)
 .text.flash_stm32_valid_range
                0x0000000008009700       0x38 zephyr/drivers/flash/libdrivers__flash.a(flash_stm32.c.obj)
                0x0000000008009700                flash_stm32_valid_range
 .text.flash_stm32_check_configuration
                0x0000000008009738        0x4 zephyr/drivers/flash/libdrivers__flash.a(flash_stm32.c.obj)
                0x0000000008009738                flash_stm32_check_configuration
 .text.flash_stm32_block_erase_loop
                0x000000000800973c       0xcc zephyr/drivers/flash/libdrivers__flash.a(flash_stm32l4x.c.obj)
                0x000000000800973c                flash_stm32_block_erase_loop
 .text.gpio_stm32_port_get_raw
                0x0000000008009808        0xc zephyr/drivers/gpio/libdrivers__gpio.a(gpio_stm32.c.obj)
 .text.gpio_stm32_port_set_masked_raw
                0x0000000008009814       0x12 zephyr/drivers/gpio/libdrivers__gpio.a(gpio_stm32.c.obj)
 .text.gpio_stm32_port_set_bits_raw
                0x0000000008009826        0xa zephyr/drivers/gpio/libdrivers__gpio.a(gpio_stm32.c.obj)
 .text.gpio_stm32_port_clear_bits_raw
                0x0000000008009830        0xa zephyr/drivers/gpio/libdrivers__gpio.a(gpio_stm32.c.obj)
 .text.gpio_stm32_port_toggle_bits
                0x000000000800983a        0xe zephyr/drivers/gpio/libdrivers__gpio.a(gpio_stm32.c.obj)
 .text.gpio_stm32_configure_raw.isra.0
                0x0000000008009848      0x116 zephyr/drivers/gpio/libdrivers__gpio.a(gpio_stm32.c.obj)
 .text.gpio_stm32_config
                0x000000000800995e      0x104 zephyr/drivers/gpio/libdrivers__gpio.a(gpio_stm32.c.obj)
 .text.gpio_stm32_configure
                0x0000000008009a62       0x40 zephyr/drivers/gpio/libdrivers__gpio.a(gpio_stm32.c.obj)
                0x0000000008009a62                gpio_stm32_configure
 .text.pinctrl_lookup_state
                0x0000000008009aa2       0x26 zephyr/drivers/pinctrl/libdrivers__pinctrl.a(common.c.obj)
                0x0000000008009aa2                pinctrl_lookup_state
 .text.reset_stm32_status
                0x0000000008009ac8       0x20 zephyr/drivers/reset/libdrivers__reset.a(reset_stm32.c.obj)
 .text.reset_stm32_line_assert
                0x0000000008009ae8       0x1c zephyr/drivers/reset/libdrivers__reset.a(reset_stm32.c.obj)
 .text.reset_stm32_line_deassert
                0x0000000008009b04       0x1e zephyr/drivers/reset/libdrivers__reset.a(reset_stm32.c.obj)
 .text.reset_stm32_line_toggle
                0x0000000008009b22       0x16 zephyr/drivers/reset/libdrivers__reset.a(reset_stm32.c.obj)
 .text.uart_stm32_ll2cfg_databits
                0x0000000008009b38       0x2a zephyr/drivers/serial/libdrivers__serial.a(uart_stm32.c.obj)
 .text.uart_stm32_err_check
                0x0000000008009b62       0x5a zephyr/drivers/serial/libdrivers__serial.a(uart_stm32.c.obj)
 .text.uart_stm32_irq_config_func_0
                0x0000000008009bbc       0x16 zephyr/drivers/serial/libdrivers__serial.a(uart_stm32.c.obj)
 .text.uart_stm32_irq_config_func_1
                0x0000000008009bd2       0x16 zephyr/drivers/serial/libdrivers__serial.a(uart_stm32.c.obj)
 .text.uart_stm32_irq_config_func_2
                0x0000000008009be8       0x16 zephyr/drivers/serial/libdrivers__serial.a(uart_stm32.c.obj)
 .text.z_log_msg_runtime_create.constprop.0
                0x0000000008009bfe       0x20 zephyr/drivers/serial/libdrivers__serial.a(uart_stm32.c.obj)
 .text.pinctrl_apply_state
                0x0000000008009c1e       0x1e zephyr/drivers/serial/libdrivers__serial.a(uart_stm32.c.obj)
 .text.uart_stm32_poll_out
                0x0000000008009c3c       0x66 zephyr/drivers/serial/libdrivers__serial.a(uart_stm32.c.obj)
 .text.uart_stm32_poll_in
                0x0000000008009ca2       0x20 zephyr/drivers/serial/libdrivers__serial.a(uart_stm32.c.obj)
 .text.uart_stm32_config_get
                0x0000000008009cc2       0x92 zephyr/drivers/serial/libdrivers__serial.a(uart_stm32.c.obj)
 .text.uart_stm32_isr
                0x0000000008009d54       0x54 zephyr/drivers/serial/libdrivers__serial.a(uart_stm32.c.obj)
 .text.spi_context_get_next_buf
                0x0000000008009da8       0x2c zephyr/drivers/spi/libdrivers__spi.a(spi_stm32.c.obj)
 .text.ll_func_disable_spi
                0x0000000008009dd4       0x1a zephyr/drivers/spi/libdrivers__spi.a(spi_stm32.c.obj)
 .text.bits2bytes
                0x0000000008009dee       0x16 zephyr/drivers/spi/libdrivers__spi.a(spi_stm32.c.obj)
 .text.spi_stm32_send_next_frame
                0x0000000008009e04       0x74 zephyr/drivers/spi/libdrivers__spi.a(spi_stm32.c.obj)
 .text.spi_stm32_read_next_frame
                0x0000000008009e78       0x6c zephyr/drivers/spi/libdrivers__spi.a(spi_stm32.c.obj)
 .text.spi_stm32_irq_config_func_0
                0x0000000008009ee4       0x16 zephyr/drivers/spi/libdrivers__spi.a(spi_stm32.c.obj)
 .text.spi_stm32_irq_config_func_1
                0x0000000008009efa       0x16 zephyr/drivers/spi/libdrivers__spi.a(spi_stm32.c.obj)
 .text.z_log_msg_runtime_create.constprop.0
                0x0000000008009f10       0x20 zephyr/drivers/spi/libdrivers__spi.a(spi_stm32.c.obj)
 .text.spi_stm32_pinctrl_apply.isra.0
                0x0000000008009f30       0x2a zephyr/drivers/spi/libdrivers__spi.a(spi_stm32.c.obj)
 .text.spi_context_unlock_unconditionally
                0x0000000008009f5a       0x30 zephyr/drivers/spi/libdrivers__spi.a(spi_stm32.c.obj)
 .text.spi_stm32_release
                0x0000000008009f8a       0x14 zephyr/drivers/spi/libdrivers__spi.a(spi_stm32.c.obj)
 .text.spi_stm32_complete
                0x0000000008009f9e       0xa0 zephyr/drivers/spi/libdrivers__spi.a(spi_stm32.c.obj)
 .text.spi_stm32_isr
                0x000000000800a03e      0x1bc zephyr/drivers/spi/libdrivers__spi.a(spi_stm32.c.obj)
 .text.sys_clock_idle_exit
                0x000000000800a1fa        0x2 zephyr/drivers/timer/libdrivers__timer.a(stm32_lptim_timer.c.obj)
                0x000000000800a1fa                sys_clock_idle_exit
 .text.z_impl_k_busy_wait
                0x000000000800a1fc       0x1c zephyr/kernel/libkernel.a(busy_wait.c.obj)
                0x000000000800a1fc                z_impl_k_busy_wait
 .text.z_impl_device_is_ready
                0x000000000800a218       0x16 zephyr/kernel/libkernel.a(device.c.obj)
                0x000000000800a218                z_impl_device_is_ready
 .text.z_log_msg_runtime_create.constprop.0
                0x000000000800a22e       0x20 zephyr/kernel/libkernel.a(fatal.c.obj)
 .text.arch_system_halt
                0x000000000800a24e       0x10 zephyr/kernel/libkernel.a(fatal.c.obj)
                0x000000000800a24e                arch_system_halt
 .text.z_impl_k_sem_init
                0x000000000800a25e       0x18 zephyr/kernel/libkernel.a(sem.c.obj)
                0x000000000800a25e                z_impl_k_sem_init
 .text.flag_test_and_clear
                0x000000000800a276       0x16 zephyr/kernel/libkernel.a(work.c.obj)
 .text.unschedule_locked
                0x000000000800a28c       0x1e zephyr/kernel/libkernel.a(work.c.obj)
 .text.notify_queue_locked.isra.0
                0x000000000800a2aa        0xe zephyr/kernel/libkernel.a(work.c.obj)
 .text.cancel_async_locked
                0x000000000800a2b8       0x66 zephyr/kernel/libkernel.a(work.c.obj)
 .text.k_is_in_isr
                0x000000000800a31e        0xc zephyr/kernel/libkernel.a(thread.c.obj)
                0x000000000800a31e                k_is_in_isr
 .text.z_impl_k_thread_name_set
                0x000000000800a32a        0x6 zephyr/kernel/libkernel.a(thread.c.obj)
                0x000000000800a32a                z_impl_k_thread_name_set
 .text.k_thread_name_get
                0x000000000800a330        0x4 zephyr/kernel/libkernel.a(thread.c.obj)
                0x000000000800a330                k_thread_name_get
 .text.sys_dlist_remove
                0x000000000800a334       0x10 zephyr/kernel/libkernel.a(sched.c.obj)
 .text.add_to_waitq_locked
                0x000000000800a344       0x50 zephyr/kernel/libkernel.a(sched.c.obj)
 .text.z_thread_timeout
                0x000000000800a394        0x8 zephyr/kernel/libkernel.a(sched.c.obj)
                0x000000000800a394                z_thread_timeout
 .text.next_timeout
                0x000000000800a39c       0x2e zephyr/kernel/libkernel.a(timeout.c.obj)
 .text.sys_clock_tick_get_32
                0x000000000800a3ca        0x8 zephyr/kernel/libkernel.a(timeout.c.obj)
                0x000000000800a3ca                sys_clock_tick_get_32
 .text.z_impl_k_uptime_ticks
                0x000000000800a3d2        0x4 zephyr/kernel/libkernel.a(timeout.c.obj)
                0x000000000800a3d2                z_impl_k_uptime_ticks
 .text.sys_timepoint_calc
                0x000000000800a3d6       0x4a zephyr/kernel/libkernel.a(timeout.c.obj)
                0x000000000800a3d6                sys_timepoint_calc
 .text.sys_timepoint_timeout
                0x000000000800a420       0x42 zephyr/kernel/libkernel.a(timeout.c.obj)
                0x000000000800a420                sys_timepoint_timeout
 .text.event_walk_op
                0x000000000800a462       0x3c zephyr/kernel/libkernel.a(events.c.obj)
 .text.z_impl_k_event_set
                0x000000000800a49e        0x8 zephyr/kernel/libkernel.a(events.c.obj)
                0x000000000800a49e                z_impl_k_event_set
 .text.z_impl_k_event_clear
                0x000000000800a4a6        0x8 zephyr/kernel/libkernel.a(events.c.obj)
                0x000000000800a4a6                z_impl_k_event_clear
 .text.z_impl_k_event_wait
                0x000000000800a4ae        0x6 zephyr/kernel/libkernel.a(events.c.obj)
                0x000000000800a4ae                z_impl_k_event_wait
 .text.memcpy   0x000000000800a4b4       0x1c c:\users\michaeldesrosiers\zephyr-sdk-0.17.4\arm-zephyr-eabi\bin\../lib/gcc/../../picolibc/arm-zephyr-eabi/lib/thumb/v7e-m/nofp\libc.a(memcpy.c.o)
                0x000000000800a4b4                __aeabi_memcpy
                0x000000000800a4b4                __aeabi_memcpy4
                0x000000000800a4b4                __aeabi_memcpy8
                0x000000000800a4b4                memcpy
 .text.memset   0x000000000800a4d0       0x10 c:\users\michaeldesrosiers\zephyr-sdk-0.17.4\arm-zephyr-eabi\bin\../lib/gcc/../../picolibc/arm-zephyr-eabi/lib/thumb/v7e-m/nofp\libc.a(memset.c.o)
                0x000000000800a4d0                memset
 .text.memcmp   0x000000000800a4e0       0x20 c:\users\michaeldesrosiers\zephyr-sdk-0.17.4\arm-zephyr-eabi\bin\../lib/gcc/../../picolibc/arm-zephyr-eabi/lib/thumb/v7e-m/nofp\libc.a(libc_string_memcmp.c.o)
                0x000000000800a4e0                memcmp
 .text.strnlen  0x000000000800a500       0x18 c:\users\michaeldesrosiers\zephyr-sdk-0.17.4\arm-zephyr-eabi\bin\../lib/gcc/../../picolibc/arm-zephyr-eabi/lib/thumb/v7e-m/nofp\libc.a(libc_string_strnlen.c.o)
                0x000000000800a500                strnlen
 .text.__ultoa_invert
                0x000000000800a518       0xae c:\users\michaeldesrosiers\zephyr-sdk-0.17.4\arm-zephyr-eabi\bin\../lib/gcc/../../picolibc/arm-zephyr-eabi/lib/thumb/v7e-m/nofp\libc.a(libc_tinystdio_vflprintf.c.o)
 *(SORT_BY_ALIGNMENT(.TEXT.*))
 *fill*         0x000000000800a5c6        0x2 
 .TEXT.__aeabi_read_tp
                0x000000000800a5c8        0xc zephyr/arch/arch/arm/core/cortex_m/libarch__arm__core__cortex_m.a(__aeabi_read_tp.S.obj)
                0x000000000800a5c8                __aeabi_read_tp
 *(SORT_BY_ALIGNMENT(.gnu.linkonce.t.*))
 *(SORT_BY_ALIGNMENT(.glue_7t))
 .glue_7t       0x000000000800a5d4        0x0 linker stubs
 *(SORT_BY_ALIGNMENT(.glue_7))
 .glue_7        0x000000000800a5d4        0x0 linker stubs
 *(SORT_BY_ALIGNMENT(.vfp11_veneer))
 .vfp11_veneer  0x000000000800a5d4        0x0 linker stubs
 *(SORT_BY_ALIGNMENT(.v4_bx))
 .v4_bx         0x000000000800a5d4        0x0 linker stubs
                0x000000000800a5d4                . = ALIGN (0x4)
                0x000000000800a5d4                __text_region_end = .

.ARM.exidx      0x000000000800a5d4        0x8
                0x000000000800a5d4                __exidx_start = .
 *(SORT_BY_ALIGNMENT(.ARM.exidx*) SORT_BY_ALIGNMENT(gnu.linkonce.armexidx.*))
 .ARM.exidx     0x000000000800a5d4        0x8 c:/users/michaeldesrosiers/zephyr-sdk-0.17.4/arm-zephyr-eabi/bin/../lib/gcc/arm-zephyr-eabi/12.2.0/thumb/v7e-m/nofp\libgcc.a(_udivmoddi4.o)
                0x000000000800a5dc                __exidx_end = .
                0x000000000800a5dc                __rodata_region_start = .

initlevel       0x000000000800a5dc       0xd0
                0x000000000800a5dc                __init_start = .
                0x000000000800a5dc                __init_EARLY_start = .
 *(SORT_BY_NAME(SORT_BY_ALIGNMENT(.z_init_EARLY_P_?_*)))
 *(SORT_BY_NAME(SORT_BY_ALIGNMENT(.z_init_EARLY_P_??_*)))
 *(SORT_BY_NAME(SORT_BY_ALIGNMENT(.z_init_EARLY_P_???_*)))
                0x000000000800a5dc                __init_PRE_KERNEL_1_start = .
 *(SORT_BY_NAME(SORT_BY_ALIGNMENT(.z_init_PRE_KERNEL_1_P_?_*)))
 .z_init_PRE_KERNEL_1_P_0_SUB_0_
                0x000000000800a5dc        0x8 zephyr/libzephyr.a(policy_state_lock.c.obj)
 .z_init_PRE_KERNEL_1_P_1_SUB_00009_
                0x000000000800a5e4        0x8 zephyr/drivers/clock_control/libdrivers__clock_control.a(clock_stm32_ll_common.c.obj)
 .z_init_PRE_KERNEL_1_P_1_SUB_0_
                0x000000000800a5ec        0x8 zephyr/libzephyr.a(soc_config.c.obj)
 *(SORT_BY_NAME(SORT_BY_ALIGNMENT(.z_init_PRE_KERNEL_1_P_??_*)))
 .z_init_PRE_KERNEL_1_P_35_SUB_00065_
                0x000000000800a5f4        0x8 zephyr/drivers/reset/libdrivers__reset.a(reset_stm32.c.obj)
 .z_init_PRE_KERNEL_1_P_40_SUB_00041_
                0x000000000800a5fc        0x8 zephyr/drivers/gpio/libdrivers__gpio.a(gpio_stm32.c.obj)
 .z_init_PRE_KERNEL_1_P_40_SUB_00044_
                0x000000000800a604        0x8 zephyr/drivers/gpio/libdrivers__gpio.a(gpio_stm32.c.obj)
 .z_init_PRE_KERNEL_1_P_40_SUB_00045_
                0x000000000800a60c        0x8 zephyr/drivers/gpio/libdrivers__gpio.a(gpio_stm32.c.obj)
 .z_init_PRE_KERNEL_1_P_40_SUB_00058_
                0x000000000800a614        0x8 zephyr/drivers/interrupt_controller/libdrivers__interrupt_controller.a(intc_exti_stm32.c.obj)
 .z_init_PRE_KERNEL_1_P_40_SUB_00099_
                0x000000000800a61c        0x8 zephyr/drivers/gpio/libdrivers__gpio.a(gpio_stm32.c.obj)
 .z_init_PRE_KERNEL_1_P_40_SUB_00100_
                0x000000000800a624        0x8 zephyr/drivers/gpio/libdrivers__gpio.a(gpio_stm32.c.obj)
 .z_init_PRE_KERNEL_1_P_40_SUB_00101_
                0x000000000800a62c        0x8 zephyr/drivers/gpio/libdrivers__gpio.a(gpio_stm32.c.obj)
 .z_init_PRE_KERNEL_1_P_40_SUB_00102_
                0x000000000800a634        0x8 zephyr/drivers/gpio/libdrivers__gpio.a(gpio_stm32.c.obj)
 .z_init_PRE_KERNEL_1_P_40_SUB_00103_
                0x000000000800a63c        0x8 zephyr/drivers/gpio/libdrivers__gpio.a(gpio_stm32.c.obj)
 .z_init_PRE_KERNEL_1_P_40_SUB_0_
                0x000000000800a644        0x8 zephyr/drivers/interrupt_controller/libdrivers__interrupt_controller.a(intc_gpio_stm32.c.obj)
 .z_init_PRE_KERNEL_1_P_50_SUB_00069_
                0x000000000800a64c        0x8 zephyr/drivers/serial/libdrivers__serial.a(uart_stm32.c.obj)
 .z_init_PRE_KERNEL_1_P_50_SUB_00072_
                0x000000000800a654        0x8 zephyr/drivers/serial/libdrivers__serial.a(uart_stm32.c.obj)
 .z_init_PRE_KERNEL_1_P_50_SUB_00078_
                0x000000000800a65c        0x8 zephyr/drivers/serial/libdrivers__serial.a(uart_stm32.c.obj)
 .z_init_PRE_KERNEL_1_P_60_SUB_0_
                0x000000000800a664        0x8 zephyr/drivers/console/libdrivers__console.a(uart_console.c.obj)
 *(SORT_BY_NAME(SORT_BY_ALIGNMENT(.z_init_PRE_KERNEL_1_P_???_*)))
                0x000000000800a66c                __init_PRE_KERNEL_2_start = .
 *(SORT_BY_NAME(SORT_BY_ALIGNMENT(.z_init_PRE_KERNEL_2_P_?_*)))
 .z_init_PRE_KERNEL_2_P_0_SUB_0_
                0x000000000800a66c        0x8 zephyr/drivers/timer/libdrivers__timer.a(stm32_lptim_timer.c.obj)
 *(SORT_BY_NAME(SORT_BY_ALIGNMENT(.z_init_PRE_KERNEL_2_P_??_*)))
 *(SORT_BY_NAME(SORT_BY_ALIGNMENT(.z_init_PRE_KERNEL_2_P_???_*)))
                0x000000000800a674                __init_POST_KERNEL_start = .
 *(SORT_BY_NAME(SORT_BY_ALIGNMENT(.z_init_POST_KERNEL_P_?_*)))
 .z_init_POST_KERNEL_P_0_SUB_0_
                0x000000000800a674        0x8 zephyr/libzephyr.a(log_core.c.obj)
 *(SORT_BY_NAME(SORT_BY_ALIGNMENT(.z_init_POST_KERNEL_P_??_*)))
 .z_init_POST_KERNEL_P_35_SUB_0_
                0x000000000800a67c        0x8 zephyr/lib/libc/common/liblib__libc__common.a(malloc.c.obj)
 .z_init_POST_KERNEL_P_40_SUB_0_
                0x000000000800a684        0x8 zephyr/kernel/libkernel.a(system_work_q.c.obj)
 .z_init_POST_KERNEL_P_50_SUB_00083_
                0x000000000800a68c        0x8 zephyr/drivers/spi/libdrivers__spi.a(spi_stm32.c.obj)
 .z_init_POST_KERNEL_P_50_SUB_00095_
                0x000000000800a694        0x8 zephyr/drivers/flash/libdrivers__flash.a(flash_stm32.c.obj)
 .z_init_POST_KERNEL_P_50_SUB_00115_
                0x000000000800a69c        0x8 zephyr/drivers/spi/libdrivers__spi.a(spi_stm32.c.obj)
 .z_init_POST_KERNEL_P_80_SUB_00116_
                0x000000000800a6a4        0x8 zephyr/drivers/flash/libdrivers__flash.a(spi_nor.c.obj)
 *(SORT_BY_NAME(SORT_BY_ALIGNMENT(.z_init_POST_KERNEL_P_???_*)))
                0x000000000800a6ac                __init_APPLICATION_start = .
 *(SORT_BY_NAME(SORT_BY_ALIGNMENT(.z_init_APPLICATION_P_?_*)))
 *(SORT_BY_NAME(SORT_BY_ALIGNMENT(.z_init_APPLICATION_P_??_*)))
 *(SORT_BY_NAME(SORT_BY_ALIGNMENT(.z_init_APPLICATION_P_???_*)))
                0x000000000800a6ac                __init_SMP_start = .
 *(SORT_BY_NAME(SORT_BY_ALIGNMENT(.z_init_SMP_P_?_*)))
 *(SORT_BY_NAME(SORT_BY_ALIGNMENT(.z_init_SMP_P_??_*)))
 *(SORT_BY_NAME(SORT_BY_ALIGNMENT(.z_init_SMP_P_???_*)))
                0x000000000800a6ac                __init_end = .

device_area     0x000000000800a6ac      0x240
                0x000000000800a6ac                _device_list_start = .
 *(SORT_BY_NAME(SORT_BY_ALIGNMENT(._device.static.*_?_*)))
 ._device.static.1_1_
                0x000000000800a6ac       0x20 zephyr/drivers/clock_control/libdrivers__clock_control.a(clock_stm32_ll_common.c.obj)
                0x000000000800a6ac                __device_dts_ord_9
 *(SORT_BY_NAME(SORT_BY_ALIGNMENT(._device.static.*_??_*)))
 ._device.static.1_35_
                0x000000000800a6cc       0x20 zephyr/drivers/reset/libdrivers__reset.a(reset_stm32.c.obj)
                0x000000000800a6cc                __device_dts_ord_65
 ._device.static.1_40_
                0x000000000800a6ec       0x20 zephyr/drivers/interrupt_controller/libdrivers__interrupt_controller.a(intc_exti_stm32.c.obj)
                0x000000000800a6ec                __device_dts_ord_58
 ._device.static.1_40_
                0x000000000800a70c      0x100 zephyr/drivers/gpio/libdrivers__gpio.a(gpio_stm32.c.obj)
                0x000000000800a70c                __device_dts_ord_103
                0x000000000800a72c                __device_dts_ord_102
                0x000000000800a74c                __device_dts_ord_101
                0x000000000800a76c                __device_dts_ord_100
                0x000000000800a78c                __device_dts_ord_99
                0x000000000800a7ac                __device_dts_ord_41
                0x000000000800a7cc                __device_dts_ord_45
                0x000000000800a7ec                __device_dts_ord_44
 ._device.static.1_50_
                0x000000000800a80c       0x60 zephyr/drivers/serial/libdrivers__serial.a(uart_stm32.c.obj)
                0x000000000800a80c                __device_dts_ord_72
                0x000000000800a82c                __device_dts_ord_69
                0x000000000800a84c                __device_dts_ord_78
 ._device.static.3_50_
                0x000000000800a86c       0x20 zephyr/drivers/flash/libdrivers__flash.a(flash_stm32.c.obj)
                0x000000000800a86c                __device_dts_ord_95
 ._device.static.3_50_
                0x000000000800a88c       0x40 zephyr/drivers/spi/libdrivers__spi.a(spi_stm32.c.obj)
                0x000000000800a88c                __device_dts_ord_83
                0x000000000800a8ac                __device_dts_ord_115
 ._device.static.3_80_
                0x000000000800a8cc       0x20 zephyr/drivers/flash/libdrivers__flash.a(spi_nor.c.obj)
                0x000000000800a8cc                __device_dts_ord_116
 *(SORT_BY_NAME(SORT_BY_ALIGNMENT(._device.static.*_???_*)))
 *(SORT_BY_NAME(SORT_BY_ALIGNMENT(._device.static.*_????_*)))
 *(SORT_BY_NAME(SORT_BY_ALIGNMENT(._device.static.*_?????_*)))
                0x000000000800a8ec                _device_list_end = .

sw_isr_table    0x000000000800a8ec      0x290
                0x000000000800a8ec                . = ALIGN (0x4)
 *(SORT_BY_ALIGNMENT(.gnu.linkonce.sw_isr_table*))
 .gnu.linkonce.sw_isr_table
                0x000000000800a8ec      0x290 zephyr/arch/common/libisr_tables.a(isr_tables.c.obj)
                0x000000000800a8ec                _sw_isr_table

initlevel_error
                0x000000000800a5dc        0x0
 *(SORT_BY_NAME(SORT_BY_ALIGNMENT(.z_init_*)))
                0x0000000000000001                ASSERT ((SIZEOF (initlevel_error) == 0x0), Undefined initialization levels used.)

app_shmem_regions
                0x000000000800ab7c        0x0
                0x000000000800ab7c                __app_shmem_regions_start = .
 *(SORT_BY_NAME(SORT_BY_ALIGNMENT(.app_regions.*)))
                0x000000000800ab7c                __app_shmem_regions_end = .

k_p4wq_initparam_area
                0x000000000800ab7c        0x0
                0x000000000800ab7c                _k_p4wq_initparam_list_start = .
 *(SORT_BY_NAME(SORT_BY_ALIGNMENT(._k_p4wq_initparam.static.*)))
                0x000000000800ab7c                _k_p4wq_initparam_list_end = .

_static_thread_data_area
                0x000000000800ab7c        0x0
                0x000000000800ab7c                __static_thread_data_list_start = .
 *(SORT_BY_NAME(SORT_BY_ALIGNMENT(.__static_thread_data.static.*)))
                0x000000000800ab7c                __static_thread_data_list_end = .

device_deps     0x000000000800ab7c        0x0
                0x000000000800ab7c                __device_deps_start = .
 *(SORT_BY_NAME(SORT_BY_ALIGNMENT(.__device_deps_pass2*)))
                0x000000000800ab7c                __device_deps_end = .

flash_driver_api_area
                0x000000000800ab7c       0x30
                0x000000000800ab7c                _flash_driver_api_list_start = .
 *(SORT_BY_NAME(SORT_BY_ALIGNMENT(._flash_driver_api.static.*)))
 ._flash_driver_api.static.flash_stm32_api_
                0x000000000800ab7c       0x18 zephyr/drivers/flash/libdrivers__flash.a(flash_stm32.c.obj)
 ._flash_driver_api.static.spi_nor_api_
                0x000000000800ab94       0x18 zephyr/drivers/flash/libdrivers__flash.a(spi_nor.c.obj)
                0x000000000800abac                _flash_driver_api_list_end = .

gpio_driver_api_area
                0x000000000800abac       0x24
                0x000000000800abac                _gpio_driver_api_list_start = .
 *(SORT_BY_NAME(SORT_BY_ALIGNMENT(._gpio_driver_api.static.*)))
 ._gpio_driver_api.static.gpio_stm32_driver_
                0x000000000800abac       0x24 zephyr/drivers/gpio/libdrivers__gpio.a(gpio_stm32.c.obj)
                0x000000000800abd0                _gpio_driver_api_list_end = .

reset_driver_api_area
                0x000000000800abd0       0x10
                0x000000000800abd0                _reset_driver_api_list_start = .
 *(SORT_BY_NAME(SORT_BY_ALIGNMENT(._reset_driver_api.static.*)))
 ._reset_driver_api.static.reset_stm32_driver_api_
                0x000000000800abd0       0x10 zephyr/drivers/reset/libdrivers__reset.a(reset_stm32.c.obj)
                0x000000000800abe0                _reset_driver_api_list_end = .

spi_driver_api_area
                0x000000000800abe0        0x8
                0x000000000800abe0                _spi_driver_api_list_start = .
 *(SORT_BY_NAME(SORT_BY_ALIGNMENT(._spi_driver_api.static.*)))
 ._spi_driver_api.static.api_funcs_
                0x000000000800abe0        0x8 zephyr/drivers/spi/libdrivers__spi.a(spi_stm32.c.obj)
                0x000000000800abe8                _spi_driver_api_list_end = .

shared_irq_driver_api_area
                0x000000000800abe8        0x0
                0x000000000800abe8                _shared_irq_driver_api_list_start = .
 *(SORT_BY_NAME(SORT_BY_ALIGNMENT(._shared_irq_driver_api.static.*)))
                0x000000000800abe8                _shared_irq_driver_api_list_end = .

crypto_driver_api_area
                0x000000000800abe8        0x0
                0x000000000800abe8                _crypto_driver_api_list_start = .
 *(SORT_BY_NAME(SORT_BY_ALIGNMENT(._crypto_driver_api.static.*)))
                0x000000000800abe8                _crypto_driver_api_list_end = .

adc_driver_api_area
                0x000000000800abe8        0x0
                0x000000000800abe8                _adc_driver_api_list_start = .
 *(SORT_BY_NAME(SORT_BY_ALIGNMENT(._adc_driver_api.static.*)))
                0x000000000800abe8                _adc_driver_api_list_end = .

auxdisplay_driver_api_area
                0x000000000800abe8        0x0
                0x000000000800abe8                _auxdisplay_driver_api_list_start = .
 *(SORT_BY_NAME(SORT_BY_ALIGNMENT(._auxdisplay_driver_api.static.*)))
                0x000000000800abe8                _auxdisplay_driver_api_list_end = .

bbram_driver_api_area
                0x000000000800abe8        0x0
                0x000000000800abe8                _bbram_driver_api_list_start = .
 *(SORT_BY_NAME(SORT_BY_ALIGNMENT(._bbram_driver_api.static.*)))
                0x000000000800abe8                _bbram_driver_api_list_end = .

bt_hci_driver_api_area
                0x000000000800abe8        0x0
                0x000000000800abe8                _bt_hci_driver_api_list_start = .
 *(SORT_BY_NAME(SORT_BY_ALIGNMENT(._bt_hci_driver_api.static.*)))
                0x000000000800abe8                _bt_hci_driver_api_list_end = .

can_driver_api_area
                0x000000000800abe8        0x0
                0x000000000800abe8                _can_driver_api_list_start = .
 *(SORT_BY_NAME(SORT_BY_ALIGNMENT(._can_driver_api.static.*)))
                0x000000000800abe8                _can_driver_api_list_end = .

cellular_driver_api_area
                0x000000000800abe8        0x0
                0x000000000800abe8                _cellular_driver_api_list_start = .
 *(SORT_BY_NAME(SORT_BY_ALIGNMENT(._cellular_driver_api.static.*)))
                0x000000000800abe8                _cellular_driver_api_list_end = .

charger_driver_api_area
                0x000000000800abe8        0x0
                0x000000000800abe8                _charger_driver_api_list_start = .
 *(SORT_BY_NAME(SORT_BY_ALIGNMENT(._charger_driver_api.static.*)))
                0x000000000800abe8                _charger_driver_api_list_end = .

clock_control_driver_api_area
                0x000000000800abe8       0x1c
                0x000000000800abe8                _clock_control_driver_api_list_start = .
 *(SORT_BY_NAME(SORT_BY_ALIGNMENT(._clock_control_driver_api.static.*)))
 ._clock_control_driver_api.static.stm32_clock_control_api_
                0x000000000800abe8       0x1c zephyr/drivers/clock_control/libdrivers__clock_control.a(clock_stm32_ll_common.c.obj)
                0x000000000800ac04                _clock_control_driver_api_list_end = .

comparator_driver_api_area
                0x000000000800ac04        0x0
                0x000000000800ac04                _comparator_driver_api_list_start = .
 *(SORT_BY_NAME(SORT_BY_ALIGNMENT(._comparator_driver_api.static.*)))
                0x000000000800ac04                _comparator_driver_api_list_end = .

coredump_driver_api_area
                0x000000000800ac04        0x0
                0x000000000800ac04                _coredump_driver_api_list_start = .
 *(SORT_BY_NAME(SORT_BY_ALIGNMENT(._coredump_driver_api.static.*)))
                0x000000000800ac04                _coredump_driver_api_list_end = .

counter_driver_api_area
                0x000000000800ac04        0x0
                0x000000000800ac04                _counter_driver_api_list_start = .
 *(SORT_BY_NAME(SORT_BY_ALIGNMENT(._counter_driver_api.static.*)))
                0x000000000800ac04                _counter_driver_api_list_end = .

crc_driver_api_area
                0x000000000800ac04        0x0
                0x000000000800ac04                _crc_driver_api_list_start = .
 *(SORT_BY_NAME(SORT_BY_ALIGNMENT(._crc_driver_api.static.*)))
                0x000000000800ac04                _crc_driver_api_list_end = .

dac_driver_api_area
                0x000000000800ac04        0x0
                0x000000000800ac04                _dac_driver_api_list_start = .
 *(SORT_BY_NAME(SORT_BY_ALIGNMENT(._dac_driver_api.static.*)))
                0x000000000800ac04                _dac_driver_api_list_end = .

dai_driver_api_area
                0x000000000800ac04        0x0
                0x000000000800ac04                _dai_driver_api_list_start = .
 *(SORT_BY_NAME(SORT_BY_ALIGNMENT(._dai_driver_api.static.*)))
                0x000000000800ac04                _dai_driver_api_list_end = .

display_driver_api_area
                0x000000000800ac04        0x0
                0x000000000800ac04                _display_driver_api_list_start = .
 *(SORT_BY_NAME(SORT_BY_ALIGNMENT(._display_driver_api.static.*)))
                0x000000000800ac04                _display_driver_api_list_end = .

dma_driver_api_area
                0x000000000800ac04        0x0
                0x000000000800ac04                _dma_driver_api_list_start = .
 *(SORT_BY_NAME(SORT_BY_ALIGNMENT(._dma_driver_api.static.*)))
                0x000000000800ac04                _dma_driver_api_list_end = .

edac_driver_api_area
                0x000000000800ac04        0x0
                0x000000000800ac04                _edac_driver_api_list_start = .
 *(SORT_BY_NAME(SORT_BY_ALIGNMENT(._edac_driver_api.static.*)))
                0x000000000800ac04                _edac_driver_api_list_end = .

eeprom_driver_api_area
                0x000000000800ac04        0x0
                0x000000000800ac04                _eeprom_driver_api_list_start = .
 *(SORT_BY_NAME(SORT_BY_ALIGNMENT(._eeprom_driver_api.static.*)))
                0x000000000800ac04                _eeprom_driver_api_list_end = .

emul_bbram_driver_api_area
                0x000000000800ac04        0x0
                0x000000000800ac04                _emul_bbram_driver_api_list_start = .
 *(SORT_BY_NAME(SORT_BY_ALIGNMENT(._emul_bbram_driver_api.static.*)))
                0x000000000800ac04                _emul_bbram_driver_api_list_end = .

fuel_gauge_emul_driver_api_area
                0x000000000800ac04        0x0
                0x000000000800ac04                _fuel_gauge_emul_driver_api_list_start = .
 *(SORT_BY_NAME(SORT_BY_ALIGNMENT(._fuel_gauge_emul_driver_api.static.*)))
                0x000000000800ac04                _fuel_gauge_emul_driver_api_list_end = .

emul_sensor_driver_api_area
                0x000000000800ac04        0x0
                0x000000000800ac04                _emul_sensor_driver_api_list_start = .
 *(SORT_BY_NAME(SORT_BY_ALIGNMENT(._emul_sensor_driver_api.static.*)))
                0x000000000800ac04                _emul_sensor_driver_api_list_end = .

entropy_driver_api_area
                0x000000000800ac04        0x0
                0x000000000800ac04                _entropy_driver_api_list_start = .
 *(SORT_BY_NAME(SORT_BY_ALIGNMENT(._entropy_driver_api.static.*)))
                0x000000000800ac04                _entropy_driver_api_list_end = .

espi_driver_api_area
                0x000000000800ac04        0x0
                0x000000000800ac04                _espi_driver_api_list_start = .
 *(SORT_BY_NAME(SORT_BY_ALIGNMENT(._espi_driver_api.static.*)))
                0x000000000800ac04                _espi_driver_api_list_end = .

espi_saf_driver_api_area
                0x000000000800ac04        0x0
                0x000000000800ac04                _espi_saf_driver_api_list_start = .
 *(SORT_BY_NAME(SORT_BY_ALIGNMENT(._espi_saf_driver_api.static.*)))
                0x000000000800ac04                _espi_saf_driver_api_list_end = .

fpga_driver_api_area
                0x000000000800ac04        0x0
                0x000000000800ac04                _fpga_driver_api_list_start = .
 *(SORT_BY_NAME(SORT_BY_ALIGNMENT(._fpga_driver_api.static.*)))
                0x000000000800ac04                _fpga_driver_api_list_end = .

fuel_gauge_driver_api_area
                0x000000000800ac04        0x0
                0x000000000800ac04                _fuel_gauge_driver_api_list_start = .
 *(SORT_BY_NAME(SORT_BY_ALIGNMENT(._fuel_gauge_driver_api.static.*)))
                0x000000000800ac04                _fuel_gauge_driver_api_list_end = .

gnss_driver_api_area
                0x000000000800ac04        0x0
                0x000000000800ac04                _gnss_driver_api_list_start = .
 *(SORT_BY_NAME(SORT_BY_ALIGNMENT(._gnss_driver_api.static.*)))
                0x000000000800ac04                _gnss_driver_api_list_end = .

haptics_driver_api_area
                0x000000000800ac04        0x0
                0x000000000800ac04                _haptics_driver_api_list_start = .
 *(SORT_BY_NAME(SORT_BY_ALIGNMENT(._haptics_driver_api.static.*)))
                0x000000000800ac04                _haptics_driver_api_list_end = .

hwspinlock_driver_api_area
                0x000000000800ac04        0x0
                0x000000000800ac04                _hwspinlock_driver_api_list_start = .
 *(SORT_BY_NAME(SORT_BY_ALIGNMENT(._hwspinlock_driver_api.static.*)))
                0x000000000800ac04                _hwspinlock_driver_api_list_end = .

i2c_driver_api_area
                0x000000000800ac04        0x0
                0x000000000800ac04                _i2c_driver_api_list_start = .
 *(SORT_BY_NAME(SORT_BY_ALIGNMENT(._i2c_driver_api.static.*)))
                0x000000000800ac04                _i2c_driver_api_list_end = .

i2c_target_driver_api_area
                0x000000000800ac04        0x0
                0x000000000800ac04                _i2c_target_driver_api_list_start = .
 *(SORT_BY_NAME(SORT_BY_ALIGNMENT(._i2c_target_driver_api.static.*)))
                0x000000000800ac04                _i2c_target_driver_api_list_end = .

i2s_driver_api_area
                0x000000000800ac04        0x0
                0x000000000800ac04                _i2s_driver_api_list_start = .
 *(SORT_BY_NAME(SORT_BY_ALIGNMENT(._i2s_driver_api.static.*)))
                0x000000000800ac04                _i2s_driver_api_list_end = .

i3c_driver_api_area
                0x000000000800ac04        0x0
                0x000000000800ac04                _i3c_driver_api_list_start = .
 *(SORT_BY_NAME(SORT_BY_ALIGNMENT(._i3c_driver_api.static.*)))
                0x000000000800ac04                _i3c_driver_api_list_end = .

ipm_driver_api_area
                0x000000000800ac04        0x0
                0x000000000800ac04                _ipm_driver_api_list_start = .
 *(SORT_BY_NAME(SORT_BY_ALIGNMENT(._ipm_driver_api.static.*)))
                0x000000000800ac04                _ipm_driver_api_list_end = .

led_driver_api_area
                0x000000000800ac04        0x0
                0x000000000800ac04                _led_driver_api_list_start = .
 *(SORT_BY_NAME(SORT_BY_ALIGNMENT(._led_driver_api.static.*)))
                0x000000000800ac04                _led_driver_api_list_end = .

led_strip_driver_api_area
                0x000000000800ac04        0x0
                0x000000000800ac04                _led_strip_driver_api_list_start = .
 *(SORT_BY_NAME(SORT_BY_ALIGNMENT(._led_strip_driver_api.static.*)))
                0x000000000800ac04                _led_strip_driver_api_list_end = .

lora_driver_api_area
                0x000000000800ac04        0x0
                0x000000000800ac04                _lora_driver_api_list_start = .
 *(SORT_BY_NAME(SORT_BY_ALIGNMENT(._lora_driver_api.static.*)))
                0x000000000800ac04                _lora_driver_api_list_end = .

mbox_driver_api_area
                0x000000000800ac04        0x0
                0x000000000800ac04                _mbox_driver_api_list_start = .
 *(SORT_BY_NAME(SORT_BY_ALIGNMENT(._mbox_driver_api.static.*)))
                0x000000000800ac04                _mbox_driver_api_list_end = .

mdio_driver_api_area
                0x000000000800ac04        0x0
                0x000000000800ac04                _mdio_driver_api_list_start = .
 *(SORT_BY_NAME(SORT_BY_ALIGNMENT(._mdio_driver_api.static.*)))
                0x000000000800ac04                _mdio_driver_api_list_end = .

mipi_dbi_driver_api_area
                0x000000000800ac04        0x0