Archive member included to satisfy reference by file (symbol)

app/libapp.a(flash.c.obj)     (--whole-archive)
app/libapp.a(main.c.obj)      (--whole-archive)
zephyr/libzephyr.a(validate_libc.c.obj)
                              (--whole-archive)
zephyr/libzephyr.a(heap.c.obj)
                              (--whole-archive)
zephyr/libzephyr.a(cbprintf_packaged.c.obj)
                              (--whole-archive)
zephyr/libzephyr.a(clock.c.obj)
                              (--whole-archive)
zephyr/libzephyr.a(printk.c.obj)
                              (--whole-archive)
zephyr/libzephyr.a(sem.c.obj)
                              (--whole-archive)
zephyr/libzephyr.a(thread_entry.c.obj)
                              (--whole-archive)
zephyr/libzephyr.a(cbprintf_complete.c.obj)
                              (--whole-archive)
zephyr/libzephyr.a(assert.c.obj)
                              (--whole-archive)
zephyr/libzephyr.a(dec.c.obj)
                              (--whole-archive)
zephyr/libzephyr.a(hex.c.obj)
                              (--whole-archive)
zephyr/libzephyr.a(rb.c.obj)  (--whole-archive)
zephyr/libzephyr.a(timeutil.c.obj)
                              (--whole-archive)
zephyr/libzephyr.a(bitarray.c.obj)
                              (--whole-archive)
zephyr/libzephyr.a(bitmask.c.obj)
                              (--whole-archive)
zephyr/libzephyr.a(onoff.c.obj)
                              (--whole-archive)
zephyr/libzephyr.a(notify.c.obj)
                              (--whole-archive)
zephyr/libzephyr.a(ring_buffer.c.obj)
                              (--whole-archive)
zephyr/libzephyr.a(last_section_id.c.obj)
                              (--whole-archive)
zephyr/libzephyr.a(configs.c.obj)
                              (--whole-archive)
zephyr/libzephyr.a(log_core.c.obj)
                              (--whole-archive)
zephyr/libzephyr.a(log_mgmt.c.obj)
                              (--whole-archive)
zephyr/libzephyr.a(log_cache.c.obj)
                              (--whole-archive)
zephyr/libzephyr.a(log_msg.c.obj)
                              (--whole-archive)
zephyr/libzephyr.a(log_output.c.obj)
                              (--whole-archive)
zephyr/libzephyr.a(log_backend_uart.c.obj)
                              (--whole-archive)
zephyr/libzephyr.a(mem_attr.c.obj)
                              (--whole-archive)
zephyr/libzephyr.a(device.c.obj)
                              (--whole-archive)
zephyr/libzephyr.a(device_runtime.c.obj)
                              (--whole-archive)
zephyr/libzephyr.a(tracing_none.c.obj)
                              (--whole-archive)
zephyr/libzephyr.a(flash_util.c.obj)
                              (--whole-archive)
zephyr/arch/common/libarch__common.a(sw_isr_common.c.obj)
                              (--whole-archive)
zephyr/arch/common/libarch__common.a(init.c.obj)
                              (--whole-archive)
zephyr/arch/common/libarch__common.a(xip.c.obj)
                              (--whole-archive)
zephyr/arch/arch/arm/core/libarch__arm__core.a(fatal.c.obj)
                              (--whole-archive)
zephyr/arch/arch/arm/core/libarch__arm__core.a(nmi.c.obj)
                              (--whole-archive)
zephyr/arch/arch/arm/core/libarch__arm__core.a(nmi_on_reset.S.obj)
                              (--whole-archive)
zephyr/arch/arch/arm/core/libarch__arm__core.a(tls.c.obj)
                              (--whole-archive)
zephyr/arch/arch/arm/core/cortex_m/libarch__arm__core__cortex_m.a(exc_exit.c.obj)
                              (--whole-archive)
zephyr/arch/arch/arm/core/cortex_m/libarch__arm__core__cortex_m.a(fault.c.obj)
                              (--whole-archive)
zephyr/arch/arch/arm/core/cortex_m/libarch__arm__core__cortex_m.a(fault_s.S.obj)
                              (--whole-archive)
zephyr/arch/arch/arm/core/cortex_m/libarch__arm__core__cortex_m.a(fpu.c.obj)
                              (--whole-archive)
zephyr/arch/arch/arm/core/cortex_m/libarch__arm__core__cortex_m.a(reset.S.obj)
                              (--whole-archive)
zephyr/arch/arch/arm/core/cortex_m/libarch__arm__core__cortex_m.a(scb.c.obj)
                              (--whole-archive)
zephyr/arch/arch/arm/core/cortex_m/libarch__arm__core__cortex_m.a(thread_abort.c.obj)
                              (--whole-archive)
zephyr/arch/arch/arm/core/cortex_m/libarch__arm__core__cortex_m.a(vector_table.S.obj)
                              (--whole-archive)
zephyr/arch/arch/arm/core/cortex_m/libarch__arm__core__cortex_m.a(swap_helper.S.obj)
                              (--whole-archive)
zephyr/arch/arch/arm/core/cortex_m/libarch__arm__core__cortex_m.a(irq_manage.c.obj)
                              (--whole-archive)
zephyr/arch/arch/arm/core/cortex_m/libarch__arm__core__cortex_m.a(prep_c.c.obj)
                              (--whole-archive)
zephyr/arch/arch/arm/core/cortex_m/libarch__arm__core__cortex_m.a(thread.c.obj)
[...]
Memory Configuration

Name             Origin             Length             Attributes
FLASH            0x0000000000000000 0x0000000000165000 xr
RAM              0x0000000020000000 0x000000000002e000 xw
RetainedMem      0x000000002002e000 0x0000000000001000 rw
IDT_LIST         0x00000000ffff7fff 0x0000000000008000 xw
*default*        0x0000000000000000 0xffffffffffffffff

Linker script and memory map

                0x0000000000009dc8                vfprintf = __l_vfprintf
                0x0000000000000000                vfscanf = __l_vfscanf
LOAD zephyr/CMakeFiles/zephyr_final.dir/misc/empty_file.c.obj
LOAD zephyr/CMakeFiles/zephyr_final.dir/isr_tables.c.obj
LOAD zephyr/CMakeFiles/offsets.dir/./arch/arm/core/offsets/offsets.c.obj
LOAD app/libapp.a
LOAD zephyr/libzephyr.a
LOAD zephyr/arch/common/libarch__common.a
LOAD zephyr/arch/arch/arm/core/libarch__arm__core.a
LOAD zephyr/arch/arch/arm/core/cortex_m/libarch__arm__core__cortex_m.a
LOAD zephyr/arch/arch/arm/core/cortex_m/cmse/libarch__arm__core__cortex_m__cmse.a
LOAD zephyr/arch/arch/arm/core/mpu/libarch__arm__core__mpu.a
LOAD zephyr/lib/libc/picolibc/liblib__libc__picolibc.a
LOAD zephyr/lib/libc/common/liblib__libc__common.a
LOAD zephyr/soc/soc/nrf54l15/libsoc__nordic.a
LOAD zephyr/drivers/cache/libdrivers__cache.a
LOAD zephyr/drivers/clock_control/libdrivers__clock_control.a
LOAD zephyr/drivers/console/libdrivers__console.a
LOAD zephyr/drivers/flash/libdrivers__flash.a
LOAD zephyr/drivers/gpio/libdrivers__gpio.a
LOAD zephyr/drivers/pinctrl/libdrivers__pinctrl.a
LOAD zephyr/drivers/serial/libdrivers__serial.a
LOAD zephyr/drivers/spi/libdrivers__spi.a
LOAD zephyr/drivers/timer/libdrivers__timer.a
LOAD modules/hal_nordic/nrfx/libnrfx.a
LOAD zephyr/kernel/libkernel.a
LOAD zephyr/arch/common/libisr_tables.a
LOAD c:\users\michaeldesrosiers\zephyr-sdk-0.17.4\arm-zephyr-eabi\bin\../lib/gcc/../../picolibc/arm-zephyr-eabi/lib/thumb/v8-m.main/nofp\libc.a
LOAD c:/users/michaeldesrosiers/zephyr-sdk-0.17.4/arm-zephyr-eabi/bin/../lib/gcc/arm-zephyr-eabi/12.2.0/thumb/v8-m.main/nofp\libgcc.a
                0x0000000000000020                _region_min_align = 0x20

.rel.plt        0x0000000000000000        0x0
 *(SORT_BY_ALIGNMENT(.rel.plt))
                [!provide]                        PROVIDE (__rel_iplt_start = .)
 *(SORT_BY_ALIGNMENT(.rel.iplt))
 .rel.iplt      0x0000000000000000        0x0 zephyr/CMakeFiles/zephyr_final.dir/isr_tables.c.obj
                [!provide]                        PROVIDE (__rel_iplt_end = .)

.rela.plt       0x0000000000000000        0x0
 *(SORT_BY_ALIGNMENT(.rela.plt))
                [!provide]                        PROVIDE (__rela_iplt_start = .)
 *(SORT_BY_ALIGNMENT(.rela.iplt))
                [!provide]                        PROVIDE (__rela_iplt_end = .)

.rel.dyn
 *(SORT_BY_ALIGNMENT(.rel.*))

.rela.dyn
 *(SORT_BY_ALIGNMENT(.rela.*))

/DISCARD/
 *(SORT_BY_ALIGNMENT(.plt))

/DISCARD/
 *(SORT_BY_ALIGNMENT(.iplt))
                0x0000000000000000                __rom_region_start = 0x0

rom_start       0x0000000000000000      0x47c
                0x0000000000000000                __rom_start_address = .
 FILL mask 0x00
                0x0000000000000000                . = (. + (0x0 - (. - __rom_start_address)))
                0x0000000000000000                . = ALIGN (0x4)
                0x0000000000000000                . = ALIGN (0x80)
                0x0000000000000000                . = ALIGN (0x800)
                0x0000000000000000                _vector_start = .
 *(SORT_BY_ALIGNMENT(.exc_vector_table))
 *(SORT_BY_ALIGNMENT(.exc_vector_table.*))
 .exc_vector_table._vector_table_section
                0x0000000000000000       0x40 zephyr/arch/arch/arm/core/cortex_m/libarch__arm__core__cortex_m.a(vector_table.S.obj)
                0x0000000000000000                _vector_table
 *(SORT_BY_ALIGNMENT(.vectors))
                0x000000000000047c                _vector_end = .
                0x0000000000000040                . = ALIGN (0x4)
 *(SORT_BY_ALIGNMENT(.gnu.linkonce.irq_vector_table*))
 .gnu.linkonce.irq_vector_table
                0x0000000000000040      0x43c zephyr/CMakeFiles/zephyr_final.dir/isr_tables.c.obj
                0x0000000000000040                _irq_vector_table
                0x000000000000047c                _vector_end = .

text            0x000000000000047c     0xb12c
                0x000000000000047c                __text_region_start = .
 *(SORT_BY_ALIGNMENT(.text))
 .text          0x000000000000047c       0x30 c:/users/michaeldesrosiers/zephyr-sdk-0.17.4/arm-zephyr-eabi/bin/../lib/gcc/arm-zephyr-eabi/12.2.0/thumb/v8-m.main/nofp\libgcc.a(_aeabi_uldivmod.o)
                0x000000000000047c                __aeabi_uldivmod
 .text          0x00000000000004ac        0x4 c:/users/michaeldesrosiers/zephyr-sdk-0.17.4/arm-zephyr-eabi/bin/../lib/gcc/arm-zephyr-eabi/12.2.0/thumb/v8-m.main/nofp\libgcc.a(_dvmd_tls.o)
                0x00000000000004ac                __aeabi_idiv0
                0x00000000000004ac                __aeabi_ldiv0
 .text          0x00000000000004b0       0x10 c:\users\michaeldesrosiers\zephyr-sdk-0.17.4\arm-zephyr-eabi\bin\../lib/gcc/../../picolibc/arm-zephyr-eabi/lib/thumb/v8-m.main/nofp\libc.a(strlen.S.o)
                0x00000000000004b0                strlen
 .text          0x00000000000004c0      0x29c c:/users/michaeldesrosiers/zephyr-sdk-0.17.4/arm-zephyr-eabi/bin/../lib/gcc/arm-zephyr-eabi/12.2.0/thumb/v8-m.main/nofp\libgcc.a(_udivmoddi4.o)
                0x00000000000004c0                __udivmoddi4
 *(SORT_BY_ALIGNMENT(.text.*))
 .text.gpio_pin_configure_dt.constprop.0
                0x000000000000075c       0xbc app/libapp.a(main.c.obj)
 .text.gpio_pin_set_dt.isra.0
                0x0000000000000818       0x64 app/libapp.a(main.c.obj)
 .text.SerialSleep
                0x000000000000087c       0x58 app/libapp.a(main.c.obj)
                0x000000000000087c                SerialSleep
 .text.SerialWake
                0x00000000000008d4       0x58 app/libapp.a(main.c.obj)
                0x00000000000008d4                SerialWake
 .text.main     0x000000000000092c      0x1d8 app/libapp.a(main.c.obj)
                0x000000000000092c                main
 .text.sys_heap_init
                0x0000000000000b04      0x11c zephyr/libzephyr.a(heap.c.obj)
                0x0000000000000b04                sys_heap_init
 .text.cbvprintf_package
                0x0000000000000c20      0x438 zephyr/libzephyr.a(cbprintf_packaged.c.obj)
                0x0000000000000c20                cbvprintf_package
 .text.__printk_hook_install
                0x0000000000001058        0xc zephyr/libzephyr.a(printk.c.obj)
                0x0000000000001058                __printk_hook_install
 .text.z_thread_entry
                0x0000000000001064       0x34 zephyr/libzephyr.a(thread_entry.c.obj)
                0x0000000000001064                z_thread_entry
 .text.process_event
                0x0000000000001098      0x3ac zephyr/libzephyr.a(onoff.c.obj)
 .text.transition_complete
                0x0000000000001444       0x64 zephyr/libzephyr.a(onoff.c.obj)
 .text.onoff_request
                0x00000000000014a8      0x130 zephyr/libzephyr.a(onoff.c.obj)
                0x00000000000014a8                onoff_request
 .text.sys_notify_finalize
                0x00000000000015d8       0x40 zephyr/libzephyr.a(notify.c.obj)
                0x00000000000015d8                sys_notify_finalize
 .text.z_log_init.isra.0
                0x0000000000001618      0x128 zephyr/libzephyr.a(log_core.c.obj)
 .text.log_format_func_t_get
                0x0000000000001740        0xc zephyr/libzephyr.a(log_core.c.obj)
                0x0000000000001740                log_format_func_t_get
 .text.log_set_timestamp_func
                0x000000000000174c       0x20 zephyr/libzephyr.a(log_core.c.obj)
                0x000000000000174c                log_set_timestamp_func
 .text.log_core_init
                0x000000000000176c       0x80 zephyr/libzephyr.a(log_core.c.obj)
                0x000000000000176c                log_core_init
 .text.z_impl_log_panic
                0x00000000000017ec       0x6c zephyr/libzephyr.a(log_core.c.obj)
                0x00000000000017ec                z_impl_log_panic
 .text.z_log_dropped
                0x0000000000001858       0x28 zephyr/libzephyr.a(log_core.c.obj)
                0x0000000000001858                z_log_dropped
 .text.z_log_msg_commit
                0x0000000000001880       0x68 zephyr/libzephyr.a(log_core.c.obj)
                0x0000000000001880                z_log_msg_commit
 .text.log_source_name_get
                0x00000000000018e8       0x1c zephyr/libzephyr.a(log_mgmt.c.obj)
                0x00000000000018e8                log_source_name_get
 .text.z_log_msg_runtime_vcreate
                0x0000000000001904       0xec zephyr/libzephyr.a(log_msg.c.obj)
                0x0000000000001904                z_log_msg_runtime_vcreate
 .text.log_msg_get_source_id
                0x00000000000019f0       0x18 zephyr/libzephyr.a(log_msg.c.obj)
                0x00000000000019f0                log_msg_get_source_id
 .text.print_formatted
                0x0000000000001a08       0x24 zephyr/libzephyr.a(log_output.c.obj)
 .text.newline_print
                0x0000000000001a2c       0x1c zephyr/libzephyr.a(log_output.c.obj)
 .text.log_output_process
                0x0000000000001a48      0x324 zephyr/libzephyr.a(log_output.c.obj)
                0x0000000000001a48                log_output_process
 .text.log_output_timestamp_freq_set
                0x0000000000001d6c       0x2c zephyr/libzephyr.a(log_output.c.obj)
                0x0000000000001d6c                log_output_timestamp_freq_set
 .text.panic    0x0000000000001d98       0x3c zephyr/libzephyr.a(log_backend_uart.c.obj)
 .text.char_out
                0x0000000000001dd4       0x38 zephyr/libzephyr.a(log_backend_uart.c.obj)
 .text.log_backend_uart_init
                0x0000000000001e0c       0x3c zephyr/libzephyr.a(log_backend_uart.c.obj)
 .text.mem_attr_get_regions
                0x0000000000001e48        0xc zephyr/libzephyr.a(mem_attr.c.obj)
                0x0000000000001e48                mem_attr_get_regions
 .text.z_log_msg_runtime_create.constprop.0
                0x0000000000001e54       0x24 zephyr/libzephyr.a(device_runtime.c.obj)
 .text.pm_device_runtime_put
                0x0000000000001e78       0xb4 zephyr/libzephyr.a(device_runtime.c.obj)
                0x0000000000001e78                pm_device_runtime_put
 .text.pm_device_runtime_get
                0x0000000000001f2c      0x20c zephyr/libzephyr.a(device_runtime.c.obj)
                0x0000000000001f2c                pm_device_runtime_get
 .text.runtime_suspend
                0x0000000000002138       0xe0 zephyr/libzephyr.a(device_runtime.c.obj)
 .text.runtime_suspend_work
                0x0000000000002218       0xa4 zephyr/libzephyr.a(device_runtime.c.obj)
 .text.pm_device_runtime_put_async
                0x00000000000022bc       0xb0 zephyr/libzephyr.a(device_runtime.c.obj)
                0x00000000000022bc                pm_device_runtime_put_async
 .text.pm_device_runtime_enable
                0x000000000000236c      0x15c zephyr/libzephyr.a(device_runtime.c.obj)
                0x000000000000236c                pm_device_runtime_enable
 .text.arch_bss_zero
                0x00000000000024c8       0x18 zephyr/arch/common/libarch__common.a(init.c.obj)
                0x00000000000024c8                arch_bss_zero
 .text.arch_data_copy
                0x00000000000024e0       0x38 zephyr/arch/common/libarch__common.a(xip.c.obj)
                0x00000000000024e0                arch_data_copy
 .text.z_arm_fatal_error
                0x0000000000002518       0xc4 zephyr/arch/arch/arm/core/libarch__arm__core.a(fatal.c.obj)
                0x0000000000002518                z_arm_fatal_error
 .text.z_SysNmiOnReset
                0x00000000000025dc        0x8 zephyr/arch/arch/arm/core/libarch__arm__core.a(nmi_on_reset.S.obj)
                0x00000000000025dc                z_SysNmiOnReset
 .text.arch_tls_stack_setup
                0x00000000000025e4       0x40 zephyr/arch/arch/arm/core/libarch__arm__core.a(tls.c.obj)
                0x00000000000025e4                arch_tls_stack_setup
 .text._HandlerModeExit
                0x0000000000002624       0x20 zephyr/arch/arch/arm/core/cortex_m/libarch__arm__core__cortex_m.a(exc_exit.c.obj)
                0x0000000000002624                z_arm_int_exit
                0x0000000000002624                z_arm_exc_exit
 .text.mem_manage_fault.constprop.0
                0x0000000000002644      0x168 zephyr/arch/arch/arm/core/cortex_m/libarch__arm__core__cortex_m.a(fault.c.obj)
 .text.bus_fault.constprop.0
                0x00000000000027ac      0x13c zephyr/arch/arch/arm/core/cortex_m/libarch__arm__core__cortex_m.a(fault.c.obj)
 .text.usage_fault.constprop.0
                0x00000000000028e8      0x128 zephyr/arch/arch/arm/core/cortex_m/libarch__arm__core__cortex_m.a(fault.c.obj)
 .text.z_arm_fault
                0x0000000000002a10      0x274 zephyr/arch/arch/arm/core/cortex_m/libarch__arm__core__cortex_m.a(fault.c.obj)
                0x0000000000002a10                z_arm_fault
 .text.z_arm_fault_init
                0x0000000000002c84       0x20 zephyr/arch/arch/arm/core/cortex_m/libarch__arm__core__cortex_m.a(fault.c.obj)
                0x0000000000002c84                z_arm_fault_init
 .text.__fault  0x0000000000002ca4       0x14 zephyr/arch/arch/arm/core/cortex_m/libarch__arm__core__cortex_m.a(fault_s.S.obj)
                0x0000000000002ca4                z_arm_usage_fault
                0x0000000000002ca4                z_arm_mpu_fault
                0x0000000000002ca4                z_arm_exc_spurious
                0x0000000000002ca4                z_arm_debug_monitor
                0x0000000000002ca4                z_arm_hard_fault
                0x0000000000002ca4                z_arm_bus_fault
 .text._reset_section
                0x0000000000002cb8       0x38 zephyr/arch/arch/arm/core/cortex_m/libarch__arm__core__cortex_m.a(reset.S.obj)
                0x0000000000002cb8                __start
                0x0000000000002cb8                z_arm_reset
 .text.z_impl_k_thread_abort
                0x0000000000002cf0       0x2c zephyr/arch/arch/arm/core/cortex_m/libarch__arm__core__cortex_m.a(thread_abort.c.obj)
                0x0000000000002cf0                z_impl_k_thread_abort
 .text.z_arm_pendsv
                0x0000000000002d1c       0x68 zephyr/arch/arch/arm/core/cortex_m/libarch__arm__core__cortex_m.a(swap_helper.S.obj)
                0x0000000000002d1c                z_arm_pendsv
 .text.z_arm_svc
                0x0000000000002d84       0x24 zephyr/arch/arch/arm/core/cortex_m/libarch__arm__core__cortex_m.a(swap_helper.S.obj)
                0x0000000000002d84                z_arm_svc
 .text.arm_irq_enable
                0x0000000000002da8       0x1c zephyr/arch/arch/arm/core/cortex_m/libarch__arm__core__cortex_m.a(irq_manage.c.obj)
                0x0000000000002da8                arm_irq_enable
 .text.arm_irq_disable
                0x0000000000002dc4       0x28 zephyr/arch/arch/arm/core/cortex_m/libarch__arm__core__cortex_m.a(irq_manage.c.obj)
                0x0000000000002dc4                arm_irq_disable
 .text.arm_irq_is_enabled
                0x0000000000002dec       0x1c zephyr/arch/arch/arm/core/cortex_m/libarch__arm__core__cortex_m.a(irq_manage.c.obj)
                0x0000000000002dec                arm_irq_is_enabled
 .text.arm_irq_priority_set
                0x0000000000002e08       0x64 zephyr/arch/arch/arm/core/cortex_m/libarch__arm__core__cortex_m.a(irq_manage.c.obj)
                0x0000000000002e08                arm_irq_priority_set
 .text.relocate_vector_table
                0x0000000000002e6c       0x1c zephyr/arch/arch/arm/core/cortex_m/libarch__arm__core__cortex_m.a(prep_c.c.obj)
                0x0000000000002e6c                relocate_vector_table
 .text.z_prep_c
                0x0000000000002e88       0x38 zephyr/arch/arch/arm/core/cortex_m/libarch__arm__core__cortex_m.a(prep_c.c.obj)
                0x0000000000002e88                z_prep_c
 .text.arch_new_thread
                0x0000000000002ec0       0x38 zephyr/arch/arch/arm/core/cortex_m/libarch__arm__core__cortex_m.a(thread.c.obj)
                0x0000000000002ec0                arch_new_thread
 .text.arch_switch_to_main_thread
                0x0000000000002ef8       0x40 zephyr/arch/arch/arm/core/cortex_m/libarch__arm__core__cortex_m.a(thread.c.obj)
                0x0000000000002ef8                arch_switch_to_main_thread
 .text.z_arm_cpu_idle_init
                0x0000000000002f38        0xc zephyr/arch/arch/arm/core/cortex_m/libarch__arm__core__cortex_m.a(cpu_idle.c.obj)
                0x0000000000002f38                z_arm_cpu_idle_init
 .text.z_arm_interrupt_init
                0x0000000000002f44       0x20 zephyr/arch/arch/arm/core/cortex_m/libarch__arm__core__cortex_m.a(irq_init.c.obj)
                0x0000000000002f44                z_arm_interrupt_init
 .text._isr_wrapper
                0x0000000000002f64       0x24 zephyr/arch/arch/arm/core/cortex_m/libarch__arm__core__cortex_m.a(isr_wrapper.c.obj)
                0x0000000000002f64                _isr_wrapper
 .text.z_arm_configure_static_mpu_regions
                0x0000000000002f88       0x38 zephyr/arch/arch/arm/core/mpu/libarch__arm__core__mpu.a(arm_core_mpu.c.obj)
                0x0000000000002f88                z_arm_configure_static_mpu_regions
 .text.region_init
                0x0000000000002fc0       0x34 zephyr/arch/arch/arm/core/mpu/libarch__arm__core__mpu.a(arm_mpu.c.obj)
 .text.region_allocate_and_init
                0x0000000000002ff4       0x48 zephyr/arch/arch/arm/core/mpu/libarch__arm__core__mpu.a(arm_mpu.c.obj)
 .text.mpu_configure_regions_and_partition.constprop.0
                0x000000000000303c      0x170 zephyr/arch/arch/arm/core/mpu/libarch__arm__core__mpu.a(arm_mpu.c.obj)
 .text.arm_core_mpu_enable
                0x00000000000031ac       0x18 zephyr/arch/arch/arm/core/mpu/libarch__arm__core__mpu.a(arm_mpu.c.obj)
                0x00000000000031ac                arm_core_mpu_enable
 .text.arm_core_mpu_disable
                0x00000000000031c4       0x14 zephyr/arch/arch/arm/core/mpu/libarch__arm__core__mpu.a(arm_mpu.c.obj)
                0x00000000000031c4                arm_core_mpu_disable
 .text.arm_core_mpu_configure_static_mpu_regions
                0x00000000000031d8       0x48 zephyr/arch/arch/arm/core/mpu/libarch__arm__core__mpu.a(arm_mpu.c.obj)
                0x00000000000031d8                arm_core_mpu_configure_static_mpu_regions
 .text.arm_core_mpu_mark_areas_for_dynamic_regions
                0x0000000000003220       0xe8 zephyr/arch/arch/arm/core/mpu/libarch__arm__core__mpu.a(arm_mpu.c.obj)
                0x0000000000003220                arm_core_mpu_mark_areas_for_dynamic_regions
 .text.z_arm_mpu_init
                0x0000000000003308      0x194 zephyr/arch/arch/arm/core/mpu/libarch__arm__core__mpu.a(arm_mpu.c.obj)
                0x0000000000003308                z_arm_mpu_init
 .text.cbvprintf
                0x000000000000349c       0x38 zephyr/lib/libc/picolibc/liblib__libc__picolibc.a(cbprintf.c.obj)
                0x000000000000349c                cbvprintf
 .text.z_impl_zephyr_fputc
                0x00000000000034d4       0x10 zephyr/lib/libc/picolibc/liblib__libc__picolibc.a(stdio.c.obj)
                0x00000000000034d4                z_impl_zephyr_fputc
 .text.__stdout_hook_install
                0x00000000000034e4       0x18 zephyr/lib/libc/picolibc/liblib__libc__picolibc.a(stdio.c.obj)
                0x00000000000034e4                __stdout_hook_install
 .text.malloc_prepare
                0x00000000000034fc       0x24 zephyr/lib/libc/common/liblib__libc__common.a(malloc.c.obj)
 .text.nordicsemi_nrf54l_init
                0x0000000000003520       0xa4 zephyr/soc/soc/nrf54l15/libsoc__nordic.a(soc.c.obj)
                0x0000000000003520                nordicsemi_nrf54l_init
 .text.arch_busy_wait
                0x00000000000035c4       0x24 zephyr/soc/soc/nrf54l15/libsoc__nordic.a(soc.c.obj)
                0x00000000000035c4                arch_busy_wait
 .text.cache_instr_enable
                0x00000000000035e8       0x10 zephyr/drivers/cache/libdrivers__cache.a(cache_nrf.c.obj)
                0x00000000000035e8                cache_instr_enable
 .text.onoff_start
                0x00000000000035f8       0x3c zephyr/drivers/clock_control/libdrivers__clock_control.a(clock_control_nrf.c.obj)
 .text.get_status
                0x0000000000003634       0x38 zephyr/drivers/clock_control/libdrivers__clock_control.a(clock_control_nrf.c.obj)
 .text.stop     0x000000000000366c       0x78 zephyr/drivers/clock_control/libdrivers__clock_control.a(clock_control_nrf.c.obj)
 .text.onoff_stop
                0x00000000000036e4       0x28 zephyr/drivers/clock_control/libdrivers__clock_control.a(clock_control_nrf.c.obj)
 .text.clk_init
                0x000000000000370c       0x5c zephyr/drivers/clock_control/libdrivers__clock_control.a(clock_control_nrf.c.obj)
 .text.api_blocking_start
                0x0000000000003768       0x34 zephyr/drivers/clock_control/libdrivers__clock_control.a(clock_control_nrf.c.obj)
 .text.generic_hfclk_stop
                0x000000000000379c       0x34 zephyr/drivers/clock_control/libdrivers__clock_control.a(clock_control_nrf.c.obj)
 .text.clkstarted_handle.constprop.0
                0x00000000000037d0       0x4c zephyr/drivers/clock_control/libdrivers__clock_control.a(clock_control_nrf.c.obj)
 .text.clock_event_handler
                0x000000000000381c       0x68 zephyr/drivers/clock_control/libdrivers__clock_control.a(clock_control_nrf.c.obj)
 .text.generic_hfclk_start
                0x0000000000003884       0x78 zephyr/drivers/clock_control/libdrivers__clock_control.a(clock_control_nrf.c.obj)
 .text.z_nrf_clock_control_lf_on
                0x00000000000038fc      0x134 zephyr/drivers/clock_control/libdrivers__clock_control.a(clock_control_nrf.c.obj)
                0x00000000000038fc                z_nrf_clock_control_lf_on
 .text.uart_console_init
                0x0000000000003a30       0x28 zephyr/drivers/console/libdrivers__console.a(uart_console.c.obj)
 .text.console_out
                0x0000000000003a58       0x3c zephyr/drivers/console/libdrivers__console.a(uart_console.c.obj)
 .text.nrf_rram_get_size
                0x0000000000003a94       0x10 zephyr/drivers/flash/libdrivers__flash.a(soc_flash_nrf_rram.c.obj)
                0x0000000000003a94                nrf_rram_get_size
 .text.nrf_rram_get_parameters
                0x0000000000003aa4        0x8 zephyr/drivers/flash/libdrivers__flash.a(soc_flash_nrf_rram.c.obj)
 .text.nrf_rram_page_layout
                0x0000000000003aac       0x10 zephyr/drivers/flash/libdrivers__flash.a(soc_flash_nrf_rram.c.obj)
 .text.z_log_msg_runtime_create.constprop.0
                0x0000000000003abc       0x28 zephyr/drivers/flash/libdrivers__flash.a(soc_flash_nrf_rram.c.obj)
 .text.nrf_rram_init
                0x0000000000003ae4       0x24 zephyr/drivers/flash/libdrivers__flash.a(soc_flash_nrf_rram.c.obj)
 .text.nrf_rram_read
                0x0000000000003b08       0x2c zephyr/drivers/flash/libdrivers__flash.a(soc_flash_nrf_rram.c.obj)
 .text.nrf_write
                0x0000000000003b34       0xb8 zephyr/drivers/flash/libdrivers__flash.a(soc_flash_nrf_rram.c.obj)
 .text.flash_nor_get_parameters
                0x0000000000003bec        0x8 zephyr/drivers/flash/libdrivers__flash.a(spi_nor.c.obj)
 .text.spi_nor_init
                0x0000000000003bf4       0x20 zephyr/drivers/flash/libdrivers__flash.a(spi_nor.c.obj)
 .text.spi_nor_erase
                0x0000000000003c14      0x140 zephyr/drivers/flash/libdrivers__flash.a(spi_nor.c.obj)
 .text.spi_nor_pm_control
                0x0000000000003d54      0x404 zephyr/drivers/flash/libdrivers__flash.a(spi_nor.c.obj)
 .text.gpio_nrfx_manage_callback
                0x0000000000004158       0xa0 zephyr/drivers/gpio/libdrivers__gpio.a(gpio_nrfx.c.obj)
 .text.gpio_nrfx_init
                0x00000000000041f8       0x64 zephyr/drivers/gpio/libdrivers__gpio.a(gpio_nrfx.c.obj)
 .text.nrf_gpio_pin_port_decode
                0x000000000000425c       0x54 zephyr/drivers/gpio/libdrivers__gpio.a(gpio_nrfx.c.obj)
 .text.gpio_nrfx_pin_interrupt_configure
                0x00000000000042b0      0x128 zephyr/drivers/gpio/libdrivers__gpio.a(gpio_nrfx.c.obj)
 .text.gpio_nrfx_pin_configure
                0x00000000000043d8      0x1dc zephyr/drivers/gpio/libdrivers__gpio.a(gpio_nrfx.c.obj)
 .text.nrfx_gpio_handler
                0x00000000000045b4       0x84 zephyr/drivers/gpio/libdrivers__gpio.a(gpio_nrfx.c.obj)
 .text.nrf_gpio_pin_port_decode
                0x0000000000004638       0x54 zephyr/drivers/pinctrl/libdrivers__pinctrl.a(pinctrl_nrf.c.obj)
 .text.pinctrl_configure_pins
                0x000000000000468c      0x17c zephyr/drivers/pinctrl/libdrivers__pinctrl.a(pinctrl_nrf.c.obj)
                0x000000000000468c                pinctrl_configure_pins
 .text.uarte_instance_deinit
                0x0000000000004808        0xc zephyr/drivers/serial/libdrivers__serial.a(uart_nrfx_uarte.c.obj)
 .text.z_log_msg_runtime_create.constprop.0
                0x0000000000004814       0x24 zephyr/drivers/serial/libdrivers__serial.a(uart_nrfx_uarte.c.obj)
 .text.uarte_has_cross_domain_connection
                0x0000000000004838       0x68 zephyr/drivers/serial/libdrivers__serial.a(uart_nrfx_uarte.c.obj)
 .text.uarte_20_init
                0x00000000000048a0       0x8c zephyr/drivers/serial/libdrivers__serial.a(uart_nrfx_uarte.c.obj)
 .text.uarte_nrfx_pm_action
                0x000000000000492c      0x110 zephyr/drivers/serial/libdrivers__serial.a(uart_nrfx_uarte.c.obj)
 .text.uarte_nrfx_poll_out
                0x0000000000004a3c       0xdc zephyr/drivers/serial/libdrivers__serial.a(uart_nrfx_uarte.c.obj)
 .text.nrf_gpio_pin_port_decode
                0x0000000000004b18       0x54 zephyr/drivers/spi/libdrivers__spi.a(spi_nrfx_spim.c.obj)
 .text.gpio_pin_set.isra.0
                0x0000000000004b6c       0x5c zephyr/drivers/spi/libdrivers__spi.a(spi_nrfx_spim.c.obj)
 .text.spi_nrfx_init
                0x0000000000004bc8      0x190 zephyr/drivers/spi/libdrivers__spi.a(spi_nrfx_spim.c.obj)
 .text.finish_transaction
                0x0000000000004d58       0x60 zephyr/drivers/spi/libdrivers__spi.a(spi_nrfx_spim.c.obj)
 .text.transfer_next_chunk
                0x0000000000004db8       0xd0 zephyr/drivers/spi/libdrivers__spi.a(spi_nrfx_spim.c.obj)
 .text.event_handler
                0x0000000000004e88      0x148 zephyr/drivers/spi/libdrivers__spi.a(spi_nrfx_spim.c.obj)
 .text.spi_nrfx_transceive
                0x0000000000004fd0      0x3d4 zephyr/drivers/spi/libdrivers__spi.a(spi_nrfx_spim.c.obj)
 .text.nrf_gpio_pin_port_decode
                0x00000000000053a4       0x54 zephyr/drivers/spi/libdrivers__spi.a(spi_nrfx_common.c.obj)
 .text.spi_nrfx_wake_init
                0x00000000000053f8       0x60 zephyr/drivers/spi/libdrivers__spi.a(spi_nrfx_common.c.obj)
                0x00000000000053f8                spi_nrfx_wake_init
 .text.spi_nrfx_wake_request
                0x0000000000005458       0x84 zephyr/drivers/spi/libdrivers__spi.a(spi_nrfx_common.c.obj)
                0x0000000000005458                spi_nrfx_wake_request
 .text.sys_clock_timeout_handler
                0x00000000000054dc       0x40 zephyr/drivers/timer/libdrivers__timer.a(nrf_grtc_timer.c.obj)
 .text.sys_clock_driver_init
                0x000000000000551c       0x88 zephyr/drivers/timer/libdrivers__timer.a(nrf_grtc_timer.c.obj)
 .text.sys_clock_cycle_get_32
                0x00000000000055a4       0x8c zephyr/drivers/timer/libdrivers__timer.a(nrf_grtc_timer.c.obj)
                0x00000000000055a4                sys_clock_cycle_get_32
 .text.sys_clock_elapsed
                0x0000000000005630       0x20 zephyr/drivers/timer/libdrivers__timer.a(nrf_grtc_timer.c.obj)
                0x0000000000005630                sys_clock_elapsed
 .text.sys_clock_set_timeout
                0x0000000000005650       0x50 zephyr/drivers/timer/libdrivers__timer.a(nrf_grtc_timer.c.obj)
                0x0000000000005650                sys_clock_set_timeout
 .text.nrf54l_errata_31
                0x00000000000056a0       0x20 modules/hal_nordic/nrfx/libnrfx.a(system_nrf54l.c.obj)
 .text.nrf54l_handle_approtect_signal
                0x00000000000056c0       0x34 modules/hal_nordic/nrfx/libnrfx.a(system_nrf54l.c.obj)
 .text.SystemInit
                0x00000000000056f4      0x12c modules/hal_nordic/nrfx/libnrfx.a(system_nrf54l.c.obj)
                0x00000000000056f4                SystemInit
 .text.nrfx_flag32_alloc
                0x0000000000005820       0x40 modules/hal_nordic/nrfx/libnrfx.a(nrfx_flag32_allocator.c.obj)
                0x0000000000005820                nrfx_flag32_alloc
 .text.nrfx_flag32_free
                0x0000000000005860       0x38 modules/hal_nordic/nrfx/libnrfx.a(nrfx_flag32_allocator.c.obj)
                0x0000000000005860                nrfx_flag32_free
 .text.clock_stop
                0x0000000000005898      0x124 modules/hal_nordic/nrfx/libnrfx.a(nrfx_clock.c.obj)
 .text.nrfx_clock_init
                0x00000000000059bc       0x20 modules/hal_nordic/nrfx/libnrfx.a(nrfx_clock.c.obj)
                0x00000000000059bc                nrfx_clock_init
 .text.nrfx_clock_enable
                0x00000000000059dc       0x54 modules/hal_nordic/nrfx/libnrfx.a(nrfx_clock.c.obj)
                0x00000000000059dc                nrfx_clock_enable
 .text.nrfx_clock_start
                0x0000000000005a30      0x118 modules/hal_nordic/nrfx/libnrfx.a(nrfx_clock.c.obj)
                0x0000000000005a30                nrfx_clock_start
 .text.nrfx_clock_stop
                0x0000000000005b48       0x38 modules/hal_nordic/nrfx/libnrfx.a(nrfx_clock.c.obj)
                0x0000000000005b48                nrfx_clock_stop
 .text.nrfx_power_clock_irq_handler
                0x0000000000005b80       0xb4 modules/hal_nordic/nrfx/libnrfx.a(nrfx_clock.c.obj)
                0x0000000000005b80                nrfx_power_clock_irq_handler
 .text.nrf_gpio_pin_present_check
                0x0000000000005c34       0x28 modules/hal_nordic/nrfx/libnrfx.a(nrfx_gpiote.c.obj)
 .text.get_pin_idx
                0x0000000000005c5c       0x14 modules/hal_nordic/nrfx/libnrfx.a(nrfx_gpiote.c.obj)
 .text.release_handler
                0x0000000000005c70       0x9c modules/hal_nordic/nrfx/libnrfx.a(nrfx_gpiote.c.obj)
 .text.nrf_gpio_pin_port_decode
                0x0000000000005d0c       0x64 modules/hal_nordic/nrfx/libnrfx.a(nrfx_gpiote.c.obj)
 .text.nrf_gpiote_in_event_get
                0x0000000000005d70       0x34 modules/hal_nordic/nrfx/libnrfx.a(nrfx_gpiote.c.obj)
 .text.latch_pending_read_and_check
                0x0000000000005da4       0x58 modules/hal_nordic/nrfx/libnrfx.a(nrfx_gpiote.c.obj)
 .text.pin_te_get.isra.0
                0x0000000000005dfc       0x20 modules/hal_nordic/nrfx/libnrfx.a(nrfx_gpiote.c.obj)
 .text.pin_is_output.isra.0
                0x0000000000005e1c       0x24 modules/hal_nordic/nrfx/libnrfx.a(nrfx_gpiote.c.obj)
 .text.pin_has_trigger.isra.0
                0x0000000000005e40       0x28 modules/hal_nordic/nrfx/libnrfx.a(nrfx_gpiote.c.obj)
 .text.pin_in_use_by_te.isra.0
                0x0000000000005e68       0x24 modules/hal_nordic/nrfx/libnrfx.a(nrfx_gpiote.c.obj)
 .text.pin_in_event_get
                0x0000000000005e8c       0x90 modules/hal_nordic/nrfx/libnrfx.a(nrfx_gpiote.c.obj)
 .text.pin_in_use.isra.0
                0x0000000000005f1c       0x24 modules/hal_nordic/nrfx/libnrfx.a(nrfx_gpiote.c.obj)
 .text.irq_handler
                0x0000000000005f40      0x1d4 modules/hal_nordic/nrfx/libnrfx.a(nrfx_gpiote.c.obj)
 .text.pin_uninit
                0x0000000000006114       0x94 modules/hal_nordic/nrfx/libnrfx.a(nrfx_gpiote.c.obj)
 .text.nrfx_gpiote_input_configure
                0x00000000000061a8      0x1d0 modules/hal_nordic/nrfx/libnrfx.a(nrfx_gpiote.c.obj)
                0x00000000000061a8                nrfx_gpiote_input_configure
 .text.nrfx_gpiote_output_configure
                0x0000000000006378      0x134 modules/hal_nordic/nrfx/libnrfx.a(nrfx_gpiote.c.obj)
                0x0000000000006378                nrfx_gpiote_output_configure
 .text.nrfx_gpiote_global_callback_set
                0x00000000000064ac       0x1c modules/hal_nordic/nrfx/libnrfx.a(nrfx_gpiote.c.obj)
                0x00000000000064ac                nrfx_gpiote_global_callback_set
 .text.nrfx_gpiote_channel_get
                0x00000000000064c8       0x60 modules/hal_nordic/nrfx/libnrfx.a(nrfx_gpiote.c.obj)
                0x00000000000064c8                nrfx_gpiote_channel_get
 .text.nrfx_gpiote_init
                0x0000000000006528       0x8c modules/hal_nordic/nrfx/libnrfx.a(nrfx_gpiote.c.obj)
                0x0000000000006528                nrfx_gpiote_init
 .text.nrfx_gpiote_init_check
                0x00000000000065b4       0x1c modules/hal_nordic/nrfx/libnrfx.a(nrfx_gpiote.c.obj)
                0x00000000000065b4                nrfx_gpiote_init_check
 .text.nrfx_gpiote_channel_free
                0x00000000000065d0       0x10 modules/hal_nordic/nrfx/libnrfx.a(nrfx_gpiote.c.obj)
                0x00000000000065d0                nrfx_gpiote_channel_free
 .text.nrfx_gpiote_channel_alloc
                0x00000000000065e0       0x10 modules/hal_nordic/nrfx/libnrfx.a(nrfx_gpiote.c.obj)
                0x00000000000065e0                nrfx_gpiote_channel_alloc
 .text.nrfx_gpiote_trigger_enable
                0x00000000000065f0      0x100 modules/hal_nordic/nrfx/libnrfx.a(nrfx_gpiote.c.obj)
                0x00000000000065f0                nrfx_gpiote_trigger_enable
 .text.nrfx_gpiote_20_irq_handler
                0x00000000000066f0       0x10 modules/hal_nordic/nrfx/libnrfx.a(nrfx_gpiote.c.obj)
                0x00000000000066f0                nrfx_gpiote_20_irq_handler
 .text.nrfx_gpiote_30_irq_handler
                0x0000000000006700       0x10 modules/hal_nordic/nrfx/libnrfx.a(nrfx_gpiote.c.obj)
                0x0000000000006700                nrfx_gpiote_30_irq_handler
 .text.sleep_configure
                0x0000000000006710       0x6c modules/hal_nordic/nrfx/libnrfx.a(nrfx_grtc.c.obj)
 .text.nrf_grtc_sys_counter_compare_event_disable.constprop.0
                0x000000000000677c       0x3c modules/hal_nordic/nrfx/libnrfx.a(nrfx_grtc.c.obj)
 .text.cc_channel_prepare
                0x00000000000067b8       0x58 modules/hal_nordic/nrfx/libnrfx.a(nrfx_grtc.c.obj)
 .text.nrf_grtc_sys_counter_cc_get.constprop.0
                0x0000000000006810       0x40 modules/hal_nordic/nrfx/libnrfx.a(nrfx_grtc.c.obj)
 .text.nrf_grtc_sys_counter_cc_set.constprop.0
                0x0000000000006850       0x5c modules/hal_nordic/nrfx/libnrfx.a(nrfx_grtc.c.obj)
 .text.syscounter_check
                0x00000000000068ac       0x38 modules/hal_nordic/nrfx/libnrfx.a(nrfx_grtc.c.obj)
 .text.nrfx_grtc_syscounter_get
                0x00000000000068e4       0x90 modules/hal_nordic/nrfx/libnrfx.a(nrfx_grtc.c.obj)
                0x00000000000068e4                nrfx_grtc_syscounter_get
 .text.nrfx_grtc_init
                0x0000000000006974      0x168 modules/hal_nordic/nrfx/libnrfx.a(nrfx_grtc.c.obj)
                0x0000000000006974                nrfx_grtc_init
 .text.nrfx_grtc_syscounter_start
                0x0000000000006adc      0x128 modules/hal_nordic/nrfx/libnrfx.a(nrfx_grtc.c.obj)
                0x0000000000006adc                nrfx_grtc_syscounter_start
 .text.nrfx_grtc_syscounter_cc_absolute_set
                0x0000000000006c04       0xd0 modules/hal_nordic/nrfx/libnrfx.a(nrfx_grtc.c.obj)
                0x0000000000006c04                nrfx_grtc_syscounter_cc_absolute_set
 .text.nrfx_grtc_irq_handler
                0x0000000000006cd4       0xd0 modules/hal_nordic/nrfx/libnrfx.a(nrfx_grtc.c.obj)
                0x0000000000006cd4                nrfx_grtc_irq_handler
 .text.nrf_gpio_pin_port_decode
                0x0000000000006da4       0x54 modules/hal_nordic/nrfx/libnrfx.a(nrfx_spim.c.obj)
 .text.pin_init.constprop.0
                0x0000000000006df8       0x4c modules/hal_nordic/nrfx/libnrfx.a(nrfx_spim.c.obj)
 .text.spim_frequency_valid_check.isra.0
                0x0000000000006e44       0x48 modules/hal_nordic/nrfx/libnrfx.a(nrfx_spim.c.obj)
 .text.spim_configure
                0x0000000000006e8c      0x244 modules/hal_nordic/nrfx/libnrfx.a(nrfx_spim.c.obj)
 .text.spim_pin_uninit
                0x00000000000070d0       0x30 modules/hal_nordic/nrfx/libnrfx.a(nrfx_spim.c.obj)
 .text.nrfx_spim_init
                0x0000000000007100       0x8c modules/hal_nordic/nrfx/libnrfx.a(nrfx_spim.c.obj)
                0x0000000000007100                nrfx_spim_init
 .text.nrfx_spim_uninit
                0x000000000000718c       0xb8 modules/hal_nordic/nrfx/libnrfx.a(nrfx_spim.c.obj)
                0x000000000000718c                nrfx_spim_uninit
 .text.nrfx_spim_xfer
                0x0000000000007244      0x298 modules/hal_nordic/nrfx/libnrfx.a(nrfx_spim.c.obj)
                0x0000000000007244                nrfx_spim_xfer
 .text.nrfx_spim_00_irq_handler
                0x00000000000074dc       0xbc modules/hal_nordic/nrfx/libnrfx.a(nrfx_spim.c.obj)
                0x00000000000074dc                nrfx_spim_00_irq_handler
 .text.do_device_init
                0x0000000000007598       0x70 zephyr/kernel/libkernel.a(device.c.obj)
                0x0000000000007598                do_device_init
 .text.k_sys_fatal_error_handler
                0x0000000000007608       0x2c zephyr/kernel/libkernel.a(fatal.c.obj)
                0x0000000000007608                k_sys_fatal_error_handler
 .text.z_fatal_error
                0x0000000000007634       0xfc zephyr/kernel/libkernel.a(fatal.c.obj)
                0x0000000000007634                z_fatal_error
 .text.z_sys_init_run_level
                0x0000000000007730       0x30 zephyr/kernel/libkernel.a(init.c.obj)
 .text.bg_thread_main
                0x0000000000007760      0x108 zephyr/kernel/libkernel.a(init.c.obj)
 .text.z_init_cpu
                0x0000000000007868       0x68 zephyr/kernel/libkernel.a(init.c.obj)
                0x0000000000007868                z_init_cpu
 .text.z_cstart
                0x00000000000078d0      0x110 zephyr/kernel/libkernel.a(init.c.obj)
                0x00000000000078d0                z_cstart
 .text.idle     0x00000000000079e0       0x48 zephyr/kernel/libkernel.a(idle.c.obj)
                0x00000000000079e0                idle
 .text.unpend_thread_no_timeout
                0x0000000000007a28       0x40 zephyr/kernel/libkernel.a(sem.c.obj)
 .text.z_impl_k_sem_give
                0x0000000000007a68       0xfc zephyr/kernel/libkernel.a(sem.c.obj)
                0x0000000000007a68                z_impl_k_sem_give
 .text.z_impl_k_sem_take
                0x0000000000007b64       0xf4 zephyr/kernel/libkernel.a(sem.c.obj)
                0x0000000000007b64                z_impl_k_sem_take
 .text.z_impl_k_sem_reset
                0x0000000000007c58      0x104 zephyr/kernel/libkernel.a(sem.c.obj)
                0x0000000000007c58                z_impl_k_sem_reset
 .text.work_queue_main
                0x0000000000007d5c      0x208 zephyr/kernel/libkernel.a(work.c.obj)
 .text.submit_to_queue_locked
                0x0000000000007f64       0xdc zephyr/kernel/libkernel.a(work.c.obj)
 .text.work_timeout
                0x0000000000008040       0xa8 zephyr/kernel/libkernel.a(work.c.obj)
 .text.k_work_queue_start
                0x00000000000080e8       0xe0 zephyr/kernel/libkernel.a(work.c.obj)
                0x00000000000080e8                k_work_queue_start
 .text.k_work_init_delayable
                0x00000000000081c8       0x58 zephyr/kernel/libkernel.a(work.c.obj)
                0x00000000000081c8                k_work_init_delayable
 .text.k_work_schedule_for_queue
                0x0000000000008220      0x108 zephyr/kernel/libkernel.a(work.c.obj)
                0x0000000000008220                k_work_schedule_for_queue
 .text.k_work_schedule
                0x0000000000008328        0xc zephyr/kernel/libkernel.a(work.c.obj)
                0x0000000000008328                k_work_schedule
 .text.k_work_cancel_delayable
                0x0000000000008334       0xb8 zephyr/kernel/libkernel.a(work.c.obj)
                0x0000000000008334                k_work_cancel_delayable
 .text.z_setup_new_thread
                0x00000000000083ec       0xcc zephyr/kernel/libkernel.a(thread.c.obj)
                0x00000000000083ec                z_setup_new_thread
 .text.z_impl_k_thread_create
                0x00000000000084b8       0x8c zephyr/kernel/libkernel.a(thread.c.obj)
                0x00000000000084b8                z_impl_k_thread_create
 .text.z_dummy_thread_init
                0x0000000000008544       0x18 zephyr/kernel/libkernel.a(thread.c.obj)
                0x0000000000008544                z_dummy_thread_init
 .text.unready_thread
                0x000000000000855c       0xa4 zephyr/kernel/libkernel.a(sched.c.obj)
 .text.unpend_thread_no_timeout
                0x0000000000008600       0x38 zephyr/kernel/libkernel.a(sched.c.obj)
 .text.ready_thread
                0x0000000000008638       0xd4 zephyr/kernel/libkernel.a(sched.c.obj)
 .text.z_swap_irqlock
                0x000000000000870c       0x6c zephyr/kernel/libkernel.a(sched.c.obj)
 .text.move_thread_to_end_of_prio_q
                0x0000000000008778       0xf4 zephyr/kernel/libkernel.a(sched.c.obj)
                0x0000000000008778                move_thread_to_end_of_prio_q
 .text.z_ready_thread
                0x000000000000886c       0x8c zephyr/kernel/libkernel.a(sched.c.obj)
                0x000000000000886c                z_ready_thread
 .text.z_sched_wake_thread
                0x00000000000088f8       0xb8 zephyr/kernel/libkernel.a(sched.c.obj)
                0x00000000000088f8                z_sched_wake_thread
 .text.z_pend_curr
                0x00000000000089b0      0x10c zephyr/kernel/libkernel.a(sched.c.obj)
                0x00000000000089b0                z_pend_curr
 .text.z_reschedule
                0x0000000000008abc       0x8c zephyr/kernel/libkernel.a(sched.c.obj)
                0x0000000000008abc                z_reschedule
 .text.z_reschedule_irqlock
                0x0000000000008b48       0x28 zephyr/kernel/libkernel.a(sched.c.obj)
                0x0000000000008b48                z_reschedule_irqlock
 .text.k_sched_lock
                0x0000000000008b70       0xe4 zephyr/kernel/libkernel.a(sched.c.obj)
                0x0000000000008b70                k_sched_lock
 .text.k_sched_unlock
                0x0000000000008c54      0x120 zephyr/kernel/libkernel.a(sched.c.obj)
                0x0000000000008c54                k_sched_unlock
 .text.z_sched_init
                0x0000000000008d74       0x10 zephyr/kernel/libkernel.a(sched.c.obj)
                0x0000000000008d74                z_sched_init
 .text.z_impl_k_yield
                0x0000000000008d84      0x120 zephyr/kernel/libkernel.a(sched.c.obj)
                0x0000000000008d84                z_impl_k_yield
 .text.z_tick_sleep
                0x0000000000008ea4      0x114 zephyr/kernel/libkernel.a(sched.c.obj)
 .text.z_impl_k_sleep
                0x0000000000008fb8       0x90 zephyr/kernel/libkernel.a(sched.c.obj)
                0x0000000000008fb8                z_impl_k_sleep
 .text.z_impl_k_wakeup
                0x0000000000009048       0xb0 zephyr/kernel/libkernel.a(sched.c.obj)
                0x0000000000009048                z_impl_k_wakeup
 .text.z_impl_k_sched_current_thread_query
                0x00000000000090f8        0xc zephyr/kernel/libkernel.a(sched.c.obj)
                0x00000000000090f8                z_impl_k_sched_current_thread_query
 .text.z_thread_abort
                0x0000000000009104      0x250 zephyr/kernel/libkernel.a(sched.c.obj)
                0x0000000000009104                z_thread_abort
 .text.z_sched_wake
                0x0000000000009354       0xbc zephyr/kernel/libkernel.a(sched.c.obj)
                0x0000000000009354                z_sched_wake
 .text.z_sched_wait
                0x0000000000009410       0x24 zephyr/kernel/libkernel.a(sched.c.obj)
                0x0000000000009410                z_sched_wait
 .text.z_sched_waitq_walk
                0x0000000000009434       0xb4 zephyr/kernel/libkernel.a(sched.c.obj)
                0x0000000000009434                z_sched_waitq_walk
 .text.slice_timeout
                0x00000000000094e8       0x5c zephyr/kernel/libkernel.a(timeslicing.c.obj)
 .text.thread_is_sliceable
                0x0000000000009544       0x3c zephyr/kernel/libkernel.a(timeslicing.c.obj)
                0x0000000000009544                thread_is_sliceable
 .text.z_reset_time_slice
                0x0000000000009580       0x50 zephyr/kernel/libkernel.a(timeslicing.c.obj)
                0x0000000000009580                z_reset_time_slice
 .text.z_time_slice
                0x00000000000095d0       0xc8 zephyr/kernel/libkernel.a(timeslicing.c.obj)
                0x00000000000095d0                z_time_slice
 .text.z_spin_lock_valid
                0x0000000000009698       0x1c zephyr/kernel/libkernel.a(spinlock_validate.c.obj)
                0x0000000000009698                z_spin_lock_valid
 .text.z_spin_unlock_valid
                0x00000000000096b4       0x2c zephyr/kernel/libkernel.a(spinlock_validate.c.obj)
                0x00000000000096b4                z_spin_unlock_valid
 .text.z_spin_lock_set_owner
                0x00000000000096e0       0x10 zephyr/kernel/libkernel.a(spinlock_validate.c.obj)
                0x00000000000096e0                z_spin_lock_set_owner
 .text.first    0x00000000000096f0       0x10 zephyr/kernel/libkernel.a(timeout.c.obj)
 .text.elapsed  0x0000000000009700       0x14 zephyr/kernel/libkernel.a(timeout.c.obj)
 .text.remove_timeout
                0x0000000000009714       0x38 zephyr/kernel/libkernel.a(timeout.c.obj)
 .text.z_add_timeout
                0x000000000000974c      0x1b8 zephyr/kernel/libkernel.a(timeout.c.obj)
                0x000000000000974c                z_add_timeout
 .text.z_abort_timeout
                0x0000000000009904       0xbc zephyr/kernel/libkernel.a(timeout.c.obj)
                0x0000000000009904                z_abort_timeout
 .text.sys_clock_announce
                0x00000000000099c0      0x148 zephyr/kernel/libkernel.a(timeout.c.obj)
                0x00000000000099c0                sys_clock_announce
 .text.sys_clock_tick_get
                0x0000000000009b08       0x9c zephyr/kernel/libkernel.a(timeout.c.obj)
                0x0000000000009b08                sys_clock_tick_get
 .text.k_event_post_internal
                0x0000000000009ba4       0xa8 zephyr/kernel/libkernel.a(events.c.obj)
 .text.k_event_wait_internal
                0x0000000000009c4c      0x144 zephyr/kernel/libkernel.a(events.c.obj)
 .text.boot_banner
                0x0000000000009d90        0xc zephyr/kernel/libkernel.a(banner.c.obj)
                0x0000000000009d90                boot_banner
 .text.k_sys_work_q_init
                0x0000000000009d9c       0x2c zephyr/kernel/libkernel.a(system_work_q.c.obj)
 .text.__l_vfprintf
                0x0000000000009dc8      0x4b4 c:\users\michaeldesrosiers\zephyr-sdk-0.17.4\arm-zephyr-eabi\bin\../lib/gcc/../../picolibc/arm-zephyr-eabi/lib/thumb/v8-m.main/nofp\libc.a(libc_tinystdio_vflprintf.c.o)
                0x0000000000009dc8                __l_vfprintf
 .text._OffsetAbsSyms
                0x000000000000a27c        0x2 zephyr/CMakeFiles/offsets.dir/./arch/arm/core/offsets/offsets.c.obj
                0x000000000000a27c                _OffsetAbsSyms
 .text.z_log_msg_runtime_create.constprop.0
                0x000000000000a27e       0x1e app/libapp.a(main.c.obj)
 .text.gpio_is_ready_dt.isra.0
                0x000000000000a29c        0x4 app/libapp.a(main.c.obj)
 .text.chunk_size
                0x000000000000a2a0        0xa zephyr/libzephyr.a(heap.c.obj)
 .text.free_list_add
                0x000000000000a2aa       0x4e zephyr/libzephyr.a(heap.c.obj)
 .text.cbpprintf_external
                0x000000000000a2f8       0x62 zephyr/libzephyr.a(cbprintf_packaged.c.obj)
                0x000000000000a2f8                cbpprintf_external
 .text.arch_printk_char_out
                0x000000000000a35a        0x4 zephyr/libzephyr.a(printk.c.obj)
                0x000000000000a35a                arch_printk_char_out
 .text.vprintk  0x000000000000a35e        0x4 zephyr/libzephyr.a(printk.c.obj)
                0x000000000000a35e                vprintk
 .text.printk   0x000000000000a362       0x1a zephyr/libzephyr.a(printk.c.obj)
                0x000000000000a362                printk
 .text.assert_post_action
                0x000000000000a37c       0x12 zephyr/libzephyr.a(assert.c.obj)
                0x000000000000a37c                assert_post_action
 .text.assert_print
                0x000000000000a38e       0x1a zephyr/libzephyr.a(assert.c.obj)
                0x000000000000a38e                assert_print
 .text.process_recheck
                0x000000000000a3a8       0x38 zephyr/libzephyr.a(onoff.c.obj)
 .text.validate_args
                0x000000000000a3e0       0x20 zephyr/libzephyr.a(onoff.c.obj)
 .text.notify_one
                0x000000000000a400       0x2c zephyr/libzephyr.a(onoff.c.obj)
 .text.onoff_manager_init
                0x000000000000a42c       0x26 zephyr/libzephyr.a(onoff.c.obj)
                0x000000000000a42c                onoff_manager_init
 .text.sys_notify_validate
                0x000000000000a452       0x22 zephyr/libzephyr.a(notify.c.obj)
                0x000000000000a452                sys_notify_validate
 .text._ConfigAbsSyms
                0x000000000000a474        0x2 zephyr/libzephyr.a(configs.c.obj)
                0x000000000000a474                _ConfigAbsSyms
 .text.dummy_timestamp
                0x000000000000a476        0x4 zephyr/libzephyr.a(log_core.c.obj)
 .text.default_get_timestamp
                0x000000000000a47a        0x4 zephyr/libzephyr.a(log_core.c.obj)
 .text.atomic_inc
                0x000000000000a47e       0x12 zephyr/libzephyr.a(log_core.c.obj)
 .text.enable_logger
                0x000000000000a490        0xe zephyr/libzephyr.a(log_core.c.obj)
 .text.z_log_vprintk
                0x000000000000a49e       0x1c zephyr/libzephyr.a(log_core.c.obj)
                0x000000000000a49e                z_log_vprintk
 .text.z_log_notify_backend_enabled
                0x000000000000a4ba        0x2 zephyr/libzephyr.a(log_core.c.obj)
                0x000000000000a4ba                z_log_notify_backend_enabled
 .text.z_log_get_tag
                0x000000000000a4bc        0x4 zephyr/libzephyr.a(log_core.c.obj)
                0x000000000000a4bc                z_log_get_tag
 .text.log_backend_enable
                0x000000000000a4c0       0x12 zephyr/libzephyr.a(log_mgmt.c.obj)
                0x000000000000a4c0                log_backend_enable
 .text.z_log_msg_finalize
                0x000000000000a4d2       0x32 zephyr/libzephyr.a(log_msg.c.obj)
                0x000000000000a4d2                z_log_msg_finalize
 .text.z_log_msg_runtime_create.constprop.0
                0x000000000000a504       0x20 zephyr/libzephyr.a(log_msg.c.obj)
 .text.log_output_write
                0x000000000000a524       0x1c zephyr/libzephyr.a(log_output.c.obj)
 .text.out_func
                0x000000000000a540       0x1c zephyr/libzephyr.a(log_output.c.obj)
 .text.cr_out_func
                0x000000000000a55c       0x1c zephyr/libzephyr.a(log_output.c.obj)
 .text.log_output_msg_process
                0x000000000000a578       0x6a zephyr/libzephyr.a(log_output.c.obj)
                0x000000000000a578                log_output_msg_process
 .text.format_set
                0x000000000000a5e2        0xc zephyr/libzephyr.a(log_backend_uart.c.obj)
 .text.process  0x000000000000a5ee       0x1e zephyr/libzephyr.a(log_backend_uart.c.obj)
 .text.pm_device_state_get
                0x000000000000a60c       0x12 zephyr/libzephyr.a(device.c.obj)
                0x000000000000a60c                pm_device_state_get
 .text.pm_device_is_busy
                0x000000000000a61e        0xe zephyr/libzephyr.a(device.c.obj)
                0x000000000000a61e                pm_device_is_busy
 .text.pm_device_is_powered
                0x000000000000a62c       0x18 zephyr/libzephyr.a(device.c.obj)
                0x000000000000a62c                pm_device_is_powered
 .text.pm_device_driver_init
                0x000000000000a644       0x3c zephyr/libzephyr.a(device.c.obj)
                0x000000000000a644                pm_device_driver_init
 .text.pm_device_driver_deinit
                0x000000000000a680       0x14 zephyr/libzephyr.a(device.c.obj)
                0x000000000000a680                pm_device_driver_deinit
 .text.put_sync_locked
                0x000000000000a694       0x46 zephyr/libzephyr.a(device_runtime.c.obj)
 .text.atomic_test_bit
                0x000000000000a6da        0xc zephyr/libzephyr.a(device_runtime.c.obj)
 .text.k_sem_take
                0x000000000000a6e6        0x4 zephyr/libzephyr.a(device_runtime.c.obj)
 .text.k_sem_give
                0x000000000000a6ea        0x4 zephyr/libzephyr.a(device_runtime.c.obj)
 .text.pm_device_runtime_auto_enable
                0x000000000000a6ee        0xc zephyr/libzephyr.a(device_runtime.c.obj)
                0x000000000000a6ee                pm_device_runtime_auto_enable
 .text.pm_device_runtime_is_enabled
                0x000000000000a6fa       0x12 zephyr/libzephyr.a(device_runtime.c.obj)
                0x000000000000a6fa                pm_device_runtime_is_enabled
 .text.arch_early_memset
                0x000000000000a70c        0x4 zephyr/arch/common/libarch__common.a(init.c.obj)
                0x000000000000a70c                arch_early_memset
 .text.arch_early_memcpy
                0x000000000000a710        0x4 zephyr/arch/common/libarch__common.a(init.c.obj)
                0x000000000000a710                arch_early_memcpy
 .text.z_log_msg_runtime_create.constprop.0
                0x000000000000a714       0x20 zephyr/arch/arch/arm/core/libarch__arm__core.a(fatal.c.obj)
 .text.z_do_kernel_oops
                0x000000000000a734        0x8 zephyr/arch/arch/arm/core/libarch__arm__core.a(fatal.c.obj)
                0x000000000000a734                z_do_kernel_oops
 .text.z_arm_nmi
                0x000000000000a73c        0xe zephyr/arch/arch/arm/core/libarch__arm__core.a(nmi.c.obj)
                0x000000000000a73c                z_arm_nmi
 .text.z_log_msg_runtime_create.constprop.0
                0x000000000000a74a       0x20 zephyr/arch/arch/arm/core/cortex_m/libarch__arm__core__cortex_m.a(fault.c.obj)
 .text.z_irq_spurious
                0x000000000000a76a        0x8 zephyr/arch/arch/arm/core/cortex_m/libarch__arm__core__cortex_m.a(irq_manage.c.obj)
                0x000000000000a76a                z_irq_spurious
 .text.configure_builtin_stack_guard
                0x000000000000a772        0x8 zephyr/arch/arch/arm/core/cortex_m/libarch__arm__core__cortex_m.a(thread.c.obj)
                0x000000000000a772                configure_builtin_stack_guard
 .text.arch_coprocessors_disable
                0x000000000000a77a        0x6 zephyr/arch/arch/arm/core/cortex_m/libarch__arm__core__cortex_m.a(thread.c.obj)
                0x000000000000a77a                arch_coprocessors_disable
 .text.arch_irq_unlock_outlined
                0x000000000000a780        0xe zephyr/arch/arch/arm/core/cortex_m/libarch__arm__core__cortex_m.a(thread.c.obj)
                0x000000000000a780                arch_irq_unlock_outlined
 .text.arch_cpu_idle
                0x000000000000a78e       0x1a zephyr/arch/arch/arm/core/cortex_m/libarch__arm__core__cortex_m.a(cpu_idle.c.obj)
                0x000000000000a78e                arch_cpu_idle
 .text.arch_cpu_atomic_idle
                0x000000000000a7a8       0x1e zephyr/arch/arch/arm/core/cortex_m/libarch__arm__core__cortex_m.a(cpu_idle.c.obj)
                0x000000000000a7a8                arch_cpu_atomic_idle
 .text.arm_cmse_mpu_region_get
                0x000000000000a7c6       0x12 zephyr/arch/arch/arm/core/cortex_m/cmse/libarch__arm__core__cortex_m__cmse.a(arm_core_cmse.c.obj)
                0x000000000000a7c6                arm_cmse_mpu_region_get
 .text.z_log_msg_runtime_create.constprop.0
                0x000000000000a7d8       0x20 zephyr/arch/arch/arm/core/mpu/libarch__arm__core__mpu.a(arm_mpu.c.obj)
 .text.mpu_configure_region
                0x000000000000a7f8       0x32 zephyr/arch/arch/arm/core/mpu/libarch__arm__core__mpu.a(arm_mpu.c.obj)
 .text.cbputc   0x000000000000a82a        0xc zephyr/lib/libc/picolibc/liblib__libc__picolibc.a(cbprintf.c.obj)
 .text.picolibc_put
                0x000000000000a836        0xa zephyr/lib/libc/picolibc/liblib__libc__picolibc.a(stdio.c.obj)
 .text.async_start
                0x000000000000a840       0x5a zephyr/drivers/clock_control/libdrivers__clock_control.a(clock_control_nrf.c.obj)
 .text.api_start
                0x000000000000a89a        0xe zephyr/drivers/clock_control/libdrivers__clock_control.a(clock_control_nrf.c.obj)
 .text.onoff_started_callback
                0x000000000000a8a8        0xc zephyr/drivers/clock_control/libdrivers__clock_control.a(clock_control_nrf.c.obj)
 .text.lfclk_start
                0x000000000000a8b4        0x6 zephyr/drivers/clock_control/libdrivers__clock_control.a(clock_control_nrf.c.obj)
 .text.lfclk_stop
                0x000000000000a8ba        0x6 zephyr/drivers/clock_control/libdrivers__clock_control.a(clock_control_nrf.c.obj)
 .text.blocking_start_callback
                0x000000000000a8c0        0x6 zephyr/drivers/clock_control/libdrivers__clock_control.a(clock_control_nrf.c.obj)
 .text.api_stop
                0x000000000000a8c6        0x6 zephyr/drivers/clock_control/libdrivers__clock_control.a(clock_control_nrf.c.obj)
 .text.nrf_rram_erase
                0x000000000000a8cc        0x8 zephyr/drivers/flash/libdrivers__flash.a(soc_flash_nrf_rram.c.obj)
 .text.nrf_rram_write
                0x000000000000a8d4       0x12 zephyr/drivers/flash/libdrivers__flash.a(soc_flash_nrf_rram.c.obj)
 .text.spi_nor_pages_layout
                0x000000000000a8e6        0xc zephyr/drivers/flash/libdrivers__flash.a(spi_nor.c.obj)
 .text.flash_nor_get_size
                0x000000000000a8f2        0xc zephyr/drivers/flash/libdrivers__flash.a(spi_nor.c.obj)
 .text.release_device
                0x000000000000a8fe       0x16 zephyr/drivers/flash/libdrivers__flash.a(spi_nor.c.obj)
 .text.z_log_msg_runtime_create.constprop.0
                0x000000000000a914       0x20 zephyr/drivers/flash/libdrivers__flash.a(spi_nor.c.obj)
 .text.acquire_device
                0x000000000000a934       0x1c zephyr/drivers/flash/libdrivers__flash.a(spi_nor.c.obj)
 .text.spi_nor_access
                0x000000000000a950       0xa0 zephyr/drivers/flash/libdrivers__flash.a(spi_nor.c.obj)
 .text.spi_nor_rdsr
                0x000000000000a9f0       0x22 zephyr/drivers/flash/libdrivers__flash.a(spi_nor.c.obj)
 .text.spi_nor_wait_until_ready
                0x000000000000aa12       0x3a zephyr/drivers/flash/libdrivers__flash.a(spi_nor.c.obj)
 .text.spi_nor_write
                0x000000000000aa4c       0xd0 zephyr/drivers/flash/libdrivers__flash.a(spi_nor.c.obj)
 .text.spi_nor_read
                0x000000000000ab1c       0x5a zephyr/drivers/flash/libdrivers__flash.a(spi_nor.c.obj)
 .text.exit_dpd
                0x000000000000ab76       0xa2 zephyr/drivers/flash/libdrivers__flash.a(spi_nor.c.obj)
 .text.enter_dpd
                0x000000000000ac18       0x4c zephyr/drivers/flash/libdrivers__flash.a(spi_nor.c.obj)
 .text.gpio_nrfx_port_get_raw
                0x000000000000ac64        0xc zephyr/drivers/gpio/libdrivers__gpio.a(gpio_nrfx.c.obj)
 .text.gpio_nrfx_pm_hook
                0x000000000000ac70        0xc zephyr/drivers/gpio/libdrivers__gpio.a(gpio_nrfx.c.obj)
 .text.gpio_nrfx_port_toggle_bits
                0x000000000000ac7c       0x2a zephyr/drivers/gpio/libdrivers__gpio.a(gpio_nrfx.c.obj)
 .text.gpio_nrfx_port_clear_bits_raw
                0x000000000000aca6       0x20 zephyr/drivers/gpio/libdrivers__gpio.a(gpio_nrfx.c.obj)
 .text.gpio_nrfx_port_set_bits_raw
                0x000000000000acc6       0x20 zephyr/drivers/gpio/libdrivers__gpio.a(gpio_nrfx.c.obj)
 .text.gpio_nrfx_port_set_masked_raw
                0x000000000000ace6       0x2a zephyr/drivers/gpio/libdrivers__gpio.a(gpio_nrfx.c.obj)
 .text.pinctrl_lookup_state
                0x000000000000ad10       0x26 zephyr/drivers/pinctrl/libdrivers__pinctrl.a(common.c.obj)
                0x000000000000ad10                pinctrl_lookup_state
 .text.uarte_nrfx_err_check
                0x000000000000ad36        0xe zephyr/drivers/serial/libdrivers__serial.a(uart_nrfx_uarte.c.obj)
 .text.uarte_nrfx_poll_in
                0x000000000000ad44       0x26 zephyr/drivers/serial/libdrivers__serial.a(uart_nrfx_uarte.c.obj)
 .text.uarte_nrfx_isr_int
                0x000000000000ad6a       0x42 zephyr/drivers/serial/libdrivers__serial.a(uart_nrfx_uarte.c.obj)
 .text.pinctrl_apply_state.isra.0
                0x000000000000adac       0x1e zephyr/drivers/serial/libdrivers__serial.a(uart_nrfx_uarte.c.obj)
 .text.spi_nrfx_deinit
                0x000000000000adca       0x22 zephyr/drivers/spi/libdrivers__spi.a(spi_nrfx_spim.c.obj)
 .text.irq_connect00
                0x000000000000adec        0xa zephyr/drivers/spi/libdrivers__spi.a(spi_nrfx_spim.c.obj)
 .text.spi_context_get_next_buf.constprop.0
                0x000000000000adf6       0x26 zephyr/drivers/spi/libdrivers__spi.a(spi_nrfx_spim.c.obj)
 .text.z_log_msg_runtime_create.constprop.0
                0x000000000000ae1c       0x20 zephyr/drivers/spi/libdrivers__spi.a(spi_nrfx_spim.c.obj)
 .text.pinctrl_apply_state.isra.0
                0x000000000000ae3c       0x1e zephyr/drivers/spi/libdrivers__spi.a(spi_nrfx_spim.c.obj)
 .text.spim_nrfx_pm_action
                0x000000000000ae5a       0x8a zephyr/drivers/spi/libdrivers__spi.a(spi_nrfx_spim.c.obj)
 .text._spi_context_cs_control
                0x000000000000aee4       0x42 zephyr/drivers/spi/libdrivers__spi.a(spi_nrfx_spim.c.obj)
 .text.spi_context_unlock_unconditionally
                0x000000000000af26       0x20 zephyr/drivers/spi/libdrivers__spi.a(spi_nrfx_spim.c.obj)
 .text.finalize_spi_transaction
                0x000000000000af46       0x24 zephyr/drivers/spi/libdrivers__spi.a(spi_nrfx_spim.c.obj)
 .text.spi_nrfx_release
                0x000000000000af6a       0x2e zephyr/drivers/spi/libdrivers__spi.a(spi_nrfx_spim.c.obj)
 .text.counter  0x000000000000af98       0x12 zephyr/drivers/timer/libdrivers__timer.a(nrf_grtc_timer.c.obj)
 .text.nrfx_isr
                0x000000000000afaa        0x2 modules/hal_nordic/nrfx/libnrfx.a(nrfx_glue.c.obj)
                0x000000000000afaa                nrfx_isr
 .text.nrfx_busy_wait
                0x000000000000afac        0x4 modules/hal_nordic/nrfx/libnrfx.a(nrfx_glue.c.obj)
                0x000000000000afac                nrfx_busy_wait
 .text.call_handler
                0x000000000000afb0       0x3e modules/hal_nordic/nrfx/libnrfx.a(nrfx_gpiote.c.obj)
 .text.nrf_gpio_reconfigure
                0x000000000000afee       0x9a modules/hal_nordic/nrfx/libnrfx.a(nrfx_gpiote.c.obj)
 .text.nrf_gpio_cfg_sense_set
                0x000000000000b088       0x1e modules/hal_nordic/nrfx/libnrfx.a(nrfx_gpiote.c.obj)
 .text.pin_is_task_output
                0x000000000000b0a6       0x18 modules/hal_nordic/nrfx/libnrfx.a(nrfx_gpiote.c.obj)
 .text.__nrfy_internal_gpiote_events_process
                0x000000000000b0be       0x58 modules/hal_nordic/nrfx/libnrfx.a(nrfx_gpiote.c.obj)
 .text.pin_trigger_disable
                0x000000000000b116       0x4a modules/hal_nordic/nrfx/libnrfx.a(nrfx_gpiote.c.obj)
 .text.nrfx_gpiote_pin_uninit
                0x000000000000b160        0x4 modules/hal_nordic/nrfx/libnrfx.a(nrfx_gpiote.c.obj)
                0x000000000000b160                nrfx_gpiote_pin_uninit
 .text.nrfx_gpiote_trigger_disable
                0x000000000000b164        0x4 modules/hal_nordic/nrfx/libnrfx.a(nrfx_gpiote.c.obj)
                0x000000000000b164                nrfx_gpiote_trigger_disable
 .text.nrfx_gpiote_in_event_get
                0x000000000000b168        0x4 modules/hal_nordic/nrfx/libnrfx.a(nrfx_gpiote.c.obj)
                0x000000000000b168                nrfx_gpiote_in_event_get
 .text.__nrfy_internal_spim_event_handle
                0x000000000000b16c       0x2a modules/hal_nordic/nrfx/libnrfx.a(nrfx_spim.c.obj)
 .text.__nrfy_internal_spim_events_process
                0x000000000000b196       0x7c modules/hal_nordic/nrfx/libnrfx.a(nrfx_spim.c.obj)
 .text.spim_abort
                0x000000000000b212       0x32 modules/hal_nordic/nrfx/libnrfx.a(nrfx_spim.c.obj)
 .text.nrf_gpio_pin_set
                0x000000000000b244       0x18 modules/hal_nordic/nrfx/libnrfx.a(nrfx_spim.c.obj)
 .text.nrf_gpio_pin_clear
                0x000000000000b25c       0x18 modules/hal_nordic/nrfx/libnrfx.a(nrfx_spim.c.obj)
 .text.z_impl_k_busy_wait
                0x000000000000b274        0x8 zephyr/kernel/libkernel.a(busy_wait.c.obj)
                0x000000000000b274                z_impl_k_busy_wait
 .text.z_impl_device_is_ready
                0x000000000000b27c       0x16 zephyr/kernel/libkernel.a(device.c.obj)
                0x000000000000b27c                z_impl_device_is_ready
 .text.z_log_msg_runtime_create.constprop.0
                0x000000000000b292       0x20 zephyr/kernel/libkernel.a(fatal.c.obj)
 .text.arch_system_halt
                0x000000000000b2b2       0x10 zephyr/kernel/libkernel.a(fatal.c.obj)
                0x000000000000b2b2                arch_system_halt
 .text.z_impl_k_sem_init
                0x000000000000b2c2       0x18 zephyr/kernel/libkernel.a(sem.c.obj)
                0x000000000000b2c2                z_impl_k_sem_init
 .text.flag_test_and_clear
                0x000000000000b2da       0x16 zephyr/kernel/libkernel.a(work.c.obj)
 .text.unschedule_locked
                0x000000000000b2f0       0x1e zephyr/kernel/libkernel.a(work.c.obj)
 .text.notify_queue_locked.isra.0
                0x000000000000b30e        0xe zephyr/kernel/libkernel.a(work.c.obj)
 .text.cancel_async_locked
                0x000000000000b31c       0x66 zephyr/kernel/libkernel.a(work.c.obj)
 .text.k_is_in_isr
                0x000000000000b382        0xc zephyr/kernel/libkernel.a(thread.c.obj)
                0x000000000000b382                k_is_in_isr
 .text.z_impl_k_thread_name_set
                0x000000000000b38e        0x6 zephyr/kernel/libkernel.a(thread.c.obj)
                0x000000000000b38e                z_impl_k_thread_name_set
 .text.k_thread_name_get
                0x000000000000b394        0x4 zephyr/kernel/libkernel.a(thread.c.obj)
                0x000000000000b394                k_thread_name_get
 .text.sys_dlist_remove
                0x000000000000b398       0x10 zephyr/kernel/libkernel.a(sched.c.obj)
 .text.add_to_waitq_locked
                0x000000000000b3a8       0x50 zephyr/kernel/libkernel.a(sched.c.obj)
 .text.z_thread_timeout
                0x000000000000b3f8        0x8 zephyr/kernel/libkernel.a(sched.c.obj)
                0x000000000000b3f8                z_thread_timeout
 .text.next_timeout
                0x000000000000b400       0x2e zephyr/kernel/libkernel.a(timeout.c.obj)
 .text.sys_clock_tick_get_32
                0x000000000000b42e        0x8 zephyr/kernel/libkernel.a(timeout.c.obj)
                0x000000000000b42e                sys_clock_tick_get_32
 .text.z_impl_k_uptime_ticks
                0x000000000000b436        0x4 zephyr/kernel/libkernel.a(timeout.c.obj)
                0x000000000000b436                z_impl_k_uptime_ticks
 .text.event_walk_op
                0x000000000000b43a       0x3c zephyr/kernel/libkernel.a(events.c.obj)
 .text.z_impl_k_event_set
                0x000000000000b476        0x8 zephyr/kernel/libkernel.a(events.c.obj)
                0x000000000000b476                z_impl_k_event_set
 .text.z_impl_k_event_clear
                0x000000000000b47e        0x8 zephyr/kernel/libkernel.a(events.c.obj)
                0x000000000000b47e                z_impl_k_event_clear
 .text.z_impl_k_event_wait
                0x000000000000b486        0x6 zephyr/kernel/libkernel.a(events.c.obj)
                0x000000000000b486                z_impl_k_event_wait
 .text.memcpy   0x000000000000b48c       0x1a c:\users\michaeldesrosiers\zephyr-sdk-0.17.4\arm-zephyr-eabi\bin\../lib/gcc/../../picolibc/arm-zephyr-eabi/lib/thumb/v8-m.main/nofp\libc.a(memcpy.c.o)
                0x000000000000b48c                __aeabi_memcpy
                0x000000000000b48c                __aeabi_memcpy4
                0x000000000000b48c                __aeabi_memcpy8
                0x000000000000b48c                memcpy
 .text.memset   0x000000000000b4a6       0x10 c:\users\michaeldesrosiers\zephyr-sdk-0.17.4\arm-zephyr-eabi\bin\../lib/gcc/../../picolibc/arm-zephyr-eabi/lib/thumb/v8-m.main/nofp\libc.a(memset.c.o)
                0x000000000000b4a6                memset
 .text.memcmp   0x000000000000b4b6       0x20 c:\users\michaeldesrosiers\zephyr-sdk-0.17.4\arm-zephyr-eabi\bin\../lib/gcc/../../picolibc/arm-zephyr-eabi/lib/thumb/v8-m.main/nofp\libc.a(libc_string_memcmp.c.o)
                0x000000000000b4b6                memcmp
 .text.strnlen  0x000000000000b4d6       0x18 c:\users\michaeldesrosiers\zephyr-sdk-0.17.4\arm-zephyr-eabi\bin\../lib/gcc/../../picolibc/arm-zephyr-eabi/lib/thumb/v8-m.main/nofp\libc.a(libc_string_strnlen.c.o)
                0x000000000000b4d6                strnlen
 .text.__ultoa_invert
                0x000000000000b4ee       0xac c:\users\michaeldesrosiers\zephyr-sdk-0.17.4\arm-zephyr-eabi\bin\../lib/gcc/../../picolibc/arm-zephyr-eabi/lib/thumb/v8-m.main/nofp\libc.a(libc_tinystdio_vflprintf.c.o)
 *(SORT_BY_ALIGNMENT(.TEXT.*))
 *fill*         0x000000000000b59a        0x2 
 .TEXT.__aeabi_read_tp
                0x000000000000b59c        0xc zephyr/arch/arch/arm/core/cortex_m/libarch__arm__core__cortex_m.a(__aeabi_read_tp.S.obj)
                0x000000000000b59c                __aeabi_read_tp
 *(SORT_BY_ALIGNMENT(.gnu.linkonce.t.*))
 *(SORT_BY_ALIGNMENT(.glue_7t))
 .glue_7t       0x000000000000b5a8        0x0 linker stubs
 *(SORT_BY_ALIGNMENT(.glue_7))
 .glue_7        0x000000000000b5a8        0x0 linker stubs
 *(SORT_BY_ALIGNMENT(.vfp11_veneer))
 .vfp11_veneer  0x000000000000b5a8        0x0 linker stubs
 *(SORT_BY_ALIGNMENT(.v4_bx))
 .v4_bx         0x000000000000b5a8        0x0 linker stubs
                0x000000000000b5a8                . = ALIGN (0x4)
                0x000000000000b5a8                __text_region_end = .

.ARM.exidx      0x000000000000b5a8        0x8
                0x000000000000b5a8                __exidx_start = .
 *(SORT_BY_ALIGNMENT(.ARM.exidx*) SORT_BY_ALIGNMENT(gnu.linkonce.armexidx.*))
 .ARM.exidx     0x000000000000b5a8        0x8 c:/users/michaeldesrosiers/zephyr-sdk-0.17.4/arm-zephyr-eabi/bin/../lib/gcc/arm-zephyr-eabi/12.2.0/thumb/v8-m.main/nofp\libgcc.a(_udivmoddi4.o)
                0x000000000000b5b0                __exidx_end = .
                0x000000000000b5b0                __rodata_region_start = .

initlevel       0x000000000000b5b0       0x70
                0x000000000000b5b0                __init_start = .
                0x000000000000b5b0                __init_EARLY_start = .
 *(SORT_BY_NAME(SORT_BY_ALIGNMENT(.z_init_EARLY_P_?_*)))
 *(SORT_BY_NAME(SORT_BY_ALIGNMENT(.z_init_EARLY_P_??_*)))
 *(SORT_BY_NAME(SORT_BY_ALIGNMENT(.z_init_EARLY_P_???_*)))
                0x000000000000b5b0                __init_PRE_KERNEL_1_start = .
 *(SORT_BY_NAME(SORT_BY_ALIGNMENT(.z_init_PRE_KERNEL_1_P_?_*)))
 .z_init_PRE_KERNEL_1_P_0_SUB_0_
                0x000000000000b5b0        0x8 zephyr/soc/soc/nrf54l15/libsoc__nordic.a(soc.c.obj)
 *(SORT_BY_NAME(SORT_BY_ALIGNMENT(.z_init_PRE_KERNEL_1_P_??_*)))
 .z_init_PRE_KERNEL_1_P_30_SUB_00059_
                0x000000000000b5b8        0x8 zephyr/drivers/clock_control/libdrivers__clock_control.a(clock_control_nrf.c.obj)
 .z_init_PRE_KERNEL_1_P_40_SUB_00011_
                0x000000000000b5c0        0x8 zephyr/drivers/gpio/libdrivers__gpio.a(gpio_nrfx.c.obj)
 .z_init_PRE_KERNEL_1_P_40_SUB_00024_
                0x000000000000b5c8        0x8 zephyr/drivers/gpio/libdrivers__gpio.a(gpio_nrfx.c.obj)
 .z_init_PRE_KERNEL_1_P_40_SUB_00119_
                0x000000000000b5d0        0x8 zephyr/drivers/gpio/libdrivers__gpio.a(gpio_nrfx.c.obj)
 .z_init_PRE_KERNEL_1_P_50_SUB_00104_
                0x000000000000b5d8        0x8 zephyr/drivers/serial/libdrivers__serial.a(uart_nrfx_uarte.c.obj)
 .z_init_PRE_KERNEL_1_P_60_SUB_0_
                0x000000000000b5e0        0x8 zephyr/drivers/console/libdrivers__console.a(uart_console.c.obj)
 *(SORT_BY_NAME(SORT_BY_ALIGNMENT(.z_init_PRE_KERNEL_1_P_???_*)))
                0x000000000000b5e8                __init_PRE_KERNEL_2_start = .
 *(SORT_BY_NAME(SORT_BY_ALIGNMENT(.z_init_PRE_KERNEL_2_P_?_*)))
 .z_init_PRE_KERNEL_2_P_0_SUB_0_
                0x000000000000b5e8        0x8 zephyr/drivers/timer/libdrivers__timer.a(nrf_grtc_timer.c.obj)
 *(SORT_BY_NAME(SORT_BY_ALIGNMENT(.z_init_PRE_KERNEL_2_P_??_*)))
 *(SORT_BY_NAME(SORT_BY_ALIGNMENT(.z_init_PRE_KERNEL_2_P_???_*)))
                0x000000000000b5f0                __init_POST_KERNEL_start = .
 *(SORT_BY_NAME(SORT_BY_ALIGNMENT(.z_init_POST_KERNEL_P_?_*)))
 .z_init_POST_KERNEL_P_0_SUB_0_
                0x000000000000b5f0        0x8 zephyr/libzephyr.a(log_core.c.obj)
 *(SORT_BY_NAME(SORT_BY_ALIGNMENT(.z_init_POST_KERNEL_P_??_*)))
 .z_init_POST_KERNEL_P_35_SUB_0_
                0x000000000000b5f8        0x8 zephyr/lib/libc/common/liblib__libc__common.a(malloc.c.obj)
 .z_init_POST_KERNEL_P_40_SUB_0_
                0x000000000000b600        0x8 zephyr/kernel/libkernel.a(system_work_q.c.obj)
 .z_init_POST_KERNEL_P_50_SUB_00120_
                0x000000000000b608        0x8 zephyr/drivers/spi/libdrivers__spi.a(spi_nrfx_spim.c.obj)
 .z_init_POST_KERNEL_P_50_SUB_00125_
                0x000000000000b610        0x8 zephyr/drivers/flash/libdrivers__flash.a(soc_flash_nrf_rram.c.obj)
 .z_init_POST_KERNEL_P_80_SUB_00121_
                0x000000000000b618        0x8 zephyr/drivers/flash/libdrivers__flash.a(spi_nor.c.obj)
 *(SORT_BY_NAME(SORT_BY_ALIGNMENT(.z_init_POST_KERNEL_P_???_*)))
                0x000000000000b620                __init_APPLICATION_start = .
 *(SORT_BY_NAME(SORT_BY_ALIGNMENT(.z_init_APPLICATION_P_?_*)))
 *(SORT_BY_NAME(SORT_BY_ALIGNMENT(.z_init_APPLICATION_P_??_*)))
 *(SORT_BY_NAME(SORT_BY_ALIGNMENT(.z_init_APPLICATION_P_???_*)))
                0x000000000000b620                __init_SMP_start = .
 *(SORT_BY_NAME(SORT_BY_ALIGNMENT(.z_init_SMP_P_?_*)))
 *(SORT_BY_NAME(SORT_BY_ALIGNMENT(.z_init_SMP_P_??_*)))
 *(SORT_BY_NAME(SORT_BY_ALIGNMENT(.z_init_SMP_P_???_*)))
                0x000000000000b620                __init_end = .

device_area     0x000000000000b620      0x120
                0x000000000000b620                _device_list_start = .
 *(SORT_BY_NAME(SORT_BY_ALIGNMENT(._device.static.*_?_*)))
 *(SORT_BY_NAME(SORT_BY_ALIGNMENT(._device.static.*_??_*)))
 ._device.static.1_30_
                0x000000000000b620       0x24 zephyr/drivers/clock_control/libdrivers__clock_control.a(clock_control_nrf.c.obj)
                0x000000000000b620                __device_dts_ord_59
 ._device.static.1_40_
                0x000000000000b644       0x6c zephyr/drivers/gpio/libdrivers__gpio.a(gpio_nrfx.c.obj)
                0x000000000000b644                __device_dts_ord_24
                0x000000000000b668                __device_dts_ord_11
                0x000000000000b68c                __device_dts_ord_119
 ._device.static.1_50_
                0x000000000000b6b0       0x24 zephyr/drivers/serial/libdrivers__serial.a(uart_nrfx_uarte.c.obj)
                0x000000000000b6b0                __device_dts_ord_104
 ._device.static.3_50_
                0x000000000000b6d4       0x24 zephyr/drivers/flash/libdrivers__flash.a(soc_flash_nrf_rram.c.obj)
                0x000000000000b6d4                __device_dts_ord_125
 ._device.static.3_50_
                0x000000000000b6f8       0x24 zephyr/drivers/spi/libdrivers__spi.a(spi_nrfx_spim.c.obj)
                0x000000000000b6f8                __device_dts_ord_120
 ._device.static.3_80_
                0x000000000000b71c       0x24 zephyr/drivers/flash/libdrivers__flash.a(spi_nor.c.obj)
                0x000000000000b71c                __device_dts_ord_121
 *(SORT_BY_NAME(SORT_BY_ALIGNMENT(._device.static.*_???_*)))
 *(SORT_BY_NAME(SORT_BY_ALIGNMENT(._device.static.*_????_*)))
 *(SORT_BY_NAME(SORT_BY_ALIGNMENT(._device.static.*_?????_*)))
                0x000000000000b740                _device_list_end = .

sw_isr_table    0x000000000000b740      0x878
                0x000000000000b740                . = ALIGN (0x4)
 *(SORT_BY_ALIGNMENT(.gnu.linkonce.sw_isr_table*))
 .gnu.linkonce.sw_isr_table
                0x000000000000b740      0x878 zephyr/CMakeFiles/zephyr_final.dir/isr_tables.c.obj
                0x000000000000b740                _sw_isr_table

initlevel_error
                0x000000000000b5b0        0x0
 *(SORT_BY_NAME(SORT_BY_ALIGNMENT(.z_init_*)))
                0x0000000000000001                ASSERT ((SIZEOF (initlevel_error) == 0x0), Undefined initialization levels used.)

app_shmem_regions
                0x000000000000bfb8        0x0
                0x000000000000bfb8                __app_shmem_regions_start = .
 *(SORT_BY_NAME(SORT_BY_ALIGNMENT(.app_regions.*)))
                0x000000000000bfb8                __app_shmem_regions_end = .

k_p4wq_initparam_area
                0x000000000000bfb8        0x0
                0x000000000000bfb8                _k_p4wq_initparam_list_start = .
 *(SORT_BY_NAME(SORT_BY_ALIGNMENT(._k_p4wq_initparam.static.*)))
                0x000000000000bfb8                _k_p4wq_initparam_list_end = .

_static_thread_data_area
                0x000000000000bfb8        0x0
                0x000000000000bfb8                __static_thread_data_list_start = .
 *(SORT_BY_NAME(SORT_BY_ALIGNMENT(.__static_thread_data.static.*)))
                0x000000000000bfb8                __static_thread_data_list_end = .

device_deps     0x000000000000bfb8        0x0
                0x000000000000bfb8                __device_deps_start = .
 *(SORT_BY_NAME(SORT_BY_ALIGNMENT(.__device_deps_pass2*)))
                0x000000000000bfb8                __device_deps_end = .

flash_driver_api_area
                0x000000000000bfb8       0x30
                0x000000000000bfb8                _flash_driver_api_list_start = .
 *(SORT_BY_NAME(SORT_BY_ALIGNMENT(._flash_driver_api.static.*)))
 ._flash_driver_api.static.nrf_rram_api_
                0x000000000000bfb8       0x18 zephyr/drivers/flash/libdrivers__flash.a(soc_flash_nrf_rram.c.obj)
 ._flash_driver_api.static.spi_nor_api_
                0x000000000000bfd0       0x18 zephyr/drivers/flash/libdrivers__flash.a(spi_nor.c.obj)
                0x000000000000bfe8                _flash_driver_api_list_end = .

gpio_driver_api_area
                0x000000000000bfe8       0x24
                0x000000000000bfe8                _gpio_driver_api_list_start = .
 *(SORT_BY_NAME(SORT_BY_ALIGNMENT(._gpio_driver_api.static.*)))
 ._gpio_driver_api.static.gpio_nrfx_drv_api_funcs_
                0x000000000000bfe8       0x24 zephyr/drivers/gpio/libdrivers__gpio.a(gpio_nrfx.c.obj)
                0x000000000000c00c                _gpio_driver_api_list_end = .

spi_driver_api_area
                0x000000000000c00c        0x8
                0x000000000000c00c                _spi_driver_api_list_start = .
 *(SORT_BY_NAME(SORT_BY_ALIGNMENT(._spi_driver_api.static.*)))
 ._spi_driver_api.static.spi_nrfx_driver_api_
                0x000000000000c00c        0x8 zephyr/drivers/spi/libdrivers__spi.a(spi_nrfx_spim.c.obj)
                0x000000000000c014                _spi_driver_api_list_end = .

shared_irq_driver_api_area
                0x000000000000c014        0x0
                0x000000000000c014                _shared_irq_driver_api_list_start = .
 *(SORT_BY_NAME(SORT_BY_ALIGNMENT(._shared_irq_driver_api.static.*)))
                0x000000000000c014                _shared_irq_driver_api_list_end = .

crypto_driver_api_area
                0x000000000000c014        0x0
                0x000000000000c014                _crypto_driver_api_list_start = .
 *(SORT_BY_NAME(SORT_BY_ALIGNMENT(._crypto_driver_api.static.*)))
                0x000000000000c014                _crypto_driver_api_list_end = .

adc_driver_api_area
                0x000000000000c014        0x0
                0x000000000000c014                _adc_driver_api_list_start = .
 *(SORT_BY_NAME(SORT_BY_ALIGNMENT(._adc_driver_api.static.*)))
                0x000000000000c014                _adc_driver_api_list_end = .

auxdisplay_driver_api_area
                0x000000000000c014        0x0
                0x000000000000c014                _auxdisplay_driver_api_list_start = .
 *(SORT_BY_NAME(SORT_BY_ALIGNMENT(._auxdisplay_driver_api.static.*)))
                0x000000000000c014                _auxdisplay_driver_api_list_end = .

bbram_driver_api_area
                0x000000000000c014        0x0
                0x000000000000c014                _bbram_driver_api_list_start = .
 *(SORT_BY_NAME(SORT_BY_ALIGNMENT(._bbram_driver_api.static.*)))
                0x000000000000c014                _bbram_driver_api_list_end = .

bt_hci_driver_api_area
                0x000000000000c014        0x0
                0x000000000000c014                _bt_hci_driver_api_list_start = .
 *(SORT_BY_NAME(SORT_BY_ALIGNMENT(._bt_hci_driver_api.static.*)))
                0x000000000000c014                _bt_hci_driver_api_list_end = .

can_driver_api_area
                0x000000000000c014        0x0
                0x000000000000c014                _can_driver_api_list_start = .
 *(SORT_BY_NAME(SORT_BY_ALIGNMENT(._can_driver_api.static.*)))
                0x000000000000c014                _can_driver_api_list_end = .

cellular_driver_api_area
                0x000000000000c014        0x0
                0x000000000000c014                _cellular_driver_api_list_start = .
 *(SORT_BY_NAME(SORT_BY_ALIGNMENT(._cellular_driver_api.static.*)))
                0x000000000000c014                _cellular_driver_api_list_end = .

charger_driver_api_area
                0x000000000000c014        0x0
                0x000000000000c014                _charger_driver_api_list_start = .
 *(SORT_BY_NAME(SORT_BY_ALIGNMENT(._charger_driver_api.static.*)))
                0x000000000000c014                _charger_driver_api_list_end = .

clock_control_driver_api_area
                0x000000000000c014       0x1c
                0x000000000000c014                _clock_control_driver_api_list_start = .
 *(SORT_BY_NAME(SORT_BY_ALIGNMENT(._clock_control_driver_api.static.*)))
 ._clock_control_driver_api.static.clock_control_api_
                0x000000000000c014       0x1c zephyr/drivers/clock_control/libdrivers__clock_control.a(clock_control_nrf.c.obj)
                0x000000000000c030                _clock_control_driver_api_list_end = .

comparator_driver_api_area
                0x000000000000c030        0x0
                0x000000000000c030                _comparator_driver_api_list_start = .
 *(SORT_BY_NAME(SORT_BY_ALIGNMENT(._comparator_driver_api.static.*)))
                0x000000000000c030                _comparator_driver_api_list_end = .

coredump_driver_api_area
                0x000000000000c030        0x0
                0x000000000000c030                _coredump_driver_api_list_start = .
 *(SORT_BY_NAME(SORT_BY_ALIGNMENT(._coredump_driver_api.static.*)))
                0x000000000000c030                _coredump_driver_api_list_end = .

counter_driver_api_area
                0x000000000000c030        0x0
                0x000000000000c030                _counter_driver_api_list_start = .
 *(SORT_BY_NAME(SORT_BY_ALIGNMENT(._counter_driver_api.static.*)))
                0x000000000000c030                _counter_driver_api_list_end = .

crc_driver_api_area
                0x000000000000c030        0x0
                0x000000000000c030                _crc_driver_api_list_start = .
 *(SORT_BY_NAME(SORT_BY_ALIGNMENT(._crc_driver_api.static.*)))
                0x000000000000c030                _crc_driver_api_list_end = .

dac_driver_api_area
                0x000000000000c030        0x0
                0x000000000000c030                _dac_driver_api_list_start = .
 *(SORT_BY_NAME(SORT_BY_ALIGNMENT(._dac_driver_api.static.*)))
                0x000000000000c030                _dac_driver_api_list_end = .

dai_driver_api_area
                0x000000000000c030        0x0
                0x000000000000c030                _dai_driver_api_list_start = .
 *(SORT_BY_NAME(SORT_BY_ALIGNMENT(._dai_driver_api.static.*)))
                0x000000000000c030                _dai_driver_api_list_end = .

display_driver_api_area
                0x000000000000c030        0x0
                0x000000000000c030                _display_driver_api_list_start = .
 *(SORT_BY_NAME(SORT_BY_ALIGNMENT(._display_driver_api.static.*)))
                0x000000000000c030                _display_driver_api_list_end = .

dma_driver_api_area
                0x000000000000c030        0x0
                0x000000000000c030                _dma_driver_api_list_start = .
 *(SORT_BY_NAME(SORT_BY_ALIGNMENT(._dma_driver_api.static.*)))
                0x000000000000c030                _dma_driver_api_list_end = .

edac_driver_api_area
                0x000000000000c030        0x0
                0x000000000000c030                _edac_driver_api_list_start = .
 *(SORT_BY_NAME(SORT_BY_ALIGNMENT(._edac_driver_api.static.*)))
                0x000000000000c030                _edac_driver_api_list_end = .

eeprom_driver_api_area
                0x000000000000c030        0x0
                0x000000000000c030                _eeprom_driver_api_list_start = .
 *(SORT_BY_NAME(SORT_BY_ALIGNMENT(._eeprom_driver_api.static.*)))
                0x000000000000c030                _eeprom_driver_api_list_end = .

emul_bbram_driver_api_area
                0x000000000000c030        0x0
                0x000000000000c030                _emul_bbram_driver_api_list_start = .
 *(SORT_BY_NAME(SORT_BY_ALIGNMENT(._emul_bbram_driver_api.static.*)))
                0x000000000000c030                _emul_bbram_driver_api_list_end = .

fuel_gauge_emul_driver_api_area
                0x000000000000c030        0x0
                0x000000000000c030                _fuel_gauge_emul_driver_api_list_start = .
 *(SORT_BY_NAME(SORT_BY_ALIGNMENT(._fuel_gauge_emul_driver_api.static.*)))
                0x000000000000c030                _fuel_gauge_emul_driver_api_list_end = .

emul_sensor_driver_api_area
                0x000000000000c030        0x0
                0x000000000000c030                _emul_sensor_driver_api_list_start = .
 *(SORT_BY_NAME(SORT_BY_ALIGNMENT(._emul_sensor_driver_api.static.*)))
                0x000000000000c030                _emul_sensor_driver_api_list_end = .

entropy_driver_api_area
                0x000000000000c030        0x0
                0x000000000000c030                _entropy_driver_api_list_start = .
 *(SORT_BY_NAME(SORT_BY_ALIGNMENT(._entropy_driver_api.static.*)))
                0x000000000000c030                _entropy_driver_api_list_end = .

espi_driver_api_area
                0x000000000000c030        0x0
                0x000000000000c030                _espi_driver_api_list_start = .
 *(SORT_BY_NAME(SORT_BY_ALIGNMENT(._espi_driver_api.static.*)))
                0x000000000000c030                _espi_driver_api_list_end = .

espi_saf_driver_api_area
                0x000000000000c030        0x0
                0x000000000000c030                _espi_saf_driver_api_list_start = .
 *(SORT_BY_NAME(SORT_BY_ALIGNMENT(._espi_saf_driver_api.static.*)))
                0x000000000000c030                _espi_saf_driver_api_list_end = .

fpga_driver_api_area
                0x000000000000c030        0x0
                0x000000000000c030                _fpga_driver_api_list_start = .
 *(SORT_BY_NAME(SORT_BY_ALIGNMENT(._fpga_driver_api.static.*)))
                0x000000000000c030                _fpga_driver_api_list_end = .

fuel_gauge_driver_api_area
                0x000000000000c030        0x0
                0x000000000000c030                _fuel_gauge_driver_api_list_start = .
 *(SORT_BY_NAME(SORT_BY_ALIGNMENT(._fuel_gauge_driver_api.static.*)))
                0x000000000000c030                _fuel_gauge_driver_api_list_end = .

gnss_driver_api_area
                0x000000000000c030        0x0
                0x000000000000c030                _gnss_driver_api_list_start = .
 *(SORT_BY_NAME(SORT_BY_ALIGNMENT(._gnss_driver_api.static.*)))
                0x000000000000c030                _gnss_driver_api_list_end = .

haptics_driver_api_area
                0x000000000000c030        0x0
                0x000000000000c030                _haptics_driver_api_list_start = .
 *(SORT_BY_NAME(SORT_BY_ALIGNMENT(._haptics_driver_api.static.*)))
                0x000000000000c030                _haptics_driver_api_list_end = .

hwspinlock_driver_api_area
                0x000000000000c030        0x0
                0x000000000000c030                _hwspinlock_driver_api_list_start = .
 *(SORT_BY_NAME(SORT_BY_ALIGNMENT(._hwspinlock_driver_api.static.*)))
                0x000000000000c030                _hwspinlock_driver_api_list_end = .

i2c_driver_api_area
                0x000000000000c030        0x0
                0x000000000000c030                _i2c_driver_api_list_start = .
 *(SORT_BY_NAME(SORT_BY_ALIGNMENT(._i2c_driver_api.static.*)))
                0x000000000000c030                _i2c_driver_api_list_end = .

i2c_target_driver_api_area
                0x000000000000c030        0x0
                0x000000000000c030                _i2c_target_driver_api_list_start = .
 *(SORT_BY_NAME(SORT_BY_ALIGNMENT(._i2c_target_driver_api.static.*)))
                0x000000000000c030                _i2c_target_driver_api_list_end = .

i2s_driver_api_area
                0x000000000000c030        0x0
                0x000000000000c030                _i2s_driver_api_list_start = .
 *(SORT_BY_NAME(SORT_BY_ALIGNMENT(._i2s_driver_api.static.*)))
                0x000000000000c030                _i2s_driver_api_list_end = .

i3c_driver_api_area
                0x000000000000c030        0x0
                0x000000000000c030                _i3c_driver_api_list_start = .
 *(SORT_BY_NAME(SORT_BY_ALIGNMENT(._i3c_driver_api.static.*)))
                0x000000000000c030                _i3c_driver_api_list_end = .

ipm_driver_api_area
                0x000000000000c030        0x0
                0x000000000000c030                _ipm_driver_api_list_start = .
 *(SORT_BY_NAME(SORT_BY_ALIGNMENT(._ipm_driver_api.static.*)))
                0x000000000000c030                _ipm_driver_api_list_end = .

led_driver_api_area
                0x000000000000c030        0x0
                0x000000000000c030                _led_driver_api_list_start = .
 *(SORT_BY_NAME(SORT_BY_ALIGNMENT(._led_driver_api.static.*)))
                0x000000000000c030                _led_driver_api_list_end = .

led_strip_driver_api_area
                0x000000000000c030        0x0
                0x000000000000c030                _led_strip_driver_api_list_start = .
 *(SORT_BY_NAME(SORT_BY_ALIGNMENT(._led_strip_driver_api.static.*)))
                0x000000000000c030                _led_strip_driver_api_list_end = .

lora_driver_api_area
                0x000000000000c030        0x0
                0x000000000000c030                _lora_driver_api_list_start = .
 *(SORT_BY_NAME(SORT_BY_ALIGNMENT(._lora_driver_api.static.*)))
                0x000000000000c030                _lora_driver_api_list_end = .

mbox_driver_api_area
                0x000000000000c030        0x0
                0x000000000000c030                _mbox_driver_api_list_start = .
 *(SORT_BY_NAME(SORT_BY_ALIGNMENT(._mbox_driver_api.static.*)))
                0x000000000000c030                _mbox_driver_api_list_end = .

mdio_driver_api_area
                0x000000000000c030        0x0
                0x000000000000c030                _mdio_driver_api_list_start = .
 *(SORT_BY_NAME(SORT_BY_ALIGNMENT(._mdio_driver_api.static.*)))
                0x000000000000c030                _mdio_driver_api_list_end = .

mipi_dbi_driver_api_area
                0x000000000000c030        0x0
                0x000000000000c030                _mipi_dbi_driver_api_list_start = .
 *(SORT_BY_NAME(SORT_BY_ALIGNMENT(._mipi_dbi_driver_api.static.*)))
                0x000000000000c030                _mipi_dbi_driver_api_list_end = .

mipi_dsi_driver_api_area
                0x000000000000c030        0x0
                0x000000000000c030                _mipi_dsi_driver_api_list_start = .
 *(SORT_BY_NAME(SORT_BY_ALIGNMENT(._mipi_dsi_driver_api.static.*)))
                0x000000000000c030                _mipi_dsi_driver_api_list_end = .

mspi_driver_api_area
                0x000000000000c030        0x0
                0x000000000000c030                _mspi_driver_api_list_start = .
 *(SORT_BY_NAME(SORT_BY_ALIGNMENT(._mspi_driver_api.static.*)))
                0x000000000000c030                _mspi_driver_api_list_end = .

opamp_driver_api_area
                0x000000000000c030        0x0
                0x000000000000c030                _opamp_driver_api_list_start = .
 *(SORT_BY_NAME(SORT_BY_ALIGNMENT(._opamp_driver_api.static.*)))
                0x000000000000c030                _opamp_driver_api_list_end = .

peci_driver_api_area
                0x000000000000c030        0x0
                0x000000000000c030                _peci_driver_api_list_start = .
 *(SORT_BY_NAME(SORT_BY_ALIGNMENT(._peci_driver_api.static.*)))
                0x000000000000c030                _peci_driver_api_list_end = .

ps2_driver_api_area
                0x000000000000c030        0x0
                0x000000000000c030                _ps2_driver_api_list_start = .